Archive member included to satisfy reference by file (symbol)

c:/program files (x86)/atmel/studio/7.0/toolchain/avr8/avr8-gnu-toolchain/bin/../lib/gcc/avr/5.4.0/avr6\libgcc.a(_udivmodsi4.o)
                              drivers/hardwareSerial2.o (__udivmodsi4)
c:/program files (x86)/atmel/studio/7.0/toolchain/avr8/avr8-gnu-toolchain/bin/../lib/gcc/avr/5.4.0/avr6\libgcc.a(_exit.o)
                              C:/Program Files (x86)/Atmel/Studio/7.0/Packs/atmel/ATmega_DFP/1.3.300/gcc/dev/atmega2560/avr6/crtatmega2560.o (exit)
c:/program files (x86)/atmel/studio/7.0/toolchain/avr8/avr8-gnu-toolchain/bin/../lib/gcc/avr/5.4.0/avr6\libgcc.a(_tablejump2.o)
                              drivers/interrupts.o (__tablejump2__)
c:/program files (x86)/atmel/studio/7.0/toolchain/avr8/avr8-gnu-toolchain/bin/../lib/gcc/avr/5.4.0/avr6\libgcc.a(_copy_data.o)
                              drivers/adc.o (__do_copy_data)
c:/program files (x86)/atmel/studio/7.0/toolchain/avr8/avr8-gnu-toolchain/bin/../lib/gcc/avr/5.4.0/avr6\libgcc.a(_clear_bss.o)
                              bsp/lcd/lcd.o (__do_clear_bss)
c:/program files (x86)/atmel/studio/7.0/toolchain/avr8/avr8-gnu-toolchain/bin/../lib/gcc/avr/5.4.0/avr6\libgcc.a(_muluhisi3.o)
                              drivers/timers.o (__muluhisi3)
c:/program files (x86)/atmel/studio/7.0/toolchain/avr8/avr8-gnu-toolchain/bin/../lib/gcc/avr/5.4.0/avr6\libgcc.a(_umulhisi3.o)
                              c:/program files (x86)/atmel/studio/7.0/toolchain/avr8/avr8-gnu-toolchain/bin/../lib/gcc/avr/5.4.0/avr6\libgcc.a(_muluhisi3.o) (__umulhisi3)
c:/program files (x86)/atmel/studio/7.0/toolchain/avr8/avr8-gnu-toolchain/bin/../lib/gcc/avr/5.4.0/../../../../avr/lib/avr6\libc.a(itoa_ncheck.o)
                              main.o (__itoa_ncheck)
c:/program files (x86)/atmel/studio/7.0/toolchain/avr8/avr8-gnu-toolchain/bin/../lib/gcc/avr/5.4.0/../../../../avr/lib/avr6\libc.a(utoa_ncheck.o)
                              c:/program files (x86)/atmel/studio/7.0/toolchain/avr8/avr8-gnu-toolchain/bin/../lib/gcc/avr/5.4.0/../../../../avr/lib/avr6\libc.a(itoa_ncheck.o) (__utoa_common)
c:/program files (x86)/atmel/studio/7.0/toolchain/avr8/avr8-gnu-toolchain/bin/../lib/gcc/avr/5.4.0/../../../../avr/lib/avr6\libc.a(strrev.o)
                              c:/program files (x86)/atmel/studio/7.0/toolchain/avr8/avr8-gnu-toolchain/bin/../lib/gcc/avr/5.4.0/../../../../avr/lib/avr6\libc.a(utoa_ncheck.o) (strrev)

Allocating common symbols
Common symbol       size              file

_row_offsets        0x4               bsp/lcd/lcd.o
callbackPCINT0      0x2               drivers/pinChangeInterrupts.o
callbackPCINT18     0x2               drivers/pinChangeInterrupts.o
timer0_pin_mask     0x1               drivers/timers.o
timer3_pin_mask     0x1               drivers/timers.o
timer5_toggle_count
                    0x4               drivers/timers.o
callbackPCINT21     0x2               drivers/pinChangeInterrupts.o
callbackPCINT1      0x2               drivers/pinChangeInterrupts.o
callbackPCINT7      0x2               drivers/pinChangeInterrupts.o
timer2_pin_port     0x2               drivers/timers.o
timer4_pin_mask     0x1               drivers/timers.o
callbackPCINT16     0x2               drivers/pinChangeInterrupts.o
callbackPCINT19     0x2               drivers/pinChangeInterrupts.o
_tx_buffer_tail     0x1               drivers/adc.o
_displaycontrol     0x1               bsp/lcd/lcd.o
_numlines           0x1               bsp/lcd/lcd.o
callbackPCINT9      0x2               drivers/pinChangeInterrupts.o
callbackPCINT23     0x2               drivers/pinChangeInterrupts.o
_tx_buffer          0x40              drivers/adc.o
_data_pins          0x8               bsp/lcd/lcd.o
_rx_buffer          0x40              drivers/adc.o
_displaymode        0x1               bsp/lcd/lcd.o
_displayfunction    0x1               bsp/lcd/lcd.o
callbackPCINT11     0x2               drivers/pinChangeInterrupts.o
callbackPCINT6      0x2               drivers/pinChangeInterrupts.o
timer3_pin_port     0x2               drivers/timers.o
callbackPCINT8      0x2               drivers/pinChangeInterrupts.o
callbackPCINT2      0x2               drivers/pinChangeInterrupts.o
timer4_toggle_count
                    0x4               drivers/timers.o
callbackPCINT4      0x2               drivers/pinChangeInterrupts.o
callbackPCINT14     0x2               drivers/pinChangeInterrupts.o
_tx_buffer_head     0x1               drivers/adc.o
timer3_toggle_count
                    0x4               drivers/timers.o
callbackPCINT13     0x2               drivers/pinChangeInterrupts.o
timer2_pin_mask     0x1               drivers/timers.o
timer5_pin_port     0x2               drivers/timers.o
callbackPCINT10     0x2               drivers/pinChangeInterrupts.o
timer4_pin_port     0x2               drivers/timers.o
timer0_pin_port     0x2               drivers/timers.o
_startMillis        0x4               drivers/adc.o
_rx_buffer_tail     0x1               drivers/adc.o
callbackPCINT17     0x2               drivers/pinChangeInterrupts.o
_ttimeout           0x4               drivers/adc.o
timer1_toggle_count
                    0x4               drivers/timers.o
callbackPCINT5      0x2               drivers/pinChangeInterrupts.o
timer1_pin_mask     0x1               drivers/timers.o
callbackPCINT22     0x2               drivers/pinChangeInterrupts.o
timer1_pin_port     0x2               drivers/timers.o
timer0_toggle_count
                    0x4               drivers/timers.o
timer5_pin_mask     0x1               drivers/timers.o
callbackPCINT15     0x2               drivers/pinChangeInterrupts.o
callbackPCINT3      0x2               drivers/pinChangeInterrupts.o
timer2_toggle_count
                    0x4               drivers/timers.o
_initialized        0x1               bsp/lcd/lcd.o
callbackPCINT12     0x2               drivers/pinChangeInterrupts.o
_rx_buffer_head     0x1               drivers/adc.o
callbackPCINT20     0x2               drivers/pinChangeInterrupts.o

Discarded input sections

 .data          0x00000000        0x0 C:/Program Files (x86)/Atmel/Studio/7.0/Packs/atmel/ATmega_DFP/1.3.300/gcc/dev/atmega2560/avr6/crtatmega2560.o
 .bss           0x00000000        0x0 C:/Program Files (x86)/Atmel/Studio/7.0/Packs/atmel/ATmega_DFP/1.3.300/gcc/dev/atmega2560/avr6/crtatmega2560.o
 .text          0x00000000        0x0 bsp/lcd/lcd.o
 .data          0x00000000        0x0 bsp/lcd/lcd.o
 .bss           0x00000000        0x0 bsp/lcd/lcd.o
 .text.lcd_setRowOffsets
                0x00000000        0xe bsp/lcd/lcd.o
 .text.lcd_home
                0x00000000       0x14 bsp/lcd/lcd.o
 .text.lcd_display_off
                0x00000000       0x12 bsp/lcd/lcd.o
 .text.lcd_noCursor
                0x00000000       0x12 bsp/lcd/lcd.o
 .text.lcd_cursor
                0x00000000       0x14 bsp/lcd/lcd.o
 .text.lcd_noBlink
                0x00000000       0x12 bsp/lcd/lcd.o
 .text.lcd_blink
                0x00000000       0x14 bsp/lcd/lcd.o
 .text.lcd_scrollDisplayLeft
                0x00000000        0x8 bsp/lcd/lcd.o
 .text.lcd_scrollDisplayRight
                0x00000000        0x8 bsp/lcd/lcd.o
 .text.lcd_leftToRight
                0x00000000       0x14 bsp/lcd/lcd.o
 .text.lcd_rightToLeft
                0x00000000       0x12 bsp/lcd/lcd.o
 .text.lcd_autoscroll
                0x00000000       0x14 bsp/lcd/lcd.o
 .text.lcd_noAutoscroll
                0x00000000       0x12 bsp/lcd/lcd.o
 .text.lcd_createChar
                0x00000000       0x34 bsp/lcd/lcd.o
 .text          0x00000000        0x0 drivers/adc.o
 .data          0x00000000        0x0 drivers/adc.o
 .bss           0x00000000        0x0 drivers/adc.o
 .text.analogReference
                0x00000000        0x6 drivers/adc.o
 .text          0x00000000        0x0 drivers/gpio.o
 .data          0x00000000        0x0 drivers/gpio.o
 .bss           0x00000000        0x0 drivers/gpio.o
 .text.digitalRead
                0x00000000       0x3a drivers/gpio.o
 .text          0x00000000        0x0 drivers/interrupts.o
 .data          0x00000000        0x0 drivers/interrupts.o
 .bss           0x00000000        0x0 drivers/interrupts.o
 .text.detachInterrupt
                0x00000000       0x52 drivers/interrupts.o
 .progmem.gcc_sw_table.detachInterrupt
                0x00000000       0x10 drivers/interrupts.o
 .text          0x00000000        0x0 drivers/pinChangeInterrupts.o
 .data          0x00000000        0x0 drivers/pinChangeInterrupts.o
 .bss           0x00000000        0x0 drivers/pinChangeInterrupts.o
 .text.pcint_null_callback
                0x00000000        0x2 drivers/pinChangeInterrupts.o
 .text.disablePinChangeInterruptHelper
                0x00000000       0x7a drivers/pinChangeInterrupts.o
 .text.detachPinChangeInterrupt
                0x00000000      0x202 drivers/pinChangeInterrupts.o
 .text          0x00000000        0x0 drivers/pwm.o
 .data          0x00000000        0x0 drivers/pwm.o
 .bss           0x00000000        0x0 drivers/pwm.o
 .text          0x00000000        0x0 drivers/hardwareSerial2.o
 .data          0x00000000        0x0 drivers/hardwareSerial2.o
 .bss           0x00000000        0x0 drivers/hardwareSerial2.o
 .text.Serial2_setTimeout
                0x00000000       0x12 drivers/hardwareSerial2.o
 .text.Serial2_readBytes
                0x00000000       0x44 drivers/hardwareSerial2.o
 .text.Serial2_readBytesUntil
                0x00000000       0x5a drivers/hardwareSerial2.o
 .text.Serial2_flush
                0x00000000       0x40 drivers/hardwareSerial2.o
 .text.Serial2_end
                0x00000000       0x2a drivers/hardwareSerial2.o
 .text          0x00000000        0x0 drivers/timer0_millis.o
 .data          0x00000000        0x0 drivers/timer0_millis.o
 .bss           0x00000000        0x0 drivers/timer0_millis.o
 .text.delay_us
                0x00000000       0x16 drivers/timer0_millis.o
 .text          0x00000000        0x0 drivers/pins_2560.o
 .data          0x00000000        0x0 drivers/pins_2560.o
 .bss           0x00000000        0x0 drivers/pins_2560.o
 .progmem.data.port_to_input_PGM
                0x00000000       0x1a drivers/pins_2560.o
 .text          0x00000000        0x0 drivers/timers.o
 .data          0x00000000        0x0 drivers/timers.o
 .bss           0x00000000        0x0 drivers/timers.o
 .text.tone     0x00000000      0x6fc drivers/timers.o
 .text.noTone   0x00000000       0x2c drivers/timers.o
 .data.tone_pins
                0x00000000        0x1 drivers/timers.o
 .progmem.data.tone_pin_to_timer_PGM
                0x00000000        0x1 drivers/timers.o
 .text          0x00000000        0x0 main.o
 .data          0x00000000        0x0 main.o
 .bss           0x00000000        0x0 main.o
 .data.noteDurations
                0x00000000       0x10 main.o
 .data.melody   0x00000000       0x10 main.o
 .bss.time_now  0x00000000        0x4 main.o
 .data.period   0x00000000        0x4 main.o
 .text          0x00000000        0x0 c:/program files (x86)/atmel/studio/7.0/toolchain/avr8/avr8-gnu-toolchain/bin/../lib/gcc/avr/5.4.0/avr6\libgcc.a(_udivmodsi4.o)
 .data          0x00000000        0x0 c:/program files (x86)/atmel/studio/7.0/toolchain/avr8/avr8-gnu-toolchain/bin/../lib/gcc/avr/5.4.0/avr6\libgcc.a(_udivmodsi4.o)
 .bss           0x00000000        0x0 c:/program files (x86)/atmel/studio/7.0/toolchain/avr8/avr8-gnu-toolchain/bin/../lib/gcc/avr/5.4.0/avr6\libgcc.a(_udivmodsi4.o)
 .text.libgcc.mul
                0x00000000        0x0 c:/program files (x86)/atmel/studio/7.0/toolchain/avr8/avr8-gnu-toolchain/bin/../lib/gcc/avr/5.4.0/avr6\libgcc.a(_udivmodsi4.o)
 .text.libgcc   0x00000000        0x0 c:/program files (x86)/atmel/studio/7.0/toolchain/avr8/avr8-gnu-toolchain/bin/../lib/gcc/avr/5.4.0/avr6\libgcc.a(_udivmodsi4.o)
 .text.libgcc.prologue
                0x00000000        0x0 c:/program files (x86)/atmel/studio/7.0/toolchain/avr8/avr8-gnu-toolchain/bin/../lib/gcc/avr/5.4.0/avr6\libgcc.a(_udivmodsi4.o)
 .text.libgcc.builtins
                0x00000000        0x0 c:/program files (x86)/atmel/studio/7.0/toolchain/avr8/avr8-gnu-toolchain/bin/../lib/gcc/avr/5.4.0/avr6\libgcc.a(_udivmodsi4.o)
 .text.libgcc.fmul
                0x00000000        0x0 c:/program files (x86)/atmel/studio/7.0/toolchain/avr8/avr8-gnu-toolchain/bin/../lib/gcc/avr/5.4.0/avr6\libgcc.a(_udivmodsi4.o)
 .text.libgcc.fixed
                0x00000000        0x0 c:/program files (x86)/atmel/studio/7.0/toolchain/avr8/avr8-gnu-toolchain/bin/../lib/gcc/avr/5.4.0/avr6\libgcc.a(_udivmodsi4.o)
 .text          0x00000000        0x0 c:/program files (x86)/atmel/studio/7.0/toolchain/avr8/avr8-gnu-toolchain/bin/../lib/gcc/avr/5.4.0/avr6\libgcc.a(_exit.o)
 .data          0x00000000        0x0 c:/program files (x86)/atmel/studio/7.0/toolchain/avr8/avr8-gnu-toolchain/bin/../lib/gcc/avr/5.4.0/avr6\libgcc.a(_exit.o)
 .bss           0x00000000        0x0 c:/program files (x86)/atmel/studio/7.0/toolchain/avr8/avr8-gnu-toolchain/bin/../lib/gcc/avr/5.4.0/avr6\libgcc.a(_exit.o)
 .text.libgcc.mul
                0x00000000        0x0 c:/program files (x86)/atmel/studio/7.0/toolchain/avr8/avr8-gnu-toolchain/bin/../lib/gcc/avr/5.4.0/avr6\libgcc.a(_exit.o)
 .text.libgcc.div
                0x00000000        0x0 c:/program files (x86)/atmel/studio/7.0/toolchain/avr8/avr8-gnu-toolchain/bin/../lib/gcc/avr/5.4.0/avr6\libgcc.a(_exit.o)
 .text.libgcc   0x00000000        0x0 c:/program files (x86)/atmel/studio/7.0/toolchain/avr8/avr8-gnu-toolchain/bin/../lib/gcc/avr/5.4.0/avr6\libgcc.a(_exit.o)
 .text.libgcc.prologue
                0x00000000        0x0 c:/program files (x86)/atmel/studio/7.0/toolchain/avr8/avr8-gnu-toolchain/bin/../lib/gcc/avr/5.4.0/avr6\libgcc.a(_exit.o)
 .text.libgcc.builtins
                0x00000000        0x0 c:/program files (x86)/atmel/studio/7.0/toolchain/avr8/avr8-gnu-toolchain/bin/../lib/gcc/avr/5.4.0/avr6\libgcc.a(_exit.o)
 .text.libgcc.fmul
                0x00000000        0x0 c:/program files (x86)/atmel/studio/7.0/toolchain/avr8/avr8-gnu-toolchain/bin/../lib/gcc/avr/5.4.0/avr6\libgcc.a(_exit.o)
 .text.libgcc.fixed
                0x00000000        0x0 c:/program files (x86)/atmel/studio/7.0/toolchain/avr8/avr8-gnu-toolchain/bin/../lib/gcc/avr/5.4.0/avr6\libgcc.a(_exit.o)
 .text          0x00000000        0x0 c:/program files (x86)/atmel/studio/7.0/toolchain/avr8/avr8-gnu-toolchain/bin/../lib/gcc/avr/5.4.0/avr6\libgcc.a(_tablejump2.o)
 .data          0x00000000        0x0 c:/program files (x86)/atmel/studio/7.0/toolchain/avr8/avr8-gnu-toolchain/bin/../lib/gcc/avr/5.4.0/avr6\libgcc.a(_tablejump2.o)
 .bss           0x00000000        0x0 c:/program files (x86)/atmel/studio/7.0/toolchain/avr8/avr8-gnu-toolchain/bin/../lib/gcc/avr/5.4.0/avr6\libgcc.a(_tablejump2.o)
 .text.libgcc.mul
                0x00000000        0x0 c:/program files (x86)/atmel/studio/7.0/toolchain/avr8/avr8-gnu-toolchain/bin/../lib/gcc/avr/5.4.0/avr6\libgcc.a(_tablejump2.o)
 .text.libgcc.div
                0x00000000        0x0 c:/program files (x86)/atmel/studio/7.0/toolchain/avr8/avr8-gnu-toolchain/bin/../lib/gcc/avr/5.4.0/avr6\libgcc.a(_tablejump2.o)
 .text.libgcc.prologue
                0x00000000        0x0 c:/program files (x86)/atmel/studio/7.0/toolchain/avr8/avr8-gnu-toolchain/bin/../lib/gcc/avr/5.4.0/avr6\libgcc.a(_tablejump2.o)
 .text.libgcc.builtins
                0x00000000        0x0 c:/program files (x86)/atmel/studio/7.0/toolchain/avr8/avr8-gnu-toolchain/bin/../lib/gcc/avr/5.4.0/avr6\libgcc.a(_tablejump2.o)
 .text.libgcc.fmul
                0x00000000        0x0 c:/program files (x86)/atmel/studio/7.0/toolchain/avr8/avr8-gnu-toolchain/bin/../lib/gcc/avr/5.4.0/avr6\libgcc.a(_tablejump2.o)
 .text.libgcc.fixed
                0x00000000        0x0 c:/program files (x86)/atmel/studio/7.0/toolchain/avr8/avr8-gnu-toolchain/bin/../lib/gcc/avr/5.4.0/avr6\libgcc.a(_tablejump2.o)
 .text          0x00000000        0x0 c:/program files (x86)/atmel/studio/7.0/toolchain/avr8/avr8-gnu-toolchain/bin/../lib/gcc/avr/5.4.0/avr6\libgcc.a(_copy_data.o)
 .data          0x00000000        0x0 c:/program files (x86)/atmel/studio/7.0/toolchain/avr8/avr8-gnu-toolchain/bin/../lib/gcc/avr/5.4.0/avr6\libgcc.a(_copy_data.o)
 .bss           0x00000000        0x0 c:/program files (x86)/atmel/studio/7.0/toolchain/avr8/avr8-gnu-toolchain/bin/../lib/gcc/avr/5.4.0/avr6\libgcc.a(_copy_data.o)
 .text.libgcc.mul
                0x00000000        0x0 c:/program files (x86)/atmel/studio/7.0/toolchain/avr8/avr8-gnu-toolchain/bin/../lib/gcc/avr/5.4.0/avr6\libgcc.a(_copy_data.o)
 .text.libgcc.div
                0x00000000        0x0 c:/program files (x86)/atmel/studio/7.0/toolchain/avr8/avr8-gnu-toolchain/bin/../lib/gcc/avr/5.4.0/avr6\libgcc.a(_copy_data.o)
 .text.libgcc   0x00000000        0x0 c:/program files (x86)/atmel/studio/7.0/toolchain/avr8/avr8-gnu-toolchain/bin/../lib/gcc/avr/5.4.0/avr6\libgcc.a(_copy_data.o)
 .text.libgcc.prologue
                0x00000000        0x0 c:/program files (x86)/atmel/studio/7.0/toolchain/avr8/avr8-gnu-toolchain/bin/../lib/gcc/avr/5.4.0/avr6\libgcc.a(_copy_data.o)
 .text.libgcc.builtins
                0x00000000        0x0 c:/program files (x86)/atmel/studio/7.0/toolchain/avr8/avr8-gnu-toolchain/bin/../lib/gcc/avr/5.4.0/avr6\libgcc.a(_copy_data.o)
 .text.libgcc.fmul
                0x00000000        0x0 c:/program files (x86)/atmel/studio/7.0/toolchain/avr8/avr8-gnu-toolchain/bin/../lib/gcc/avr/5.4.0/avr6\libgcc.a(_copy_data.o)
 .text.libgcc.fixed
                0x00000000        0x0 c:/program files (x86)/atmel/studio/7.0/toolchain/avr8/avr8-gnu-toolchain/bin/../lib/gcc/avr/5.4.0/avr6\libgcc.a(_copy_data.o)
 .text          0x00000000        0x0 c:/program files (x86)/atmel/studio/7.0/toolchain/avr8/avr8-gnu-toolchain/bin/../lib/gcc/avr/5.4.0/avr6\libgcc.a(_clear_bss.o)
 .data          0x00000000        0x0 c:/program files (x86)/atmel/studio/7.0/toolchain/avr8/avr8-gnu-toolchain/bin/../lib/gcc/avr/5.4.0/avr6\libgcc.a(_clear_bss.o)
 .bss           0x00000000        0x0 c:/program files (x86)/atmel/studio/7.0/toolchain/avr8/avr8-gnu-toolchain/bin/../lib/gcc/avr/5.4.0/avr6\libgcc.a(_clear_bss.o)
 .text.libgcc.mul
                0x00000000        0x0 c:/program files (x86)/atmel/studio/7.0/toolchain/avr8/avr8-gnu-toolchain/bin/../lib/gcc/avr/5.4.0/avr6\libgcc.a(_clear_bss.o)
 .text.libgcc.div
                0x00000000        0x0 c:/program files (x86)/atmel/studio/7.0/toolchain/avr8/avr8-gnu-toolchain/bin/../lib/gcc/avr/5.4.0/avr6\libgcc.a(_clear_bss.o)
 .text.libgcc   0x00000000        0x0 c:/program files (x86)/atmel/studio/7.0/toolchain/avr8/avr8-gnu-toolchain/bin/../lib/gcc/avr/5.4.0/avr6\libgcc.a(_clear_bss.o)
 .text.libgcc.prologue
                0x00000000        0x0 c:/program files (x86)/atmel/studio/7.0/toolchain/avr8/avr8-gnu-toolchain/bin/../lib/gcc/avr/5.4.0/avr6\libgcc.a(_clear_bss.o)
 .text.libgcc.builtins
                0x00000000        0x0 c:/program files (x86)/atmel/studio/7.0/toolchain/avr8/avr8-gnu-toolchain/bin/../lib/gcc/avr/5.4.0/avr6\libgcc.a(_clear_bss.o)
 .text.libgcc.fmul
                0x00000000        0x0 c:/program files (x86)/atmel/studio/7.0/toolchain/avr8/avr8-gnu-toolchain/bin/../lib/gcc/avr/5.4.0/avr6\libgcc.a(_clear_bss.o)
 .text.libgcc.fixed
                0x00000000        0x0 c:/program files (x86)/atmel/studio/7.0/toolchain/avr8/avr8-gnu-toolchain/bin/../lib/gcc/avr/5.4.0/avr6\libgcc.a(_clear_bss.o)
 .text          0x00000000        0x0 c:/program files (x86)/atmel/studio/7.0/toolchain/avr8/avr8-gnu-toolchain/bin/../lib/gcc/avr/5.4.0/avr6\libgcc.a(_muluhisi3.o)
 .data          0x00000000        0x0 c:/program files (x86)/atmel/studio/7.0/toolchain/avr8/avr8-gnu-toolchain/bin/../lib/gcc/avr/5.4.0/avr6\libgcc.a(_muluhisi3.o)
 .bss           0x00000000        0x0 c:/program files (x86)/atmel/studio/7.0/toolchain/avr8/avr8-gnu-toolchain/bin/../lib/gcc/avr/5.4.0/avr6\libgcc.a(_muluhisi3.o)
 .text.libgcc.mul
                0x00000000       0x16 c:/program files (x86)/atmel/studio/7.0/toolchain/avr8/avr8-gnu-toolchain/bin/../lib/gcc/avr/5.4.0/avr6\libgcc.a(_muluhisi3.o)
 .text.libgcc.div
                0x00000000        0x0 c:/program files (x86)/atmel/studio/7.0/toolchain/avr8/avr8-gnu-toolchain/bin/../lib/gcc/avr/5.4.0/avr6\libgcc.a(_muluhisi3.o)
 .text.libgcc   0x00000000        0x0 c:/program files (x86)/atmel/studio/7.0/toolchain/avr8/avr8-gnu-toolchain/bin/../lib/gcc/avr/5.4.0/avr6\libgcc.a(_muluhisi3.o)
 .text.libgcc.prologue
                0x00000000        0x0 c:/program files (x86)/atmel/studio/7.0/toolchain/avr8/avr8-gnu-toolchain/bin/../lib/gcc/avr/5.4.0/avr6\libgcc.a(_muluhisi3.o)
 .text.libgcc.builtins
                0x00000000        0x0 c:/program files (x86)/atmel/studio/7.0/toolchain/avr8/avr8-gnu-toolchain/bin/../lib/gcc/avr/5.4.0/avr6\libgcc.a(_muluhisi3.o)
 .text.libgcc.fmul
                0x00000000        0x0 c:/program files (x86)/atmel/studio/7.0/toolchain/avr8/avr8-gnu-toolchain/bin/../lib/gcc/avr/5.4.0/avr6\libgcc.a(_muluhisi3.o)
 .text.libgcc.fixed
                0x00000000        0x0 c:/program files (x86)/atmel/studio/7.0/toolchain/avr8/avr8-gnu-toolchain/bin/../lib/gcc/avr/5.4.0/avr6\libgcc.a(_muluhisi3.o)
 .text          0x00000000        0x0 c:/program files (x86)/atmel/studio/7.0/toolchain/avr8/avr8-gnu-toolchain/bin/../lib/gcc/avr/5.4.0/avr6\libgcc.a(_umulhisi3.o)
 .data          0x00000000        0x0 c:/program files (x86)/atmel/studio/7.0/toolchain/avr8/avr8-gnu-toolchain/bin/../lib/gcc/avr/5.4.0/avr6\libgcc.a(_umulhisi3.o)
 .bss           0x00000000        0x0 c:/program files (x86)/atmel/studio/7.0/toolchain/avr8/avr8-gnu-toolchain/bin/../lib/gcc/avr/5.4.0/avr6\libgcc.a(_umulhisi3.o)
 .text.libgcc.mul
                0x00000000       0x1e c:/program files (x86)/atmel/studio/7.0/toolchain/avr8/avr8-gnu-toolchain/bin/../lib/gcc/avr/5.4.0/avr6\libgcc.a(_umulhisi3.o)
 .text.libgcc.div
                0x00000000        0x0 c:/program files (x86)/atmel/studio/7.0/toolchain/avr8/avr8-gnu-toolchain/bin/../lib/gcc/avr/5.4.0/avr6\libgcc.a(_umulhisi3.o)
 .text.libgcc   0x00000000        0x0 c:/program files (x86)/atmel/studio/7.0/toolchain/avr8/avr8-gnu-toolchain/bin/../lib/gcc/avr/5.4.0/avr6\libgcc.a(_umulhisi3.o)
 .text.libgcc.prologue
                0x00000000        0x0 c:/program files (x86)/atmel/studio/7.0/toolchain/avr8/avr8-gnu-toolchain/bin/../lib/gcc/avr/5.4.0/avr6\libgcc.a(_umulhisi3.o)
 .text.libgcc.builtins
                0x00000000        0x0 c:/program files (x86)/atmel/studio/7.0/toolchain/avr8/avr8-gnu-toolchain/bin/../lib/gcc/avr/5.4.0/avr6\libgcc.a(_umulhisi3.o)
 .text.libgcc.fmul
                0x00000000        0x0 c:/program files (x86)/atmel/studio/7.0/toolchain/avr8/avr8-gnu-toolchain/bin/../lib/gcc/avr/5.4.0/avr6\libgcc.a(_umulhisi3.o)
 .text.libgcc.fixed
                0x00000000        0x0 c:/program files (x86)/atmel/studio/7.0/toolchain/avr8/avr8-gnu-toolchain/bin/../lib/gcc/avr/5.4.0/avr6\libgcc.a(_umulhisi3.o)
 .text          0x00000000        0x0 c:/program files (x86)/atmel/studio/7.0/toolchain/avr8/avr8-gnu-toolchain/bin/../lib/gcc/avr/5.4.0/../../../../avr/lib/avr6\libc.a(itoa_ncheck.o)
 .data          0x00000000        0x0 c:/program files (x86)/atmel/studio/7.0/toolchain/avr8/avr8-gnu-toolchain/bin/../lib/gcc/avr/5.4.0/../../../../avr/lib/avr6\libc.a(itoa_ncheck.o)
 .bss           0x00000000        0x0 c:/program files (x86)/atmel/studio/7.0/toolchain/avr8/avr8-gnu-toolchain/bin/../lib/gcc/avr/5.4.0/../../../../avr/lib/avr6\libc.a(itoa_ncheck.o)
 .text          0x00000000        0x0 c:/program files (x86)/atmel/studio/7.0/toolchain/avr8/avr8-gnu-toolchain/bin/../lib/gcc/avr/5.4.0/../../../../avr/lib/avr6\libc.a(utoa_ncheck.o)
 .data          0x00000000        0x0 c:/program files (x86)/atmel/studio/7.0/toolchain/avr8/avr8-gnu-toolchain/bin/../lib/gcc/avr/5.4.0/../../../../avr/lib/avr6\libc.a(utoa_ncheck.o)
 .bss           0x00000000        0x0 c:/program files (x86)/atmel/studio/7.0/toolchain/avr8/avr8-gnu-toolchain/bin/../lib/gcc/avr/5.4.0/../../../../avr/lib/avr6\libc.a(utoa_ncheck.o)
 .text          0x00000000        0x0 c:/program files (x86)/atmel/studio/7.0/toolchain/avr8/avr8-gnu-toolchain/bin/../lib/gcc/avr/5.4.0/../../../../avr/lib/avr6\libc.a(strrev.o)
 .data          0x00000000        0x0 c:/program files (x86)/atmel/studio/7.0/toolchain/avr8/avr8-gnu-toolchain/bin/../lib/gcc/avr/5.4.0/../../../../avr/lib/avr6\libc.a(strrev.o)
 .bss           0x00000000        0x0 c:/program files (x86)/atmel/studio/7.0/toolchain/avr8/avr8-gnu-toolchain/bin/../lib/gcc/avr/5.4.0/../../../../avr/lib/avr6\libc.a(strrev.o)

Memory Configuration

Name             Origin             Length             Attributes
text             0x00000000         0x00100000         xr
data             0x00800200         0x0000fe00         rw !x
eeprom           0x00810000         0x00010000         rw !x
fuse             0x00820000         0x00000003         rw !x
lock             0x00830000         0x00000400         rw !x
signature        0x00840000         0x00000400         rw !x
user_signatures  0x00850000         0x00000400         rw !x
*default*        0x00000000         0xffffffff

Linker script and memory map

Address of section .data set to 0x800200
LOAD C:/Program Files (x86)/Atmel/Studio/7.0/Packs/atmel/ATmega_DFP/1.3.300/gcc/dev/atmega2560/avr6/crtatmega2560.o
LOAD bsp/lcd/lcd.o
LOAD drivers/adc.o
LOAD drivers/gpio.o
LOAD drivers/interrupts.o
LOAD drivers/pinChangeInterrupts.o
LOAD drivers/pwm.o
LOAD drivers/hardwareSerial2.o
LOAD drivers/timer0_millis.o
LOAD drivers/pins_2560.o
LOAD drivers/timers.o
LOAD main.o
START GROUP
LOAD c:/program files (x86)/atmel/studio/7.0/toolchain/avr8/avr8-gnu-toolchain/bin/../lib/gcc/avr/5.4.0/../../../../avr/lib/avr6\libm.a
END GROUP
START GROUP
LOAD c:/program files (x86)/atmel/studio/7.0/toolchain/avr8/avr8-gnu-toolchain/bin/../lib/gcc/avr/5.4.0/avr6\libgcc.a
LOAD c:/program files (x86)/atmel/studio/7.0/toolchain/avr8/avr8-gnu-toolchain/bin/../lib/gcc/avr/5.4.0/../../../../avr/lib/avr6\libm.a
LOAD c:/program files (x86)/atmel/studio/7.0/toolchain/avr8/avr8-gnu-toolchain/bin/../lib/gcc/avr/5.4.0/../../../../avr/lib/avr6\libc.a
LOAD C:/Program Files (x86)/Atmel/Studio/7.0/Packs/atmel/ATmega_DFP/1.3.300/gcc/dev/atmega2560/avr6\libatmega2560.a
END GROUP
                0x00000000                __TEXT_REGION_ORIGIN__ = DEFINED (__TEXT_REGION_ORIGIN__)?__TEXT_REGION_ORIGIN__:0x0
                0x00800200                __DATA_REGION_ORIGIN__ = DEFINED (__DATA_REGION_ORIGIN__)?__DATA_REGION_ORIGIN__:0x800200
                0x00100000                __TEXT_REGION_LENGTH__ = DEFINED (__TEXT_REGION_LENGTH__)?__TEXT_REGION_LENGTH__:0x100000
                0x0000fe00                __DATA_REGION_LENGTH__ = DEFINED (__DATA_REGION_LENGTH__)?__DATA_REGION_LENGTH__:0xfe00
                0x00010000                __EEPROM_REGION_LENGTH__ = DEFINED (__EEPROM_REGION_LENGTH__)?__EEPROM_REGION_LENGTH__:0x10000
                [0x00000003]                __FUSE_REGION_LENGTH__ = DEFINED (__FUSE_REGION_LENGTH__)?__FUSE_REGION_LENGTH__:0x400
                0x00000400                __LOCK_REGION_LENGTH__ = DEFINED (__LOCK_REGION_LENGTH__)?__LOCK_REGION_LENGTH__:0x400
                0x00000400                __SIGNATURE_REGION_LENGTH__ = DEFINED (__SIGNATURE_REGION_LENGTH__)?__SIGNATURE_REGION_LENGTH__:0x400
                0x00000400                __USER_SIGNATURE_REGION_LENGTH__ = DEFINED (__USER_SIGNATURE_REGION_LENGTH__)?__USER_SIGNATURE_REGION_LENGTH__:0x400

.hash
 *(.hash)

.dynsym
 *(.dynsym)

.dynstr
 *(.dynstr)

.gnu.version
 *(.gnu.version)

.gnu.version_d
 *(.gnu.version_d)

.gnu.version_r
 *(.gnu.version_r)

.rel.init
 *(.rel.init)

.rela.init
 *(.rela.init)

.rel.text
 *(.rel.text)
 *(.rel.text.*)
 *(.rel.gnu.linkonce.t*)

.rela.text
 *(.rela.text)
 *(.rela.text.*)
 *(.rela.gnu.linkonce.t*)

.rel.fini
 *(.rel.fini)

.rela.fini
 *(.rela.fini)

.rel.rodata
 *(.rel.rodata)
 *(.rel.rodata.*)
 *(.rel.gnu.linkonce.r*)

.rela.rodata
 *(.rela.rodata)
 *(.rela.rodata.*)
 *(.rela.gnu.linkonce.r*)

.rel.data
 *(.rel.data)
 *(.rel.data.*)
 *(.rel.gnu.linkonce.d*)

.rela.data
 *(.rela.data)
 *(.rela.data.*)
 *(.rela.gnu.linkonce.d*)

.rel.ctors
 *(.rel.ctors)

.rela.ctors
 *(.rela.ctors)

.rel.dtors
 *(.rel.dtors)

.rela.dtors
 *(.rela.dtors)

.rel.got
 *(.rel.got)

.rela.got
 *(.rela.got)

.rel.bss
 *(.rel.bss)

.rela.bss
 *(.rela.bss)

.rel.plt
 *(.rel.plt)

.rela.plt
 *(.rela.plt)

.text           0x00000000     0x1a5e
 *(.vectors)
 .vectors       0x00000000       0xe4 C:/Program Files (x86)/Atmel/Studio/7.0/Packs/atmel/ATmega_DFP/1.3.300/gcc/dev/atmega2560/avr6/crtatmega2560.o
                0x00000000                __vector_default
                0x00000000                __vectors
 *(.vectors)
 *(.progmem.gcc*)
 .progmem.gcc_sw_table.attachInterrupt
                0x000000e4       0x10 drivers/interrupts.o
 .progmem.gcc_sw_table.analogWrite
                0x000000f4       0x24 drivers/pwm.o
                0x00000118                . = ALIGN (0x2)
                0x00000118                __trampolines_start = .
 *(.trampolines)
 .trampolines   0x00000118        0x0 linker stubs
 *(.trampolines*)
                0x00000118                __trampolines_end = .
 *libprintf_flt.a:*(.progmem.data)
 *libc.a:*(.progmem.data)
 *(.progmem*)
 .progmem.data.pin_to_timer_PGM
                0x00000118       0x65 drivers/pins_2560.o
                0x00000118                pin_to_timer_PGM
 .progmem.data.pin_to_bit_mask_PGM
                0x0000017d       0x65 drivers/pins_2560.o
                0x0000017d                pin_to_bit_mask_PGM
 .progmem.data.pin_to_port_PGM
                0x000001e2       0x65 drivers/pins_2560.o
                0x000001e2                pin_to_port_PGM
 .progmem.data.port_to_output_PGM
                0x00000247       0x1a drivers/pins_2560.o
                0x00000247                port_to_output_PGM
 .progmem.data.port_to_ddr_PGM
                0x00000261       0x1a drivers/pins_2560.o
                0x00000261                port_to_ddr_PGM
                0x0000027c                . = ALIGN (0x2)
 *fill*         0x0000027b        0x1 
 *(.jumptables)
 *(.jumptables*)
 *(.lowtext)
 *(.lowtext*)
                0x0000027c                __ctors_start = .
 *(.ctors)
                0x0000027c                __ctors_end = .
                0x0000027c                __dtors_start = .
 *(.dtors)
                0x0000027c                __dtors_end = .
 SORT(*)(.ctors)
 SORT(*)(.dtors)
 *(.init0)
 .init0         0x0000027c        0x0 C:/Program Files (x86)/Atmel/Studio/7.0/Packs/atmel/ATmega_DFP/1.3.300/gcc/dev/atmega2560/avr6/crtatmega2560.o
                0x0000027c                __init
 *(.init0)
 *(.init1)
 *(.init1)
 *(.init2)
 .init2         0x0000027c       0x10 C:/Program Files (x86)/Atmel/Studio/7.0/Packs/atmel/ATmega_DFP/1.3.300/gcc/dev/atmega2560/avr6/crtatmega2560.o
 *(.init2)
 *(.init3)
 *(.init3)
 *(.init4)
 .init4         0x0000028c       0x1a c:/program files (x86)/atmel/studio/7.0/toolchain/avr8/avr8-gnu-toolchain/bin/../lib/gcc/avr/5.4.0/avr6\libgcc.a(_copy_data.o)
                0x0000028c                __do_copy_data
 .init4         0x000002a6       0x10 c:/program files (x86)/atmel/studio/7.0/toolchain/avr8/avr8-gnu-toolchain/bin/../lib/gcc/avr/5.4.0/avr6\libgcc.a(_clear_bss.o)
                0x000002a6                __do_clear_bss
 *(.init4)
 *(.init5)
 *(.init5)
 *(.init6)
 *(.init6)
 *(.init7)
 *(.init7)
 *(.init8)
 *(.init8)
 *(.init9)
 .init9         0x000002b6        0x8 C:/Program Files (x86)/Atmel/Studio/7.0/Packs/atmel/ATmega_DFP/1.3.300/gcc/dev/atmega2560/avr6/crtatmega2560.o
 *(.init9)
 *(.text)
 .text          0x000002be        0x2 C:/Program Files (x86)/Atmel/Studio/7.0/Packs/atmel/ATmega_DFP/1.3.300/gcc/dev/atmega2560/avr6/crtatmega2560.o
                0x000002be                __vector_38
                0x000002be                __vector_22
                0x000002be                __vector_28
                0x000002be                __vector_34
                0x000002be                __vector_24
                0x000002be                __vector_12
                0x000002be                __vector_55
                0x000002be                __vector_46
                0x000002be                __bad_interrupt
                0x000002be                __vector_31
                0x000002be                __vector_35
                0x000002be                __vector_39
                0x000002be                __vector_30
                0x000002be                __vector_45
                0x000002be                __vector_25
                0x000002be                __vector_54
                0x000002be                __vector_13
                0x000002be                __vector_17
                0x000002be                __vector_19
                0x000002be                __vector_56
                0x000002be                __vector_49
                0x000002be                __vector_41
                0x000002be                __vector_43
                0x000002be                __vector_27
                0x000002be                __vector_33
                0x000002be                __vector_47
                0x000002be                __vector_37
                0x000002be                __vector_44
                0x000002be                __vector_21
                0x000002be                __vector_15
                0x000002be                __vector_36
                0x000002be                __vector_29
                0x000002be                __vector_40
                0x000002be                __vector_26
                0x000002be                __vector_48
                0x000002be                __vector_14
                0x000002be                __vector_53
                0x000002be                __vector_50
                0x000002be                __vector_16
                0x000002be                __vector_18
                0x000002be                __vector_20
                0x000002be                __vector_42
                0x000002c0                . = ALIGN (0x2)
 *(.text.*)
 .text.pulseEnable
                0x000002c0       0x24 bsp/lcd/lcd.o
                0x000002c0                pulseEnable
 .text.write4bits
                0x000002e4       0x68 bsp/lcd/lcd.o
                0x000002e4                write4bits
 .text.write8bits
                0x0000034c       0x4e bsp/lcd/lcd.o
                0x0000034c                write8bits
 .text.send     0x0000039a       0x2e bsp/lcd/lcd.o
                0x0000039a                send
 .text.command  0x000003c8        0x6 bsp/lcd/lcd.o
                0x000003c8                command
 .text.lcd_clear
                0x000003ce       0x12 bsp/lcd/lcd.o
                0x000003ce                lcd_clear
 .text.lcd_setCursor
                0x000003e0       0x36 bsp/lcd/lcd.o
                0x000003e0                lcd_setCursor
 .text.lcd_display_on
                0x00000416       0x12 bsp/lcd/lcd.o
                0x00000416                lcd_display_on
 .text.lcd_init
                0x00000428      0x114 bsp/lcd/lcd.o
                0x00000428                lcd_init
 .text.write    0x0000053c        0x8 bsp/lcd/lcd.o
                0x0000053c                write
 .text.lcd_puts
                0x00000544       0x1c bsp/lcd/lcd.o
                0x00000544                lcd_puts
 .text.LCD_PrintString
                0x00000560       0x16 bsp/lcd/lcd.o
                0x00000560                LCD_PrintString
 .text.adc_init
                0x00000576       0x1e drivers/adc.o
                0x00000576                adc_init
 .text.analogRead
                0x00000594       0x60 drivers/adc.o
                0x00000594                analogRead
 .text.pinMode  0x000005f4       0x7e drivers/gpio.o
                0x000005f4                pinMode
 .text.digitalWrite
                0x00000672       0x44 drivers/gpio.o
                0x00000672                digitalWrite
 .text.togglePin
                0x000006b6       0x34 drivers/gpio.o
                0x000006b6                togglePin
 .text.nothing  0x000006ea        0x2 drivers/interrupts.o
 .text.attachInterrupt
                0x000006ec       0xfa drivers/interrupts.o
                0x000006ec                attachInterrupt
 .text.__vector_1
                0x000007e6       0x56 drivers/interrupts.o
                0x000007e6                __vector_1
 .text.__vector_2
                0x0000083c       0x56 drivers/interrupts.o
                0x0000083c                __vector_2
 .text.__vector_3
                0x00000892       0x56 drivers/interrupts.o
                0x00000892                __vector_3
 .text.__vector_4
                0x000008e8       0x56 drivers/interrupts.o
                0x000008e8                __vector_4
 .text.__vector_5
                0x0000093e       0x56 drivers/interrupts.o
                0x0000093e                __vector_5
 .text.__vector_6
                0x00000994       0x56 drivers/interrupts.o
                0x00000994                __vector_6
 .text.__vector_7
                0x000009ea       0x56 drivers/interrupts.o
                0x000009ea                __vector_7
 .text.__vector_8
                0x00000a40       0x56 drivers/interrupts.o
                0x00000a40                __vector_8
 .text.enablePinChangeInterruptHelper
                0x00000a96       0x90 drivers/pinChangeInterrupts.o
                0x00000a96                enablePinChangeInterruptHelper
 .text.attachPinChangeInterrupt
                0x00000b26      0x1ae drivers/pinChangeInterrupts.o
                0x00000b26                attachPinChangeInterrupt
 .text.PinChangeInterruptEventPCINT0
                0x00000cd4        0xc drivers/pinChangeInterrupts.o
                0x00000cd4                PinChangeInterruptEventPCINT0
 .text.PinChangeInterruptEventPCINT1
                0x00000ce0        0xc drivers/pinChangeInterrupts.o
                0x00000ce0                PinChangeInterruptEventPCINT1
 .text.PinChangeInterruptEventPCINT2
                0x00000cec        0xc drivers/pinChangeInterrupts.o
                0x00000cec                PinChangeInterruptEventPCINT2
 .text.PinChangeInterruptEventPCINT3
                0x00000cf8        0xc drivers/pinChangeInterrupts.o
                0x00000cf8                PinChangeInterruptEventPCINT3
 .text.PinChangeInterruptEventPCINT4
                0x00000d04        0xc drivers/pinChangeInterrupts.o
                0x00000d04                PinChangeInterruptEventPCINT4
 .text.PinChangeInterruptEventPCINT5
                0x00000d10        0xc drivers/pinChangeInterrupts.o
                0x00000d10                PinChangeInterruptEventPCINT5
 .text.PinChangeInterruptEventPCINT6
                0x00000d1c        0xc drivers/pinChangeInterrupts.o
                0x00000d1c                PinChangeInterruptEventPCINT6
 .text.PinChangeInterruptEventPCINT7
                0x00000d28        0xc drivers/pinChangeInterrupts.o
                0x00000d28                PinChangeInterruptEventPCINT7
 .text.__vector_9
                0x00000d34       0x90 drivers/pinChangeInterrupts.o
                0x00000d34                __vector_9
 .text.PinChangeInterruptEventPCINT8
                0x00000dc4        0xc drivers/pinChangeInterrupts.o
                0x00000dc4                PinChangeInterruptEventPCINT8
 .text.PinChangeInterruptEventPCINT9
                0x00000dd0        0xc drivers/pinChangeInterrupts.o
                0x00000dd0                PinChangeInterruptEventPCINT9
 .text.PinChangeInterruptEventPCINT10
                0x00000ddc        0xc drivers/pinChangeInterrupts.o
                0x00000ddc                PinChangeInterruptEventPCINT10
 .text.PinChangeInterruptEventPCINT11
                0x00000de8        0xc drivers/pinChangeInterrupts.o
                0x00000de8                PinChangeInterruptEventPCINT11
 .text.PinChangeInterruptEventPCINT12
                0x00000df4        0xc drivers/pinChangeInterrupts.o
                0x00000df4                PinChangeInterruptEventPCINT12
 .text.PinChangeInterruptEventPCINT13
                0x00000e00        0xc drivers/pinChangeInterrupts.o
                0x00000e00                PinChangeInterruptEventPCINT13
 .text.PinChangeInterruptEventPCINT14
                0x00000e0c        0xc drivers/pinChangeInterrupts.o
                0x00000e0c                PinChangeInterruptEventPCINT14
 .text.PinChangeInterruptEventPCINT15
                0x00000e18        0xc drivers/pinChangeInterrupts.o
                0x00000e18                PinChangeInterruptEventPCINT15
 .text.__vector_10
                0x00000e24       0x9a drivers/pinChangeInterrupts.o
                0x00000e24                __vector_10
 .text.PinChangeInterruptEventPCINT16
                0x00000ebe        0xc drivers/pinChangeInterrupts.o
                0x00000ebe                PinChangeInterruptEventPCINT16
 .text.PinChangeInterruptEventPCINT17
                0x00000eca        0xc drivers/pinChangeInterrupts.o
                0x00000eca                PinChangeInterruptEventPCINT17
 .text.PinChangeInterruptEventPCINT18
                0x00000ed6        0xc drivers/pinChangeInterrupts.o
                0x00000ed6                PinChangeInterruptEventPCINT18
 .text.PinChangeInterruptEventPCINT19
                0x00000ee2        0xc drivers/pinChangeInterrupts.o
                0x00000ee2                PinChangeInterruptEventPCINT19
 .text.PinChangeInterruptEventPCINT20
                0x00000eee        0xc drivers/pinChangeInterrupts.o
                0x00000eee                PinChangeInterruptEventPCINT20
 .text.PinChangeInterruptEventPCINT21
                0x00000efa        0xc drivers/pinChangeInterrupts.o
                0x00000efa                PinChangeInterruptEventPCINT21
 .text.PinChangeInterruptEventPCINT22
                0x00000f06        0xc drivers/pinChangeInterrupts.o
                0x00000f06                PinChangeInterruptEventPCINT22
 .text.PinChangeInterruptEventPCINT23
                0x00000f12        0xc drivers/pinChangeInterrupts.o
                0x00000f12                PinChangeInterruptEventPCINT23
 .text.__vector_11
                0x00000f1e       0x92 drivers/pinChangeInterrupts.o
                0x00000f1e                __vector_11
 .text.pwm_init
                0x00000fb0       0x80 drivers/pwm.o
                0x00000fb0                pwm_init
 .text.analogWrite
                0x00001030      0x18c drivers/pwm.o
                0x00001030                analogWrite
 .text.Serial2_begin
                0x000011bc       0xce drivers/hardwareSerial2.o
                0x000011bc                Serial2_begin
 .text.Serial2_available
                0x0000128a       0x18 drivers/hardwareSerial2.o
                0x0000128a                Serial2_available
 .text.Serial2_read
                0x000012a2       0x2e drivers/hardwareSerial2.o
                0x000012a2                Serial2_read
 .text.Serial2_timedRead
                0x000012d0       0x5e drivers/hardwareSerial2.o
                0x000012d0                Serial2_timedRead
 .text.Serial2_readAllBytes
                0x0000132e       0x42 drivers/hardwareSerial2.o
                0x0000132e                Serial2_readAllBytes
 .text._tx2_udr_empty_irq
                0x00001370       0x50 drivers/hardwareSerial2.o
                0x00001370                _tx2_udr_empty_irq
 .text.Serial2_write
                0x000013c0       0xa0 drivers/hardwareSerial2.o
                0x000013c0                Serial2_write
 .text.Serial2_print
                0x00001460       0x34 drivers/hardwareSerial2.o
                0x00001460                Serial2_print
 .text._rx2_complete_irq
                0x00001494       0x34 drivers/hardwareSerial2.o
                0x00001494                _rx2_complete_irq
 .text.__vector_51
                0x000014c8       0x4e drivers/hardwareSerial2.o
                0x000014c8                __vector_51
 .text.__vector_52
                0x00001516       0x4e drivers/hardwareSerial2.o
                0x00001516                __vector_52
 .text.millis_init
                0x00001564       0x26 drivers/timer0_millis.o
                0x00001564                millis_init
 .text.millis   0x0000158a       0x18 drivers/timer0_millis.o
                0x0000158a                millis
 .text.micros   0x000015a2       0x4c drivers/timer0_millis.o
                0x000015a2                micros
 .text.delay_ms
                0x000015ee       0x7a drivers/timer0_millis.o
                0x000015ee                delay_ms
 .text.__vector_23
                0x00001668       0x94 drivers/timer0_millis.o
                0x00001668                __vector_23
 .text.disableTimer
                0x000016fc       0x74 drivers/timers.o
                0x000016fc                disableTimer
 .text.__vector_32
                0x00001770       0xd0 drivers/timers.o
                0x00001770                __vector_32
 .text.sdDetected
                0x00001840        0xe main.o
                0x00001840                sdDetected
 .text.Button1  0x0000184e        0xe main.o
                0x0000184e                Button1
 .text.Button2  0x0000185c        0x8 main.o
                0x0000185c                Button2
 .text.Button3  0x00001864        0x8 main.o
                0x00001864                Button3
 .text.LCD_PrintInt
                0x0000186c       0x48 main.o
                0x0000186c                LCD_PrintInt
 .text.main     0x000018b4       0xec main.o
                0x000018b4                main
 .text.libgcc.div
                0x000019a0       0x44 c:/program files (x86)/atmel/studio/7.0/toolchain/avr8/avr8-gnu-toolchain/bin/../lib/gcc/avr/5.4.0/avr6\libgcc.a(_udivmodsi4.o)
                0x000019a0                __udivmodsi4
 .text.libgcc   0x000019e4       0x10 c:/program files (x86)/atmel/studio/7.0/toolchain/avr8/avr8-gnu-toolchain/bin/../lib/gcc/avr/5.4.0/avr6\libgcc.a(_tablejump2.o)
                0x000019e4                __tablejump2__
 .text.avr-libc
                0x000019f4       0x14 c:/program files (x86)/atmel/studio/7.0/toolchain/avr8/avr8-gnu-toolchain/bin/../lib/gcc/avr/5.4.0/../../../../avr/lib/avr6\libc.a(itoa_ncheck.o)
                0x000019f4                __itoa_ncheck
 .text.avr-libc
                0x00001a08       0x32 c:/program files (x86)/atmel/studio/7.0/toolchain/avr8/avr8-gnu-toolchain/bin/../lib/gcc/avr/5.4.0/../../../../avr/lib/avr6\libc.a(utoa_ncheck.o)
                0x00001a08                __utoa_ncheck
                0x00001a0a                __utoa_common
 .text.avr-libc
                0x00001a3a       0x20 c:/program files (x86)/atmel/studio/7.0/toolchain/avr8/avr8-gnu-toolchain/bin/../lib/gcc/avr/5.4.0/../../../../avr/lib/avr6\libc.a(strrev.o)
                0x00001a3a                strrev
                0x00001a5a                . = ALIGN (0x2)
 *(.fini9)
 .fini9         0x00001a5a        0x0 c:/program files (x86)/atmel/studio/7.0/toolchain/avr8/avr8-gnu-toolchain/bin/../lib/gcc/avr/5.4.0/avr6\libgcc.a(_exit.o)
                0x00001a5a                _exit
                0x00001a5a                exit
 *(.fini9)
 *(.fini8)
 *(.fini8)
 *(.fini7)
 *(.fini7)
 *(.fini6)
 *(.fini6)
 *(.fini5)
 *(.fini5)
 *(.fini4)
 *(.fini4)
 *(.fini3)
 *(.fini3)
 *(.fini2)
 *(.fini2)
 *(.fini1)
 *(.fini1)
 *(.fini0)
 .fini0         0x00001a5a        0x4 c:/program files (x86)/atmel/studio/7.0/toolchain/avr8/avr8-gnu-toolchain/bin/../lib/gcc/avr/5.4.0/avr6\libgcc.a(_exit.o)
 *(.fini0)
                0x00001a5e                _etext = .

.data           0x00800200       0x42 load address 0x00001a5e
                0x00800200                PROVIDE (__data_start, .)
 *(.data)
 *(.data*)
 .data.analog_reference
                0x00800200        0x1 drivers/adc.o
                0x00800200                analog_reference
 .data.intFunc  0x00800201       0x10 drivers/interrupts.o
 *(.gnu.linkonce.d*)
 *(.rodata)
 *(.rodata*)
 .rodata.str1.1
                0x00800211       0x31 main.o
 *(.gnu.linkonce.r*)
                0x00800242                . = ALIGN (0x2)
                0x00800242                _edata = .
                0x00800242                PROVIDE (__data_end, .)

.bss            0x00800242      0x109
                0x00800242                PROVIDE (__bss_start, .)
 *(.bss)
 *(.bss*)
 .bss.risingPorts
                0x00800242        0x3 drivers/pinChangeInterrupts.o
                0x00800242                risingPorts
 .bss.fallingPorts
                0x00800245        0x3 drivers/pinChangeInterrupts.o
                0x00800245                fallingPorts
 .bss.oldPorts  0x00800248        0x3 drivers/pinChangeInterrupts.o
                0x00800248                oldPorts
 .bss.timer0_fract
                0x0080024b        0x1 drivers/timer0_millis.o
 .bss.timer0_millis
                0x0080024c        0x4 drivers/timer0_millis.o
                0x0080024c                timer0_millis
 .bss.timer0_overflow_count
                0x00800250        0x4 drivers/timer0_millis.o
                0x00800250                timer0_overflow_count
 *(COMMON)
 COMMON         0x00800254       0x11 bsp/lcd/lcd.o
                0x00800254                _row_offsets
                0x00800258                _displaycontrol
                0x00800259                _numlines
                0x0080025a                _data_pins
                0x00800262                _displaymode
                0x00800263                _displayfunction
                0x00800264                _initialized
 COMMON         0x00800265       0x8c drivers/adc.o
                0x00800265                _tx_buffer_tail
                0x00800266                _tx_buffer
                0x008002a6                _rx_buffer
                0x008002e6                _tx_buffer_head
                0x008002e7                _startMillis
                0x008002eb                _rx_buffer_tail
                0x008002ec                _ttimeout
                0x008002f0                _rx_buffer_head
 COMMON         0x008002f1       0x30 drivers/pinChangeInterrupts.o
                0x008002f1                callbackPCINT0
                0x008002f3                callbackPCINT18
                0x008002f5                callbackPCINT21
                0x008002f7                callbackPCINT1
                0x008002f9                callbackPCINT7
                0x008002fb                callbackPCINT16
                0x008002fd                callbackPCINT19
                0x008002ff                callbackPCINT9
                0x00800301                callbackPCINT23
                0x00800303                callbackPCINT11
                0x00800305                callbackPCINT6
                0x00800307                callbackPCINT8
                0x00800309                callbackPCINT2
                0x0080030b                callbackPCINT4
                0x0080030d                callbackPCINT14
                0x0080030f                callbackPCINT13
                0x00800311                callbackPCINT10
                0x00800313                callbackPCINT17
                0x00800315                callbackPCINT5
                0x00800317                callbackPCINT22
                0x00800319                callbackPCINT15
                0x0080031b                callbackPCINT3
                0x0080031d                callbackPCINT12
                0x0080031f                callbackPCINT20
 COMMON         0x00800321       0x2a drivers/timers.o
                0x00800321                timer0_pin_mask
                0x00800322                timer3_pin_mask
                0x00800323                timer5_toggle_count
                0x00800327                timer2_pin_port
                0x00800329                timer4_pin_mask
                0x0080032a                timer3_pin_port
                0x0080032c                timer4_toggle_count
                0x00800330                timer3_toggle_count
                0x00800334                timer2_pin_mask
                0x00800335                timer5_pin_port
                0x00800337                timer4_pin_port
                0x00800339                timer0_pin_port
                0x0080033b                timer1_toggle_count
                0x0080033f                timer1_pin_mask
                0x00800340                timer1_pin_port
                0x00800342                timer0_toggle_count
                0x00800346                timer5_pin_mask
                0x00800347                timer2_toggle_count
                0x0080034b                PROVIDE (__bss_end, .)
                0x00001a5e                __data_load_start = LOADADDR (.data)
                0x00001aa0                __data_load_end = (__data_load_start + SIZEOF (.data))

.noinit         0x0080034b        0x0
                [!provide]                PROVIDE (__noinit_start, .)
 *(.noinit*)
                [!provide]                PROVIDE (__noinit_end, .)
                0x0080034b                _end = .
                [!provide]                PROVIDE (__heap_start, .)

.eeprom         0x00810000        0x0
 *(.eeprom*)
                0x00810000                __eeprom_end = .

.fuse
 *(.fuse)
 *(.lfuse)
 *(.hfuse)
 *(.efuse)

.lock
 *(.lock*)

.signature
 *(.signature*)

.user_signatures
 *(.user_signatures*)

.stab
 *(.stab)

.stabstr
 *(.stabstr)

.stab.excl
 *(.stab.excl)

.stab.exclstr
 *(.stab.exclstr)

.stab.index
 *(.stab.index)

.stab.indexstr
 *(.stab.indexstr)

.comment        0x00000000       0x30
 *(.comment)
 .comment       0x00000000       0x30 bsp/lcd/lcd.o
                                 0x31 (size before relaxing)
 .comment       0x00000030       0x31 drivers/adc.o
 .comment       0x00000030       0x31 drivers/gpio.o
 .comment       0x00000030       0x31 drivers/interrupts.o
 .comment       0x00000030       0x31 drivers/pinChangeInterrupts.o
 .comment       0x00000030       0x31 drivers/pwm.o
 .comment       0x00000030       0x31 drivers/hardwareSerial2.o
 .comment       0x00000030       0x31 drivers/timer0_millis.o
 .comment       0x00000030       0x31 drivers/pins_2560.o
 .comment       0x00000030       0x31 drivers/timers.o
 .comment       0x00000030       0x31 main.o

.note.gnu.avr.deviceinfo
                0x00000000       0x40
 .note.gnu.avr.deviceinfo
                0x00000000       0x40 C:/Program Files (x86)/Atmel/Studio/7.0/Packs/atmel/ATmega_DFP/1.3.300/gcc/dev/atmega2560/avr6/crtatmega2560.o

.note.gnu.build-id
 *(.note.gnu.build-id)

.debug
 *(.debug)

.line
 *(.line)

.debug_srcinfo
 *(.debug_srcinfo)

.debug_sfnames
 *(.debug_sfnames)

.debug_aranges  0x00000000      0x478
 *(.debug_aranges)
 .debug_aranges
                0x00000000       0xe8 bsp/lcd/lcd.o
 .debug_aranges
                0x000000e8       0x30 drivers/adc.o
 .debug_aranges
                0x00000118       0x38 drivers/gpio.o
 .debug_aranges
                0x00000150       0x70 drivers/interrupts.o
 .debug_aranges
                0x000001c0      0x118 drivers/pinChangeInterrupts.o
 .debug_aranges
                0x000002d8       0x28 drivers/pwm.o
 .debug_aranges
                0x00000300       0x98 drivers/hardwareSerial2.o
 .debug_aranges
                0x00000398       0x48 drivers/timer0_millis.o
 .debug_aranges
                0x000003e0       0x18 drivers/pins_2560.o
 .debug_aranges
                0x000003f8       0x38 drivers/timers.o
 .debug_aranges
                0x00000430       0x48 main.o

.debug_pubnames
 *(.debug_pubnames)

.debug_info     0x00000000     0x4e06
 *(.debug_info .gnu.linkonce.wi.*)
 .debug_info    0x00000000      0xbbc C:/Program Files (x86)/Atmel/Studio/7.0/Packs/atmel/ATmega_DFP/1.3.300/gcc/dev/atmega2560/avr6/crtatmega2560.o
 .debug_info    0x00000bbc      0xb05 bsp/lcd/lcd.o
 .debug_info    0x000016c1      0x233 drivers/adc.o
 .debug_info    0x000018f4      0x63a drivers/gpio.o
 .debug_info    0x00001f2e      0x313 drivers/interrupts.o
 .debug_info    0x00002241      0xa27 drivers/pinChangeInterrupts.o
 .debug_info    0x00002c68      0x2d0 drivers/pwm.o
 .debug_info    0x00002f38      0x68d drivers/hardwareSerial2.o
 .debug_info    0x000035c5      0x324 drivers/timer0_millis.o
 .debug_info    0x000038e9      0x24a drivers/pins_2560.o
 .debug_info    0x00003b33      0xa8a drivers/timers.o
 .debug_info    0x000045bd      0x849 main.o

.debug_abbrev   0x00000000     0x1cf5
 *(.debug_abbrev)
 .debug_abbrev  0x00000000      0xb1a C:/Program Files (x86)/Atmel/Studio/7.0/Packs/atmel/ATmega_DFP/1.3.300/gcc/dev/atmega2560/avr6/crtatmega2560.o
 .debug_abbrev  0x00000b1a      0x27f bsp/lcd/lcd.o
 .debug_abbrev  0x00000d99      0x114 drivers/adc.o
 .debug_abbrev  0x00000ead      0x185 drivers/gpio.o
 .debug_abbrev  0x00001032      0x11e drivers/interrupts.o
 .debug_abbrev  0x00001150      0x1bf drivers/pinChangeInterrupts.o
 .debug_abbrev  0x0000130f      0x14d drivers/pwm.o
 .debug_abbrev  0x0000145c      0x22a drivers/hardwareSerial2.o
 .debug_abbrev  0x00001686      0x157 drivers/timer0_millis.o
 .debug_abbrev  0x000017dd       0xa4 drivers/pins_2560.o
 .debug_abbrev  0x00001881      0x251 drivers/timers.o
 .debug_abbrev  0x00001ad2      0x223 main.o

.debug_line     0x00000000     0x2ad8
 *(.debug_line .debug_line.* .debug_line_end)
 .debug_line    0x00000000      0x1f9 C:/Program Files (x86)/Atmel/Studio/7.0/Packs/atmel/ATmega_DFP/1.3.300/gcc/dev/atmega2560/avr6/crtatmega2560.o
 .debug_line    0x000001f9      0x689 bsp/lcd/lcd.o
 .debug_line    0x00000882      0x177 drivers/adc.o
 .debug_line    0x000009f9      0x220 drivers/gpio.o
 .debug_line    0x00000c19      0x2c1 drivers/interrupts.o
 .debug_line    0x00000eda      0x91a drivers/pinChangeInterrupts.o
 .debug_line    0x000017f4      0x29f drivers/pwm.o
 .debug_line    0x00001a93      0x5cd drivers/hardwareSerial2.o
 .debug_line    0x00002060      0x24b drivers/timer0_millis.o
 .debug_line    0x000022ab       0xcf drivers/pins_2560.o
 .debug_line    0x0000237a      0x530 drivers/timers.o
 .debug_line    0x000028aa      0x22e main.o

.debug_frame    0x00000000      0xd90
 *(.debug_frame)
 .debug_frame   0x00000000      0x1fc bsp/lcd/lcd.o
 .debug_frame   0x000001fc       0x44 drivers/adc.o
 .debug_frame   0x00000240       0x60 drivers/gpio.o
 .debug_frame   0x000002a0      0x304 drivers/interrupts.o
 .debug_frame   0x000005a4      0x2f8 drivers/pinChangeInterrupts.o
 .debug_frame   0x0000089c       0x44 drivers/pwm.o
 .debug_frame   0x000008e0      0x270 drivers/hardwareSerial2.o
 .debug_frame   0x00000b50       0xc4 drivers/timer0_millis.o
 .debug_frame   0x00000c14       0xdc drivers/timers.o
 .debug_frame   0x00000cf0       0xa0 main.o

.debug_str      0x00000000     0x1440
 *(.debug_str)
 .debug_str     0x00000000      0x3e6 C:/Program Files (x86)/Atmel/Studio/7.0/Packs/atmel/ATmega_DFP/1.3.300/gcc/dev/atmega2560/avr6/crtatmega2560.o
 .debug_str     0x000003e6      0x38c bsp/lcd/lcd.o
                                0x3d0 (size before relaxing)
 .debug_str     0x00000772      0x114 drivers/adc.o
                                0x281 (size before relaxing)
 .debug_str     0x00000886       0xb0 drivers/gpio.o
                                0x2e8 (size before relaxing)
 .debug_str     0x00000936       0xc6 drivers/interrupts.o
                                0x2f0 (size before relaxing)
 .debug_str     0x000009fc      0x5b7 drivers/pinChangeInterrupts.o
                                0x7ea (size before relaxing)
 .debug_str     0x00000fb3       0x26 drivers/pwm.o
                                0x28c (size before relaxing)
 .debug_str     0x00000fd9      0x17a drivers/hardwareSerial2.o
                                0x3d2 (size before relaxing)
 .debug_str     0x00001153       0x71 drivers/timer0_millis.o
                                0x2c0 (size before relaxing)
 .debug_str     0x000011c4       0x17 drivers/pins_2560.o
                                0x2af (size before relaxing)
 .debug_str     0x000011db      0x1c8 drivers/timers.o
                                0x471 (size before relaxing)
 .debug_str     0x000013a3       0x9d main.o
                                0x3c4 (size before relaxing)

.debug_loc      0x00000000     0x359e
 *(.debug_loc)
 .debug_loc     0x00000000      0x81b bsp/lcd/lcd.o
 .debug_loc     0x0000081b       0x66 drivers/adc.o
 .debug_loc     0x00000881      0x355 drivers/gpio.o
 .debug_loc     0x00000bd6      0x79a drivers/interrupts.o
 .debug_loc     0x00001370      0x835 drivers/pinChangeInterrupts.o
 .debug_loc     0x00001ba5       0xbc drivers/pwm.o
 .debug_loc     0x00001c61      0x9ed drivers/hardwareSerial2.o
 .debug_loc     0x0000264e      0x24a drivers/timer0_millis.o
 .debug_loc     0x00002898      0xb79 drivers/timers.o
 .debug_loc     0x00003411      0x18d main.o

.debug_macinfo
 *(.debug_macinfo)

.debug_weaknames
 *(.debug_weaknames)

.debug_funcnames
 *(.debug_funcnames)

.debug_typenames
 *(.debug_typenames)

.debug_varnames
 *(.debug_varnames)

.debug_pubtypes
 *(.debug_pubtypes)

.debug_ranges   0x00000000      0x418
 *(.debug_ranges)
 .debug_ranges  0x00000000       0xd8 bsp/lcd/lcd.o
 .debug_ranges  0x000000d8       0x20 drivers/adc.o
 .debug_ranges  0x000000f8       0x28 drivers/gpio.o
 .debug_ranges  0x00000120       0x60 drivers/interrupts.o
 .debug_ranges  0x00000180      0x108 drivers/pinChangeInterrupts.o
 .debug_ranges  0x00000288       0x18 drivers/pwm.o
 .debug_ranges  0x000002a0       0xa0 drivers/hardwareSerial2.o
 .debug_ranges  0x00000340       0x38 drivers/timer0_millis.o
 .debug_ranges  0x00000378       0x68 drivers/timers.o
 .debug_ranges  0x000003e0       0x38 main.o

.debug_macro
 *(.debug_macro)
OUTPUT(TK2560.elf elf32-avr)
LOAD linker stubs
