Archive member included to satisfy reference by file (symbol)

c:/program files (x86)/atmel/studio/7.0/toolchain/avr8/avr8-gnu-toolchain/bin/../lib/gcc/avr/5.4.0/avr6\libgcc.a(_divmodhi4.o)
                              main.o (__divmodhi4)
c:/program files (x86)/atmel/studio/7.0/toolchain/avr8/avr8-gnu-toolchain/bin/../lib/gcc/avr/5.4.0/avr6\libgcc.a(_udivmodsi4.o)
                              drivers/hardwareSerial0.o (__udivmodsi4)
c:/program files (x86)/atmel/studio/7.0/toolchain/avr8/avr8-gnu-toolchain/bin/../lib/gcc/avr/5.4.0/avr6\libgcc.a(_exit.o)
                              C:/Program Files (x86)/Atmel/Studio/7.0/Packs/atmel/ATmega_DFP/1.3.300/gcc/dev/atmega2560/avr6/crtatmega2560.o (exit)
c:/program files (x86)/atmel/studio/7.0/toolchain/avr8/avr8-gnu-toolchain/bin/../lib/gcc/avr/5.4.0/avr6\libgcc.a(_tablejump2.o)
                              drivers/interrupts.o (__tablejump2__)
c:/program files (x86)/atmel/studio/7.0/toolchain/avr8/avr8-gnu-toolchain/bin/../lib/gcc/avr/5.4.0/avr6\libgcc.a(_copy_data.o)
                              bsp/rtc/ds1307.o (__do_copy_data)
c:/program files (x86)/atmel/studio/7.0/toolchain/avr8/avr8-gnu-toolchain/bin/../lib/gcc/avr/5.4.0/avr6\libgcc.a(_clear_bss.o)
                              bsp/lcd/lcd.o (__do_clear_bss)
c:/program files (x86)/atmel/studio/7.0/toolchain/avr8/avr8-gnu-toolchain/bin/../lib/gcc/avr/5.4.0/avr6\libgcc.a(_usmulhisi3.o)
                              main.o (__usmulhisi3)
c:/program files (x86)/atmel/studio/7.0/toolchain/avr8/avr8-gnu-toolchain/bin/../lib/gcc/avr/5.4.0/avr6\libgcc.a(_muluhisi3.o)
                              drivers/timers.o (__muluhisi3)
c:/program files (x86)/atmel/studio/7.0/toolchain/avr8/avr8-gnu-toolchain/bin/../lib/gcc/avr/5.4.0/avr6\libgcc.a(_udivmodhi4.o)
                              c:/program files (x86)/atmel/studio/7.0/toolchain/avr8/avr8-gnu-toolchain/bin/../lib/gcc/avr/5.4.0/avr6\libgcc.a(_divmodhi4.o) (__udivmodhi4)
c:/program files (x86)/atmel/studio/7.0/toolchain/avr8/avr8-gnu-toolchain/bin/../lib/gcc/avr/5.4.0/avr6\libgcc.a(_umulhisi3.o)
                              c:/program files (x86)/atmel/studio/7.0/toolchain/avr8/avr8-gnu-toolchain/bin/../lib/gcc/avr/5.4.0/avr6\libgcc.a(_usmulhisi3.o) (__umulhisi3)
c:/program files (x86)/atmel/studio/7.0/toolchain/avr8/avr8-gnu-toolchain/bin/../lib/gcc/avr/5.4.0/../../../../avr/lib/avr6\libc.a(itoa_ncheck.o)
                              main.o (__itoa_ncheck)
c:/program files (x86)/atmel/studio/7.0/toolchain/avr8/avr8-gnu-toolchain/bin/../lib/gcc/avr/5.4.0/../../../../avr/lib/avr6\libc.a(utoa_ncheck.o)
                              c:/program files (x86)/atmel/studio/7.0/toolchain/avr8/avr8-gnu-toolchain/bin/../lib/gcc/avr/5.4.0/../../../../avr/lib/avr6\libc.a(itoa_ncheck.o) (__utoa_common)
c:/program files (x86)/atmel/studio/7.0/toolchain/avr8/avr8-gnu-toolchain/bin/../lib/gcc/avr/5.4.0/../../../../avr/lib/avr6\libc.a(strrev.o)
                              c:/program files (x86)/atmel/studio/7.0/toolchain/avr8/avr8-gnu-toolchain/bin/../lib/gcc/avr/5.4.0/../../../../avr/lib/avr6\libc.a(utoa_ncheck.o) (strrev)

Allocating common symbols
Common symbol       size              file

_row_offsets        0x4               bsp/lcd/lcd.o
callbackPCINT0      0x2               drivers/pinChangeInterrupts.o
callbackPCINT18     0x2               drivers/pinChangeInterrupts.o
timer0_pin_mask     0x1               drivers/timers.o
timer3_pin_mask     0x1               drivers/timers.o
timer5_toggle_count
                    0x4               drivers/timers.o
callbackPCINT21     0x2               drivers/pinChangeInterrupts.o
_tx_buffer0_head    0x1               bsp/rtc/ds1307.o
_startMillis1       0x4               bsp/rtc/ds1307.o
callbackPCINT1      0x2               drivers/pinChangeInterrupts.o
_startMillis0       0x4               bsp/rtc/ds1307.o
callbackPCINT7      0x2               drivers/pinChangeInterrupts.o
timer2_pin_port     0x2               drivers/timers.o
timer4_pin_mask     0x1               drivers/timers.o
_rx_buffer0_tail    0x1               bsp/rtc/ds1307.o
callbackPCINT16     0x2               drivers/pinChangeInterrupts.o
callbackPCINT19     0x2               drivers/pinChangeInterrupts.o
_tx_buffer_tail     0x1               bsp/rtc/ds1307.o
_displaycontrol     0x1               bsp/lcd/lcd.o
_numlines           0x1               bsp/lcd/lcd.o
callbackPCINT9      0x2               drivers/pinChangeInterrupts.o
callbackPCINT23     0x2               drivers/pinChangeInterrupts.o
_tx_buffer          0x40              bsp/rtc/ds1307.o
_tx_buffer0_tail    0x1               bsp/rtc/ds1307.o
_data_pins          0x8               bsp/lcd/lcd.o
_rx_buffer          0x40              bsp/rtc/ds1307.o
_displaymode        0x1               bsp/lcd/lcd.o
_displayfunction    0x1               bsp/lcd/lcd.o
callbackPCINT11     0x2               drivers/pinChangeInterrupts.o
_rx_buffer0_head    0x1               bsp/rtc/ds1307.o
callbackPCINT6      0x2               drivers/pinChangeInterrupts.o
timer3_pin_port     0x2               drivers/timers.o
callbackPCINT8      0x2               drivers/pinChangeInterrupts.o
callbackPCINT2      0x2               drivers/pinChangeInterrupts.o
_tx_buffer0         0x40              bsp/rtc/ds1307.o
timer4_toggle_count
                    0x4               drivers/timers.o
callbackPCINT4      0x2               drivers/pinChangeInterrupts.o
callbackPCINT14     0x2               drivers/pinChangeInterrupts.o
_tx_buffer_head     0x1               bsp/rtc/ds1307.o
timer3_toggle_count
                    0x4               drivers/timers.o
callbackPCINT13     0x2               drivers/pinChangeInterrupts.o
timer2_pin_mask     0x1               drivers/timers.o
timer5_pin_port     0x2               drivers/timers.o
callbackPCINT10     0x2               drivers/pinChangeInterrupts.o
timer4_pin_port     0x2               drivers/timers.o
timer0_pin_port     0x2               drivers/timers.o
_startMillis        0x4               bsp/rtc/ds1307.o
_rx_buffer0         0x40              bsp/rtc/ds1307.o
_rx_buffer_tail     0x1               bsp/rtc/ds1307.o
callbackPCINT17     0x2               drivers/pinChangeInterrupts.o
_ttimeout           0x4               bsp/rtc/ds1307.o
timer1_toggle_count
                    0x4               drivers/timers.o
callbackPCINT5      0x2               drivers/pinChangeInterrupts.o
_timeout1           0x4               bsp/rtc/ds1307.o
timer1_pin_mask     0x1               drivers/timers.o
callbackPCINT22     0x2               drivers/pinChangeInterrupts.o
timer1_pin_port     0x2               drivers/timers.o
timer0_toggle_count
                    0x4               drivers/timers.o
timer5_pin_mask     0x1               drivers/timers.o
callbackPCINT15     0x2               drivers/pinChangeInterrupts.o
callbackPCINT3      0x2               drivers/pinChangeInterrupts.o
timer2_toggle_count
                    0x4               drivers/timers.o
_initialized        0x1               bsp/lcd/lcd.o
callbackPCINT12     0x2               drivers/pinChangeInterrupts.o
_rx_buffer_head     0x1               bsp/rtc/ds1307.o
callbackPCINT20     0x2               drivers/pinChangeInterrupts.o
_timeout0           0x4               bsp/rtc/ds1307.o

Discarded input sections

 .data          0x00000000        0x0 C:/Program Files (x86)/Atmel/Studio/7.0/Packs/atmel/ATmega_DFP/1.3.300/gcc/dev/atmega2560/avr6/crtatmega2560.o
 .bss           0x00000000        0x0 C:/Program Files (x86)/Atmel/Studio/7.0/Packs/atmel/ATmega_DFP/1.3.300/gcc/dev/atmega2560/avr6/crtatmega2560.o
 .text          0x00000000        0x0 bsp/lcd/lcd.o
 .data          0x00000000        0x0 bsp/lcd/lcd.o
 .bss           0x00000000        0x0 bsp/lcd/lcd.o
 .text.lcd_setRowOffsets
                0x00000000        0xe bsp/lcd/lcd.o
 .text.lcd_home
                0x00000000       0x14 bsp/lcd/lcd.o
 .text.lcd_display_off
                0x00000000       0x12 bsp/lcd/lcd.o
 .text.lcd_noCursor
                0x00000000       0x12 bsp/lcd/lcd.o
 .text.lcd_cursor
                0x00000000       0x14 bsp/lcd/lcd.o
 .text.lcd_noBlink
                0x00000000       0x12 bsp/lcd/lcd.o
 .text.lcd_blink
                0x00000000       0x14 bsp/lcd/lcd.o
 .text.lcd_scrollDisplayLeft
                0x00000000        0x8 bsp/lcd/lcd.o
 .text.lcd_scrollDisplayRight
                0x00000000        0x8 bsp/lcd/lcd.o
 .text.lcd_leftToRight
                0x00000000       0x14 bsp/lcd/lcd.o
 .text.lcd_rightToLeft
                0x00000000       0x12 bsp/lcd/lcd.o
 .text.lcd_autoscroll
                0x00000000       0x14 bsp/lcd/lcd.o
 .text.lcd_noAutoscroll
                0x00000000       0x12 bsp/lcd/lcd.o
 .text.lcd_createChar
                0x00000000       0x34 bsp/lcd/lcd.o
 .text          0x00000000        0x0 bsp/rtc/ds1307.o
 .data          0x00000000        0x0 bsp/rtc/ds1307.o
 .bss           0x00000000        0x0 bsp/rtc/ds1307.o
 .text.GetSecond
                0x00000000       0x36 bsp/rtc/ds1307.o
 .text.GetMinute
                0x00000000       0x36 bsp/rtc/ds1307.o
 .text.GetHour  0x00000000       0x34 bsp/rtc/ds1307.o
 .text.GetAmPm  0x00000000       0x34 bsp/rtc/ds1307.o
 .text.SetSecond
                0x00000000       0x2c bsp/rtc/ds1307.o
 .text.SetMinute
                0x00000000       0x2c bsp/rtc/ds1307.o
 .text.SetHour  0x00000000       0x44 bsp/rtc/ds1307.o
 .text.SetAmPm  0x00000000       0x3e bsp/rtc/ds1307.o
 .text.GetDate  0x00000000       0x34 bsp/rtc/ds1307.o
 .text.GetMonth
                0x00000000       0x34 bsp/rtc/ds1307.o
 .text.GetYear  0x00000000       0x34 bsp/rtc/ds1307.o
 .text.SetDate  0x00000000       0x2c bsp/rtc/ds1307.o
 .text.SetMonth
                0x00000000       0x2c bsp/rtc/ds1307.o
 .text.SetYear  0x00000000       0x2c bsp/rtc/ds1307.o
 .text.GetDateString
                0x00000000       0xa0 bsp/rtc/ds1307.o
 .text          0x00000000        0x0 drivers/adc.o
 .data          0x00000000        0x0 drivers/adc.o
 .bss           0x00000000        0x0 drivers/adc.o
 .text.analogReference
                0x00000000        0x6 drivers/adc.o
 .text.analogRead
                0x00000000       0x60 drivers/adc.o
 .data.analog_reference
                0x00000000        0x1 drivers/adc.o
 .text          0x00000000        0x0 drivers/gpio.o
 .data          0x00000000        0x0 drivers/gpio.o
 .bss           0x00000000        0x0 drivers/gpio.o
 .text.digitalRead
                0x00000000       0x3a drivers/gpio.o
 .text          0x00000000        0x0 drivers/hardwareSerial0.o
 .data          0x00000000        0x0 drivers/hardwareSerial0.o
 .bss           0x00000000        0x0 drivers/hardwareSerial0.o
 .text.Serial0_setTimeout
                0x00000000       0x12 drivers/hardwareSerial0.o
 .text.Serial0_readBytes
                0x00000000       0x44 drivers/hardwareSerial0.o
 .text.Serial0_readBytesUntil
                0x00000000       0x5a drivers/hardwareSerial0.o
 .text.Serial0_flush
                0x00000000       0x40 drivers/hardwareSerial0.o
 .text.Serial0_end
                0x00000000       0x2a drivers/hardwareSerial0.o
 .text          0x00000000        0x0 drivers/interrupts.o
 .data          0x00000000        0x0 drivers/interrupts.o
 .bss           0x00000000        0x0 drivers/interrupts.o
 .text.detachInterrupt
                0x00000000       0x52 drivers/interrupts.o
 .progmem.gcc_sw_table.detachInterrupt
                0x00000000       0x10 drivers/interrupts.o
 .text          0x00000000        0x0 drivers/pinChangeInterrupts.o
 .data          0x00000000        0x0 drivers/pinChangeInterrupts.o
 .bss           0x00000000        0x0 drivers/pinChangeInterrupts.o
 .text.pcint_null_callback
                0x00000000        0x2 drivers/pinChangeInterrupts.o
 .text.disablePinChangeInterruptHelper
                0x00000000       0x7a drivers/pinChangeInterrupts.o
 .text.detachPinChangeInterrupt
                0x00000000      0x202 drivers/pinChangeInterrupts.o
 .text          0x00000000        0x0 drivers/pwm.o
 .data          0x00000000        0x0 drivers/pwm.o
 .bss           0x00000000        0x0 drivers/pwm.o
 .text          0x00000000        0x0 drivers/hardwareSerial2.o
 .data          0x00000000        0x0 drivers/hardwareSerial2.o
 .bss           0x00000000        0x0 drivers/hardwareSerial2.o
 .text.Serial2_begin
                0x00000000       0xd2 drivers/hardwareSerial2.o
 .text.Serial2_setTimeout
                0x00000000       0x12 drivers/hardwareSerial2.o
 .text.Serial2_available
                0x00000000       0x18 drivers/hardwareSerial2.o
 .text.Serial2_read
                0x00000000       0x2e drivers/hardwareSerial2.o
 .text.Serial2_timedRead
                0x00000000       0x64 drivers/hardwareSerial2.o
 .text.Serial2_readBytes
                0x00000000       0x44 drivers/hardwareSerial2.o
 .text.Serial2_readBytesUntil
                0x00000000       0x5a drivers/hardwareSerial2.o
 .text.Serial2_readAllBytes
                0x00000000       0x44 drivers/hardwareSerial2.o
 .text.Serial2_write
                0x00000000       0xa2 drivers/hardwareSerial2.o
 .text.Serial2_print
                0x00000000       0x36 drivers/hardwareSerial2.o
 .text.Serial2_flush
                0x00000000       0x40 drivers/hardwareSerial2.o
 .text.Serial2_end
                0x00000000       0x2a drivers/hardwareSerial2.o
 .text          0x00000000        0x0 drivers/spi.o
 .data          0x00000000        0x0 drivers/spi.o
 .bss           0x00000000        0x0 drivers/spi.o
 .text.spi_master_init
                0x00000000       0x56 drivers/spi.o
 .text.spi_master_read
                0x00000000       0x1c drivers/spi.o
 .text.spi_getc
                0x00000000       0x22 drivers/spi.o
 .text.spi_putc
                0x00000000       0x28 drivers/spi.o
 .text.spi_master_transmit
                0x00000000       0x58 drivers/spi.o
 .text.spi_puts
                0x00000000       0x1e drivers/spi.o
 .text.spi_available
                0x00000000       0x18 drivers/spi.o
 .text.spi_flush
                0x00000000        0xa drivers/spi.o
 .text.spi_close
                0x00000000       0x18 drivers/spi.o
 .text          0x00000000        0x0 drivers/timer0_millis.o
 .data          0x00000000        0x0 drivers/timer0_millis.o
 .bss           0x00000000        0x0 drivers/timer0_millis.o
 .text.delay_us
                0x00000000       0x16 drivers/timer0_millis.o
 .text          0x00000000        0x0 drivers/pins_2560.o
 .data          0x00000000        0x0 drivers/pins_2560.o
 .bss           0x00000000        0x0 drivers/pins_2560.o
 .progmem.data.port_to_input_PGM
                0x00000000       0x1a drivers/pins_2560.o
 .text          0x00000000        0x0 drivers/timers.o
 .data          0x00000000        0x0 drivers/timers.o
 .bss           0x00000000        0x0 drivers/timers.o
 .text          0x00000000        0x0 drivers/twi.o
 .data          0x00000000        0x0 drivers/twi.o
 .bss           0x00000000        0x0 drivers/twi.o
 .text.twi_setAddress
                0x00000000        0x8 drivers/twi.o
 .text.twi_setFrequency
                0x00000000       0x28 drivers/twi.o
 .text.twi_transmit
                0x00000000       0x54 drivers/twi.o
 .text.twi_attachSlaveRxEvent
                0x00000000        0xa drivers/twi.o
 .text.twi_attachSlaveTxEvent
                0x00000000        0xa drivers/twi.o
 .text.twi_reply
                0x00000000       0x14 drivers/twi.o
 .text.twi_setTimeoutInMicros
                0x00000000       0x1a drivers/twi.o
 .text.twi_manageTimeoutFlag
                0x00000000        0xe drivers/twi.o
 .text          0x00000000        0x0 main.o
 .data          0x00000000        0x0 main.o
 .bss           0x00000000        0x0 main.o
 .text.playTone
                0x00000000       0xca main.o
 .rodata        0x00000000       0x30 main.o
 .text.playNote
                0x00000000       0xae main.o
 .text.LCD_PrintInt
                0x00000000       0x4a main.o
 .data.tempo    0x00000000        0x2 main.o
 .data.beats    0x00000000       0x38 main.o
 .data.notes    0x00000000       0x1d main.o
 .data.length   0x00000000        0x2 main.o
 .data.speakerPin
                0x00000000        0x2 main.o
 .data.noteDurations
                0x00000000       0x10 main.o
 .data.melody   0x00000000       0x10 main.o
 .bss.time_now  0x00000000        0x4 main.o
 .data.period   0x00000000        0x4 main.o
 .text          0x00000000        0x0 c:/program files (x86)/atmel/studio/7.0/toolchain/avr8/avr8-gnu-toolchain/bin/../lib/gcc/avr/5.4.0/avr6\libgcc.a(_divmodhi4.o)
 .data          0x00000000        0x0 c:/program files (x86)/atmel/studio/7.0/toolchain/avr8/avr8-gnu-toolchain/bin/../lib/gcc/avr/5.4.0/avr6\libgcc.a(_divmodhi4.o)
 .bss           0x00000000        0x0 c:/program files (x86)/atmel/studio/7.0/toolchain/avr8/avr8-gnu-toolchain/bin/../lib/gcc/avr/5.4.0/avr6\libgcc.a(_divmodhi4.o)
 .text.libgcc.mul
                0x00000000        0x0 c:/program files (x86)/atmel/studio/7.0/toolchain/avr8/avr8-gnu-toolchain/bin/../lib/gcc/avr/5.4.0/avr6\libgcc.a(_divmodhi4.o)
 .text.libgcc.div
                0x00000000       0x28 c:/program files (x86)/atmel/studio/7.0/toolchain/avr8/avr8-gnu-toolchain/bin/../lib/gcc/avr/5.4.0/avr6\libgcc.a(_divmodhi4.o)
 .text.libgcc   0x00000000        0x0 c:/program files (x86)/atmel/studio/7.0/toolchain/avr8/avr8-gnu-toolchain/bin/../lib/gcc/avr/5.4.0/avr6\libgcc.a(_divmodhi4.o)
 .text.libgcc.prologue
                0x00000000        0x0 c:/program files (x86)/atmel/studio/7.0/toolchain/avr8/avr8-gnu-toolchain/bin/../lib/gcc/avr/5.4.0/avr6\libgcc.a(_divmodhi4.o)
 .text.libgcc.builtins
                0x00000000        0x0 c:/program files (x86)/atmel/studio/7.0/toolchain/avr8/avr8-gnu-toolchain/bin/../lib/gcc/avr/5.4.0/avr6\libgcc.a(_divmodhi4.o)
 .text.libgcc.fmul
                0x00000000        0x0 c:/program files (x86)/atmel/studio/7.0/toolchain/avr8/avr8-gnu-toolchain/bin/../lib/gcc/avr/5.4.0/avr6\libgcc.a(_divmodhi4.o)
 .text.libgcc.fixed
                0x00000000        0x0 c:/program files (x86)/atmel/studio/7.0/toolchain/avr8/avr8-gnu-toolchain/bin/../lib/gcc/avr/5.4.0/avr6\libgcc.a(_divmodhi4.o)
 .text          0x00000000        0x0 c:/program files (x86)/atmel/studio/7.0/toolchain/avr8/avr8-gnu-toolchain/bin/../lib/gcc/avr/5.4.0/avr6\libgcc.a(_udivmodsi4.o)
 .data          0x00000000        0x0 c:/program files (x86)/atmel/studio/7.0/toolchain/avr8/avr8-gnu-toolchain/bin/../lib/gcc/avr/5.4.0/avr6\libgcc.a(_udivmodsi4.o)
 .bss           0x00000000        0x0 c:/program files (x86)/atmel/studio/7.0/toolchain/avr8/avr8-gnu-toolchain/bin/../lib/gcc/avr/5.4.0/avr6\libgcc.a(_udivmodsi4.o)
 .text.libgcc.mul
                0x00000000        0x0 c:/program files (x86)/atmel/studio/7.0/toolchain/avr8/avr8-gnu-toolchain/bin/../lib/gcc/avr/5.4.0/avr6\libgcc.a(_udivmodsi4.o)
 .text.libgcc   0x00000000        0x0 c:/program files (x86)/atmel/studio/7.0/toolchain/avr8/avr8-gnu-toolchain/bin/../lib/gcc/avr/5.4.0/avr6\libgcc.a(_udivmodsi4.o)
 .text.libgcc.prologue
                0x00000000        0x0 c:/program files (x86)/atmel/studio/7.0/toolchain/avr8/avr8-gnu-toolchain/bin/../lib/gcc/avr/5.4.0/avr6\libgcc.a(_udivmodsi4.o)
 .text.libgcc.builtins
                0x00000000        0x0 c:/program files (x86)/atmel/studio/7.0/toolchain/avr8/avr8-gnu-toolchain/bin/../lib/gcc/avr/5.4.0/avr6\libgcc.a(_udivmodsi4.o)
 .text.libgcc.fmul
                0x00000000        0x0 c:/program files (x86)/atmel/studio/7.0/toolchain/avr8/avr8-gnu-toolchain/bin/../lib/gcc/avr/5.4.0/avr6\libgcc.a(_udivmodsi4.o)
 .text.libgcc.fixed
                0x00000000        0x0 c:/program files (x86)/atmel/studio/7.0/toolchain/avr8/avr8-gnu-toolchain/bin/../lib/gcc/avr/5.4.0/avr6\libgcc.a(_udivmodsi4.o)
 .text          0x00000000        0x0 c:/program files (x86)/atmel/studio/7.0/toolchain/avr8/avr8-gnu-toolchain/bin/../lib/gcc/avr/5.4.0/avr6\libgcc.a(_exit.o)
 .data          0x00000000        0x0 c:/program files (x86)/atmel/studio/7.0/toolchain/avr8/avr8-gnu-toolchain/bin/../lib/gcc/avr/5.4.0/avr6\libgcc.a(_exit.o)
 .bss           0x00000000        0x0 c:/program files (x86)/atmel/studio/7.0/toolchain/avr8/avr8-gnu-toolchain/bin/../lib/gcc/avr/5.4.0/avr6\libgcc.a(_exit.o)
 .text.libgcc.mul
                0x00000000        0x0 c:/program files (x86)/atmel/studio/7.0/toolchain/avr8/avr8-gnu-toolchain/bin/../lib/gcc/avr/5.4.0/avr6\libgcc.a(_exit.o)
 .text.libgcc.div
                0x00000000        0x0 c:/program files (x86)/atmel/studio/7.0/toolchain/avr8/avr8-gnu-toolchain/bin/../lib/gcc/avr/5.4.0/avr6\libgcc.a(_exit.o)
 .text.libgcc   0x00000000        0x0 c:/program files (x86)/atmel/studio/7.0/toolchain/avr8/avr8-gnu-toolchain/bin/../lib/gcc/avr/5.4.0/avr6\libgcc.a(_exit.o)
 .text.libgcc.prologue
                0x00000000        0x0 c:/program files (x86)/atmel/studio/7.0/toolchain/avr8/avr8-gnu-toolchain/bin/../lib/gcc/avr/5.4.0/avr6\libgcc.a(_exit.o)
 .text.libgcc.builtins
                0x00000000        0x0 c:/program files (x86)/atmel/studio/7.0/toolchain/avr8/avr8-gnu-toolchain/bin/../lib/gcc/avr/5.4.0/avr6\libgcc.a(_exit.o)
 .text.libgcc.fmul
                0x00000000        0x0 c:/program files (x86)/atmel/studio/7.0/toolchain/avr8/avr8-gnu-toolchain/bin/../lib/gcc/avr/5.4.0/avr6\libgcc.a(_exit.o)
 .text.libgcc.fixed
                0x00000000        0x0 c:/program files (x86)/atmel/studio/7.0/toolchain/avr8/avr8-gnu-toolchain/bin/../lib/gcc/avr/5.4.0/avr6\libgcc.a(_exit.o)
 .text          0x00000000        0x0 c:/program files (x86)/atmel/studio/7.0/toolchain/avr8/avr8-gnu-toolchain/bin/../lib/gcc/avr/5.4.0/avr6\libgcc.a(_tablejump2.o)
 .data          0x00000000        0x0 c:/program files (x86)/atmel/studio/7.0/toolchain/avr8/avr8-gnu-toolchain/bin/../lib/gcc/avr/5.4.0/avr6\libgcc.a(_tablejump2.o)
 .bss           0x00000000        0x0 c:/program files (x86)/atmel/studio/7.0/toolchain/avr8/avr8-gnu-toolchain/bin/../lib/gcc/avr/5.4.0/avr6\libgcc.a(_tablejump2.o)
 .text.libgcc.mul
                0x00000000        0x0 c:/program files (x86)/atmel/studio/7.0/toolchain/avr8/avr8-gnu-toolchain/bin/../lib/gcc/avr/5.4.0/avr6\libgcc.a(_tablejump2.o)
 .text.libgcc.div
                0x00000000        0x0 c:/program files (x86)/atmel/studio/7.0/toolchain/avr8/avr8-gnu-toolchain/bin/../lib/gcc/avr/5.4.0/avr6\libgcc.a(_tablejump2.o)
 .text.libgcc.prologue
                0x00000000        0x0 c:/program files (x86)/atmel/studio/7.0/toolchain/avr8/avr8-gnu-toolchain/bin/../lib/gcc/avr/5.4.0/avr6\libgcc.a(_tablejump2.o)
 .text.libgcc.builtins
                0x00000000        0x0 c:/program files (x86)/atmel/studio/7.0/toolchain/avr8/avr8-gnu-toolchain/bin/../lib/gcc/avr/5.4.0/avr6\libgcc.a(_tablejump2.o)
 .text.libgcc.fmul
                0x00000000        0x0 c:/program files (x86)/atmel/studio/7.0/toolchain/avr8/avr8-gnu-toolchain/bin/../lib/gcc/avr/5.4.0/avr6\libgcc.a(_tablejump2.o)
 .text.libgcc.fixed
                0x00000000        0x0 c:/program files (x86)/atmel/studio/7.0/toolchain/avr8/avr8-gnu-toolchain/bin/../lib/gcc/avr/5.4.0/avr6\libgcc.a(_tablejump2.o)
 .text          0x00000000        0x0 c:/program files (x86)/atmel/studio/7.0/toolchain/avr8/avr8-gnu-toolchain/bin/../lib/gcc/avr/5.4.0/avr6\libgcc.a(_copy_data.o)
 .data          0x00000000        0x0 c:/program files (x86)/atmel/studio/7.0/toolchain/avr8/avr8-gnu-toolchain/bin/../lib/gcc/avr/5.4.0/avr6\libgcc.a(_copy_data.o)
 .bss           0x00000000        0x0 c:/program files (x86)/atmel/studio/7.0/toolchain/avr8/avr8-gnu-toolchain/bin/../lib/gcc/avr/5.4.0/avr6\libgcc.a(_copy_data.o)
 .text.libgcc.mul
                0x00000000        0x0 c:/program files (x86)/atmel/studio/7.0/toolchain/avr8/avr8-gnu-toolchain/bin/../lib/gcc/avr/5.4.0/avr6\libgcc.a(_copy_data.o)
 .text.libgcc.div
                0x00000000        0x0 c:/program files (x86)/atmel/studio/7.0/toolchain/avr8/avr8-gnu-toolchain/bin/../lib/gcc/avr/5.4.0/avr6\libgcc.a(_copy_data.o)
 .text.libgcc   0x00000000        0x0 c:/program files (x86)/atmel/studio/7.0/toolchain/avr8/avr8-gnu-toolchain/bin/../lib/gcc/avr/5.4.0/avr6\libgcc.a(_copy_data.o)
 .text.libgcc.prologue
                0x00000000        0x0 c:/program files (x86)/atmel/studio/7.0/toolchain/avr8/avr8-gnu-toolchain/bin/../lib/gcc/avr/5.4.0/avr6\libgcc.a(_copy_data.o)
 .text.libgcc.builtins
                0x00000000        0x0 c:/program files (x86)/atmel/studio/7.0/toolchain/avr8/avr8-gnu-toolchain/bin/../lib/gcc/avr/5.4.0/avr6\libgcc.a(_copy_data.o)
 .text.libgcc.fmul
                0x00000000        0x0 c:/program files (x86)/atmel/studio/7.0/toolchain/avr8/avr8-gnu-toolchain/bin/../lib/gcc/avr/5.4.0/avr6\libgcc.a(_copy_data.o)
 .text.libgcc.fixed
                0x00000000        0x0 c:/program files (x86)/atmel/studio/7.0/toolchain/avr8/avr8-gnu-toolchain/bin/../lib/gcc/avr/5.4.0/avr6\libgcc.a(_copy_data.o)
 .text          0x00000000        0x0 c:/program files (x86)/atmel/studio/7.0/toolchain/avr8/avr8-gnu-toolchain/bin/../lib/gcc/avr/5.4.0/avr6\libgcc.a(_clear_bss.o)
 .data          0x00000000        0x0 c:/program files (x86)/atmel/studio/7.0/toolchain/avr8/avr8-gnu-toolchain/bin/../lib/gcc/avr/5.4.0/avr6\libgcc.a(_clear_bss.o)
 .bss           0x00000000        0x0 c:/program files (x86)/atmel/studio/7.0/toolchain/avr8/avr8-gnu-toolchain/bin/../lib/gcc/avr/5.4.0/avr6\libgcc.a(_clear_bss.o)
 .text.libgcc.mul
                0x00000000        0x0 c:/program files (x86)/atmel/studio/7.0/toolchain/avr8/avr8-gnu-toolchain/bin/../lib/gcc/avr/5.4.0/avr6\libgcc.a(_clear_bss.o)
 .text.libgcc.div
                0x00000000        0x0 c:/program files (x86)/atmel/studio/7.0/toolchain/avr8/avr8-gnu-toolchain/bin/../lib/gcc/avr/5.4.0/avr6\libgcc.a(_clear_bss.o)
 .text.libgcc   0x00000000        0x0 c:/program files (x86)/atmel/studio/7.0/toolchain/avr8/avr8-gnu-toolchain/bin/../lib/gcc/avr/5.4.0/avr6\libgcc.a(_clear_bss.o)
 .text.libgcc.prologue
                0x00000000        0x0 c:/program files (x86)/atmel/studio/7.0/toolchain/avr8/avr8-gnu-toolchain/bin/../lib/gcc/avr/5.4.0/avr6\libgcc.a(_clear_bss.o)
 .text.libgcc.builtins
                0x00000000        0x0 c:/program files (x86)/atmel/studio/7.0/toolchain/avr8/avr8-gnu-toolchain/bin/../lib/gcc/avr/5.4.0/avr6\libgcc.a(_clear_bss.o)
 .text.libgcc.fmul
                0x00000000        0x0 c:/program files (x86)/atmel/studio/7.0/toolchain/avr8/avr8-gnu-toolchain/bin/../lib/gcc/avr/5.4.0/avr6\libgcc.a(_clear_bss.o)
 .text.libgcc.fixed
                0x00000000        0x0 c:/program files (x86)/atmel/studio/7.0/toolchain/avr8/avr8-gnu-toolchain/bin/../lib/gcc/avr/5.4.0/avr6\libgcc.a(_clear_bss.o)
 .text          0x00000000        0x0 c:/program files (x86)/atmel/studio/7.0/toolchain/avr8/avr8-gnu-toolchain/bin/../lib/gcc/avr/5.4.0/avr6\libgcc.a(_usmulhisi3.o)
 .data          0x00000000        0x0 c:/program files (x86)/atmel/studio/7.0/toolchain/avr8/avr8-gnu-toolchain/bin/../lib/gcc/avr/5.4.0/avr6\libgcc.a(_usmulhisi3.o)
 .bss           0x00000000        0x0 c:/program files (x86)/atmel/studio/7.0/toolchain/avr8/avr8-gnu-toolchain/bin/../lib/gcc/avr/5.4.0/avr6\libgcc.a(_usmulhisi3.o)
 .text.libgcc.mul
                0x00000000        0xe c:/program files (x86)/atmel/studio/7.0/toolchain/avr8/avr8-gnu-toolchain/bin/../lib/gcc/avr/5.4.0/avr6\libgcc.a(_usmulhisi3.o)
 .text.libgcc.div
                0x00000000        0x0 c:/program files (x86)/atmel/studio/7.0/toolchain/avr8/avr8-gnu-toolchain/bin/../lib/gcc/avr/5.4.0/avr6\libgcc.a(_usmulhisi3.o)
 .text.libgcc   0x00000000        0x0 c:/program files (x86)/atmel/studio/7.0/toolchain/avr8/avr8-gnu-toolchain/bin/../lib/gcc/avr/5.4.0/avr6\libgcc.a(_usmulhisi3.o)
 .text.libgcc.prologue
                0x00000000        0x0 c:/program files (x86)/atmel/studio/7.0/toolchain/avr8/avr8-gnu-toolchain/bin/../lib/gcc/avr/5.4.0/avr6\libgcc.a(_usmulhisi3.o)
 .text.libgcc.builtins
                0x00000000        0x0 c:/program files (x86)/atmel/studio/7.0/toolchain/avr8/avr8-gnu-toolchain/bin/../lib/gcc/avr/5.4.0/avr6\libgcc.a(_usmulhisi3.o)
 .text.libgcc.fmul
                0x00000000        0x0 c:/program files (x86)/atmel/studio/7.0/toolchain/avr8/avr8-gnu-toolchain/bin/../lib/gcc/avr/5.4.0/avr6\libgcc.a(_usmulhisi3.o)
 .text.libgcc.fixed
                0x00000000        0x0 c:/program files (x86)/atmel/studio/7.0/toolchain/avr8/avr8-gnu-toolchain/bin/../lib/gcc/avr/5.4.0/avr6\libgcc.a(_usmulhisi3.o)
 .text          0x00000000        0x0 c:/program files (x86)/atmel/studio/7.0/toolchain/avr8/avr8-gnu-toolchain/bin/../lib/gcc/avr/5.4.0/avr6\libgcc.a(_muluhisi3.o)
 .data          0x00000000        0x0 c:/program files (x86)/atmel/studio/7.0/toolchain/avr8/avr8-gnu-toolchain/bin/../lib/gcc/avr/5.4.0/avr6\libgcc.a(_muluhisi3.o)
 .bss           0x00000000        0x0 c:/program files (x86)/atmel/studio/7.0/toolchain/avr8/avr8-gnu-toolchain/bin/../lib/gcc/avr/5.4.0/avr6\libgcc.a(_muluhisi3.o)
 .text.libgcc.div
                0x00000000        0x0 c:/program files (x86)/atmel/studio/7.0/toolchain/avr8/avr8-gnu-toolchain/bin/../lib/gcc/avr/5.4.0/avr6\libgcc.a(_muluhisi3.o)
 .text.libgcc   0x00000000        0x0 c:/program files (x86)/atmel/studio/7.0/toolchain/avr8/avr8-gnu-toolchain/bin/../lib/gcc/avr/5.4.0/avr6\libgcc.a(_muluhisi3.o)
 .text.libgcc.prologue
                0x00000000        0x0 c:/program files (x86)/atmel/studio/7.0/toolchain/avr8/avr8-gnu-toolchain/bin/../lib/gcc/avr/5.4.0/avr6\libgcc.a(_muluhisi3.o)
 .text.libgcc.builtins
                0x00000000        0x0 c:/program files (x86)/atmel/studio/7.0/toolchain/avr8/avr8-gnu-toolchain/bin/../lib/gcc/avr/5.4.0/avr6\libgcc.a(_muluhisi3.o)
 .text.libgcc.fmul
                0x00000000        0x0 c:/program files (x86)/atmel/studio/7.0/toolchain/avr8/avr8-gnu-toolchain/bin/../lib/gcc/avr/5.4.0/avr6\libgcc.a(_muluhisi3.o)
 .text.libgcc.fixed
                0x00000000        0x0 c:/program files (x86)/atmel/studio/7.0/toolchain/avr8/avr8-gnu-toolchain/bin/../lib/gcc/avr/5.4.0/avr6\libgcc.a(_muluhisi3.o)
 .text          0x00000000        0x0 c:/program files (x86)/atmel/studio/7.0/toolchain/avr8/avr8-gnu-toolchain/bin/../lib/gcc/avr/5.4.0/avr6\libgcc.a(_udivmodhi4.o)
 .data          0x00000000        0x0 c:/program files (x86)/atmel/studio/7.0/toolchain/avr8/avr8-gnu-toolchain/bin/../lib/gcc/avr/5.4.0/avr6\libgcc.a(_udivmodhi4.o)
 .bss           0x00000000        0x0 c:/program files (x86)/atmel/studio/7.0/toolchain/avr8/avr8-gnu-toolchain/bin/../lib/gcc/avr/5.4.0/avr6\libgcc.a(_udivmodhi4.o)
 .text.libgcc.mul
                0x00000000        0x0 c:/program files (x86)/atmel/studio/7.0/toolchain/avr8/avr8-gnu-toolchain/bin/../lib/gcc/avr/5.4.0/avr6\libgcc.a(_udivmodhi4.o)
 .text.libgcc.div
                0x00000000       0x28 c:/program files (x86)/atmel/studio/7.0/toolchain/avr8/avr8-gnu-toolchain/bin/../lib/gcc/avr/5.4.0/avr6\libgcc.a(_udivmodhi4.o)
 .text.libgcc   0x00000000        0x0 c:/program files (x86)/atmel/studio/7.0/toolchain/avr8/avr8-gnu-toolchain/bin/../lib/gcc/avr/5.4.0/avr6\libgcc.a(_udivmodhi4.o)
 .text.libgcc.prologue
                0x00000000        0x0 c:/program files (x86)/atmel/studio/7.0/toolchain/avr8/avr8-gnu-toolchain/bin/../lib/gcc/avr/5.4.0/avr6\libgcc.a(_udivmodhi4.o)
 .text.libgcc.builtins
                0x00000000        0x0 c:/program files (x86)/atmel/studio/7.0/toolchain/avr8/avr8-gnu-toolchain/bin/../lib/gcc/avr/5.4.0/avr6\libgcc.a(_udivmodhi4.o)
 .text.libgcc.fmul
                0x00000000        0x0 c:/program files (x86)/atmel/studio/7.0/toolchain/avr8/avr8-gnu-toolchain/bin/../lib/gcc/avr/5.4.0/avr6\libgcc.a(_udivmodhi4.o)
 .text.libgcc.fixed
                0x00000000        0x0 c:/program files (x86)/atmel/studio/7.0/toolchain/avr8/avr8-gnu-toolchain/bin/../lib/gcc/avr/5.4.0/avr6\libgcc.a(_udivmodhi4.o)
 .text          0x00000000        0x0 c:/program files (x86)/atmel/studio/7.0/toolchain/avr8/avr8-gnu-toolchain/bin/../lib/gcc/avr/5.4.0/avr6\libgcc.a(_umulhisi3.o)
 .data          0x00000000        0x0 c:/program files (x86)/atmel/studio/7.0/toolchain/avr8/avr8-gnu-toolchain/bin/../lib/gcc/avr/5.4.0/avr6\libgcc.a(_umulhisi3.o)
 .bss           0x00000000        0x0 c:/program files (x86)/atmel/studio/7.0/toolchain/avr8/avr8-gnu-toolchain/bin/../lib/gcc/avr/5.4.0/avr6\libgcc.a(_umulhisi3.o)
 .text.libgcc.div
                0x00000000        0x0 c:/program files (x86)/atmel/studio/7.0/toolchain/avr8/avr8-gnu-toolchain/bin/../lib/gcc/avr/5.4.0/avr6\libgcc.a(_umulhisi3.o)
 .text.libgcc   0x00000000        0x0 c:/program files (x86)/atmel/studio/7.0/toolchain/avr8/avr8-gnu-toolchain/bin/../lib/gcc/avr/5.4.0/avr6\libgcc.a(_umulhisi3.o)
 .text.libgcc.prologue
                0x00000000        0x0 c:/program files (x86)/atmel/studio/7.0/toolchain/avr8/avr8-gnu-toolchain/bin/../lib/gcc/avr/5.4.0/avr6\libgcc.a(_umulhisi3.o)
 .text.libgcc.builtins
                0x00000000        0x0 c:/program files (x86)/atmel/studio/7.0/toolchain/avr8/avr8-gnu-toolchain/bin/../lib/gcc/avr/5.4.0/avr6\libgcc.a(_umulhisi3.o)
 .text.libgcc.fmul
                0x00000000        0x0 c:/program files (x86)/atmel/studio/7.0/toolchain/avr8/avr8-gnu-toolchain/bin/../lib/gcc/avr/5.4.0/avr6\libgcc.a(_umulhisi3.o)
 .text.libgcc.fixed
                0x00000000        0x0 c:/program files (x86)/atmel/studio/7.0/toolchain/avr8/avr8-gnu-toolchain/bin/../lib/gcc/avr/5.4.0/avr6\libgcc.a(_umulhisi3.o)
 .text          0x00000000        0x0 c:/program files (x86)/atmel/studio/7.0/toolchain/avr8/avr8-gnu-toolchain/bin/../lib/gcc/avr/5.4.0/../../../../avr/lib/avr6\libc.a(itoa_ncheck.o)
 .data          0x00000000        0x0 c:/program files (x86)/atmel/studio/7.0/toolchain/avr8/avr8-gnu-toolchain/bin/../lib/gcc/avr/5.4.0/../../../../avr/lib/avr6\libc.a(itoa_ncheck.o)
 .bss           0x00000000        0x0 c:/program files (x86)/atmel/studio/7.0/toolchain/avr8/avr8-gnu-toolchain/bin/../lib/gcc/avr/5.4.0/../../../../avr/lib/avr6\libc.a(itoa_ncheck.o)
 .text.avr-libc
                0x00000000       0x16 c:/program files (x86)/atmel/studio/7.0/toolchain/avr8/avr8-gnu-toolchain/bin/../lib/gcc/avr/5.4.0/../../../../avr/lib/avr6\libc.a(itoa_ncheck.o)
 .text          0x00000000        0x0 c:/program files (x86)/atmel/studio/7.0/toolchain/avr8/avr8-gnu-toolchain/bin/../lib/gcc/avr/5.4.0/../../../../avr/lib/avr6\libc.a(utoa_ncheck.o)
 .data          0x00000000        0x0 c:/program files (x86)/atmel/studio/7.0/toolchain/avr8/avr8-gnu-toolchain/bin/../lib/gcc/avr/5.4.0/../../../../avr/lib/avr6\libc.a(utoa_ncheck.o)
 .bss           0x00000000        0x0 c:/program files (x86)/atmel/studio/7.0/toolchain/avr8/avr8-gnu-toolchain/bin/../lib/gcc/avr/5.4.0/../../../../avr/lib/avr6\libc.a(utoa_ncheck.o)
 .text.avr-libc
                0x00000000       0x34 c:/program files (x86)/atmel/studio/7.0/toolchain/avr8/avr8-gnu-toolchain/bin/../lib/gcc/avr/5.4.0/../../../../avr/lib/avr6\libc.a(utoa_ncheck.o)
 .text          0x00000000        0x0 c:/program files (x86)/atmel/studio/7.0/toolchain/avr8/avr8-gnu-toolchain/bin/../lib/gcc/avr/5.4.0/../../../../avr/lib/avr6\libc.a(strrev.o)
 .data          0x00000000        0x0 c:/program files (x86)/atmel/studio/7.0/toolchain/avr8/avr8-gnu-toolchain/bin/../lib/gcc/avr/5.4.0/../../../../avr/lib/avr6\libc.a(strrev.o)
 .bss           0x00000000        0x0 c:/program files (x86)/atmel/studio/7.0/toolchain/avr8/avr8-gnu-toolchain/bin/../lib/gcc/avr/5.4.0/../../../../avr/lib/avr6\libc.a(strrev.o)
 .text.avr-libc
                0x00000000       0x20 c:/program files (x86)/atmel/studio/7.0/toolchain/avr8/avr8-gnu-toolchain/bin/../lib/gcc/avr/5.4.0/../../../../avr/lib/avr6\libc.a(strrev.o)

Memory Configuration

Name             Origin             Length             Attributes
text             0x00000000         0x00100000         xr
data             0x00800200         0x0000fe00         rw !x
eeprom           0x00810000         0x00010000         rw !x
fuse             0x00820000         0x00000003         rw !x
lock             0x00830000         0x00000400         rw !x
signature        0x00840000         0x00000400         rw !x
user_signatures  0x00850000         0x00000400         rw !x
*default*        0x00000000         0xffffffff

Linker script and memory map

Address of section .data set to 0x800200
LOAD C:/Program Files (x86)/Atmel/Studio/7.0/Packs/atmel/ATmega_DFP/1.3.300/gcc/dev/atmega2560/avr6/crtatmega2560.o
LOAD bsp/lcd/lcd.o
LOAD bsp/rtc/ds1307.o
LOAD drivers/adc.o
LOAD drivers/gpio.o
LOAD drivers/hardwareSerial0.o
LOAD drivers/interrupts.o
LOAD drivers/pinChangeInterrupts.o
LOAD drivers/pwm.o
LOAD drivers/hardwareSerial2.o
LOAD drivers/spi.o
LOAD drivers/timer0_millis.o
LOAD drivers/pins_2560.o
LOAD drivers/timers.o
LOAD drivers/twi.o
LOAD main.o
START GROUP
LOAD c:/program files (x86)/atmel/studio/7.0/toolchain/avr8/avr8-gnu-toolchain/bin/../lib/gcc/avr/5.4.0/../../../../avr/lib/avr6\libm.a
END GROUP
START GROUP
LOAD c:/program files (x86)/atmel/studio/7.0/toolchain/avr8/avr8-gnu-toolchain/bin/../lib/gcc/avr/5.4.0/avr6\libgcc.a
LOAD c:/program files (x86)/atmel/studio/7.0/toolchain/avr8/avr8-gnu-toolchain/bin/../lib/gcc/avr/5.4.0/../../../../avr/lib/avr6\libm.a
LOAD c:/program files (x86)/atmel/studio/7.0/toolchain/avr8/avr8-gnu-toolchain/bin/../lib/gcc/avr/5.4.0/../../../../avr/lib/avr6\libc.a
LOAD C:/Program Files (x86)/Atmel/Studio/7.0/Packs/atmel/ATmega_DFP/1.3.300/gcc/dev/atmega2560/avr6\libatmega2560.a
END GROUP
                0x00000000                __TEXT_REGION_ORIGIN__ = DEFINED (__TEXT_REGION_ORIGIN__)?__TEXT_REGION_ORIGIN__:0x0
                0x00800200                __DATA_REGION_ORIGIN__ = DEFINED (__DATA_REGION_ORIGIN__)?__DATA_REGION_ORIGIN__:0x800200
                0x00100000                __TEXT_REGION_LENGTH__ = DEFINED (__TEXT_REGION_LENGTH__)?__TEXT_REGION_LENGTH__:0x100000
                0x0000fe00                __DATA_REGION_LENGTH__ = DEFINED (__DATA_REGION_LENGTH__)?__DATA_REGION_LENGTH__:0xfe00
                0x00010000                __EEPROM_REGION_LENGTH__ = DEFINED (__EEPROM_REGION_LENGTH__)?__EEPROM_REGION_LENGTH__:0x10000
                [0x00000003]                __FUSE_REGION_LENGTH__ = DEFINED (__FUSE_REGION_LENGTH__)?__FUSE_REGION_LENGTH__:0x400
                0x00000400                __LOCK_REGION_LENGTH__ = DEFINED (__LOCK_REGION_LENGTH__)?__LOCK_REGION_LENGTH__:0x400
                0x00000400                __SIGNATURE_REGION_LENGTH__ = DEFINED (__SIGNATURE_REGION_LENGTH__)?__SIGNATURE_REGION_LENGTH__:0x400
                0x00000400                __USER_SIGNATURE_REGION_LENGTH__ = DEFINED (__USER_SIGNATURE_REGION_LENGTH__)?__USER_SIGNATURE_REGION_LENGTH__:0x400

.hash
 *(.hash)

.dynsym
 *(.dynsym)

.dynstr
 *(.dynstr)

.gnu.version
 *(.gnu.version)

.gnu.version_d
 *(.gnu.version_d)

.gnu.version_r
 *(.gnu.version_r)

.rel.init
 *(.rel.init)

.rela.init
 *(.rela.init)

.rel.text
 *(.rel.text)
 *(.rel.text.*)
 *(.rel.gnu.linkonce.t*)

.rela.text
 *(.rela.text)
 *(.rela.text.*)
 *(.rela.gnu.linkonce.t*)

.rel.fini
 *(.rel.fini)

.rela.fini
 *(.rela.fini)

.rel.rodata
 *(.rel.rodata)
 *(.rel.rodata.*)
 *(.rel.gnu.linkonce.r*)

.rela.rodata
 *(.rela.rodata)
 *(.rela.rodata.*)
 *(.rela.gnu.linkonce.r*)

.rel.data
 *(.rel.data)
 *(.rel.data.*)
 *(.rel.gnu.linkonce.d*)

.rela.data
 *(.rela.data)
 *(.rela.data.*)
 *(.rela.gnu.linkonce.d*)

.rel.ctors
 *(.rel.ctors)

.rela.ctors
 *(.rela.ctors)

.rel.dtors
 *(.rel.dtors)

.rela.dtors
 *(.rela.dtors)

.rel.got
 *(.rel.got)

.rela.got
 *(.rela.got)

.rel.bss
 *(.rel.bss)

.rela.bss
 *(.rela.bss)

.rel.plt
 *(.rel.plt)

.rela.plt
 *(.rela.plt)

.text           0x00000000     0x2f28
 *(.vectors)
 .vectors       0x00000000       0xe4 C:/Program Files (x86)/Atmel/Studio/7.0/Packs/atmel/ATmega_DFP/1.3.300/gcc/dev/atmega2560/avr6/crtatmega2560.o
                0x00000000                __vector_default
                0x00000000                __vectors
 *(.vectors)
 *(.progmem.gcc*)
 .progmem.gcc_sw_table.attachInterrupt
                0x000000e4       0x10 drivers/interrupts.o
 .progmem.gcc_sw_table.analogWrite
                0x000000f4       0x24 drivers/pwm.o
 .progmem.gcc_sw_table.__vector_39
                0x00000118      0x192 drivers/twi.o
                0x000002aa                . = ALIGN (0x2)
                0x000002aa                __trampolines_start = .
 *(.trampolines)
 .trampolines   0x000002aa        0x0 linker stubs
 *(.trampolines*)
                0x000002aa                __trampolines_end = .
 *libprintf_flt.a:*(.progmem.data)
 *libc.a:*(.progmem.data)
 *(.progmem*)
 .progmem.data.pin_to_timer_PGM
                0x000002aa       0x65 drivers/pins_2560.o
                0x000002aa                pin_to_timer_PGM
 .progmem.data.pin_to_bit_mask_PGM
                0x0000030f       0x65 drivers/pins_2560.o
                0x0000030f                pin_to_bit_mask_PGM
 .progmem.data.pin_to_port_PGM
                0x00000374       0x65 drivers/pins_2560.o
                0x00000374                pin_to_port_PGM
 .progmem.data.port_to_output_PGM
                0x000003d9       0x1a drivers/pins_2560.o
                0x000003d9                port_to_output_PGM
 .progmem.data.port_to_ddr_PGM
                0x000003f3       0x1a drivers/pins_2560.o
                0x000003f3                port_to_ddr_PGM
 .progmem.data.tone_pin_to_timer_PGM
                0x0000040d        0x1 drivers/timers.o
                0x0000040d                tone_pin_to_timer_PGM
                0x0000040e                . = ALIGN (0x2)
 *(.jumptables)
 *(.jumptables*)
 *(.lowtext)
 *(.lowtext*)
                0x0000040e                __ctors_start = .
 *(.ctors)
                0x0000040e                __ctors_end = .
                0x0000040e                __dtors_start = .
 *(.dtors)
                0x0000040e                __dtors_end = .
 SORT(*)(.ctors)
 SORT(*)(.dtors)
 *(.init0)
 .init0         0x0000040e        0x0 C:/Program Files (x86)/Atmel/Studio/7.0/Packs/atmel/ATmega_DFP/1.3.300/gcc/dev/atmega2560/avr6/crtatmega2560.o
                0x0000040e                __init
 *(.init0)
 *(.init1)
 *(.init1)
 *(.init2)
 .init2         0x0000040e       0x10 C:/Program Files (x86)/Atmel/Studio/7.0/Packs/atmel/ATmega_DFP/1.3.300/gcc/dev/atmega2560/avr6/crtatmega2560.o
 *(.init2)
 *(.init3)
 *(.init3)
 *(.init4)
 .init4         0x0000041e       0x1a c:/program files (x86)/atmel/studio/7.0/toolchain/avr8/avr8-gnu-toolchain/bin/../lib/gcc/avr/5.4.0/avr6\libgcc.a(_copy_data.o)
                0x0000041e                __do_copy_data
 .init4         0x00000438       0x10 c:/program files (x86)/atmel/studio/7.0/toolchain/avr8/avr8-gnu-toolchain/bin/../lib/gcc/avr/5.4.0/avr6\libgcc.a(_clear_bss.o)
                0x00000438                __do_clear_bss
 *(.init4)
 *(.init5)
 *(.init5)
 *(.init6)
 *(.init6)
 *(.init7)
 *(.init7)
 *(.init8)
 *(.init8)
 *(.init9)
 .init9         0x00000448        0x8 C:/Program Files (x86)/Atmel/Studio/7.0/Packs/atmel/ATmega_DFP/1.3.300/gcc/dev/atmega2560/avr6/crtatmega2560.o
 *(.init9)
 *(.text)
 .text          0x00000450        0x2 C:/Program Files (x86)/Atmel/Studio/7.0/Packs/atmel/ATmega_DFP/1.3.300/gcc/dev/atmega2560/avr6/crtatmega2560.o
                0x00000450                __vector_38
                0x00000450                __vector_22
                0x00000450                __vector_28
                0x00000450                __vector_34
                0x00000450                __vector_12
                0x00000450                __vector_55
                0x00000450                __vector_46
                0x00000450                __bad_interrupt
                0x00000450                __vector_31
                0x00000450                __vector_35
                0x00000450                __vector_30
                0x00000450                __vector_45
                0x00000450                __vector_54
                0x00000450                __vector_13
                0x00000450                __vector_17
                0x00000450                __vector_19
                0x00000450                __vector_56
                0x00000450                __vector_49
                0x00000450                __vector_41
                0x00000450                __vector_43
                0x00000450                __vector_27
                0x00000450                __vector_33
                0x00000450                __vector_47
                0x00000450                __vector_37
                0x00000450                __vector_44
                0x00000450                __vector_21
                0x00000450                __vector_15
                0x00000450                __vector_36
                0x00000450                __vector_29
                0x00000450                __vector_40
                0x00000450                __vector_48
                0x00000450                __vector_14
                0x00000450                __vector_53
                0x00000450                __vector_50
                0x00000450                __vector_16
                0x00000450                __vector_18
                0x00000450                __vector_20
                0x00000450                __vector_42
                0x00000452                . = ALIGN (0x2)
 *(.text.*)
 .text.pulseEnable
                0x00000452       0x24 bsp/lcd/lcd.o
                0x00000452                pulseEnable
 .text.write4bits
                0x00000476       0x68 bsp/lcd/lcd.o
                0x00000476                write4bits
 .text.write8bits
                0x000004de       0x4e bsp/lcd/lcd.o
                0x000004de                write8bits
 .text.send     0x0000052c       0x2e bsp/lcd/lcd.o
                0x0000052c                send
 .text.command  0x0000055a        0x6 bsp/lcd/lcd.o
                0x0000055a                command
 .text.lcd_clear
                0x00000560       0x12 bsp/lcd/lcd.o
                0x00000560                lcd_clear
 .text.lcd_setCursor
                0x00000572       0x36 bsp/lcd/lcd.o
                0x00000572                lcd_setCursor
 .text.lcd_display_on
                0x000005a8       0x12 bsp/lcd/lcd.o
                0x000005a8                lcd_display_on
 .text.lcd_init
                0x000005ba      0x114 bsp/lcd/lcd.o
                0x000005ba                lcd_init
 .text.write    0x000006ce        0x8 bsp/lcd/lcd.o
                0x000006ce                write
 .text.lcd_puts
                0x000006d6       0x1c bsp/lcd/lcd.o
                0x000006d6                lcd_puts
 .text.LCD_PrintString
                0x000006f2       0x16 bsp/lcd/lcd.o
                0x000006f2                LCD_PrintString
 .text.DS1307Read
                0x00000708       0x52 bsp/rtc/ds1307.o
                0x00000708                DS1307Read
 .text.DS1307Write
                0x0000075a       0x54 bsp/rtc/ds1307.o
                0x0000075a                DS1307Write
 .text.ClockInit
                0x000007ae       0x64 bsp/rtc/ds1307.o
                0x000007ae                ClockInit
 .text.GetTimeString
                0x00000812       0xb0 bsp/rtc/ds1307.o
                0x00000812                GetTimeString
 .text.adc_init
                0x000008c2       0x1e drivers/adc.o
                0x000008c2                adc_init
 .text.pinMode  0x000008e0       0x7e drivers/gpio.o
                0x000008e0                pinMode
 .text.digitalWrite
                0x0000095e       0x44 drivers/gpio.o
                0x0000095e                digitalWrite
 .text.togglePin
                0x000009a2       0x34 drivers/gpio.o
                0x000009a2                togglePin
 .text.Serial0_begin
                0x000009d6       0xd2 drivers/hardwareSerial0.o
                0x000009d6                Serial0_begin
 .text.Serial0_available
                0x00000aa8       0x18 drivers/hardwareSerial0.o
                0x00000aa8                Serial0_available
 .text.Serial0_read
                0x00000ac0       0x2e drivers/hardwareSerial0.o
                0x00000ac0                Serial0_read
 .text.Serial0_timedRead
                0x00000aee       0x5e drivers/hardwareSerial0.o
                0x00000aee                Serial0_timedRead
 .text.Serial0_readAllBytes
                0x00000b4c       0x42 drivers/hardwareSerial0.o
                0x00000b4c                Serial0_readAllBytes
 .text._tx0_udr_empty_irq
                0x00000b8e       0x50 drivers/hardwareSerial0.o
                0x00000b8e                _tx0_udr_empty_irq
 .text.Serial0_write
                0x00000bde       0xa0 drivers/hardwareSerial0.o
                0x00000bde                Serial0_write
 .text.Serial0_print
                0x00000c7e       0x34 drivers/hardwareSerial0.o
                0x00000c7e                Serial0_print
 .text._rx0_complete_irq
                0x00000cb2       0x34 drivers/hardwareSerial0.o
                0x00000cb2                _rx0_complete_irq
 .text.__vector_25
                0x00000ce6       0x4e drivers/hardwareSerial0.o
                0x00000ce6                __vector_25
 .text.__vector_26
                0x00000d34       0x4e drivers/hardwareSerial0.o
                0x00000d34                __vector_26
 .text.nothing  0x00000d82        0x2 drivers/interrupts.o
 .text.attachInterrupt
                0x00000d84       0xfa drivers/interrupts.o
                0x00000d84                attachInterrupt
 .text.__vector_1
                0x00000e7e       0x56 drivers/interrupts.o
                0x00000e7e                __vector_1
 .text.__vector_2
                0x00000ed4       0x56 drivers/interrupts.o
                0x00000ed4                __vector_2
 .text.__vector_3
                0x00000f2a       0x56 drivers/interrupts.o
                0x00000f2a                __vector_3
 .text.__vector_4
                0x00000f80       0x56 drivers/interrupts.o
                0x00000f80                __vector_4
 .text.__vector_5
                0x00000fd6       0x56 drivers/interrupts.o
                0x00000fd6                __vector_5
 .text.__vector_6
                0x0000102c       0x56 drivers/interrupts.o
                0x0000102c                __vector_6
 .text.__vector_7
                0x00001082       0x56 drivers/interrupts.o
                0x00001082                __vector_7
 .text.__vector_8
                0x000010d8       0x56 drivers/interrupts.o
                0x000010d8                __vector_8
 .text.enablePinChangeInterruptHelper
                0x0000112e       0x90 drivers/pinChangeInterrupts.o
                0x0000112e                enablePinChangeInterruptHelper
 .text.attachPinChangeInterrupt
                0x000011be      0x1ae drivers/pinChangeInterrupts.o
                0x000011be                attachPinChangeInterrupt
 .text.PinChangeInterruptEventPCINT0
                0x0000136c        0xc drivers/pinChangeInterrupts.o
                0x0000136c                PinChangeInterruptEventPCINT0
 .text.PinChangeInterruptEventPCINT1
                0x00001378        0xc drivers/pinChangeInterrupts.o
                0x00001378                PinChangeInterruptEventPCINT1
 .text.PinChangeInterruptEventPCINT2
                0x00001384        0xc drivers/pinChangeInterrupts.o
                0x00001384                PinChangeInterruptEventPCINT2
 .text.PinChangeInterruptEventPCINT3
                0x00001390        0xc drivers/pinChangeInterrupts.o
                0x00001390                PinChangeInterruptEventPCINT3
 .text.PinChangeInterruptEventPCINT4
                0x0000139c        0xc drivers/pinChangeInterrupts.o
                0x0000139c                PinChangeInterruptEventPCINT4
 .text.PinChangeInterruptEventPCINT5
                0x000013a8        0xc drivers/pinChangeInterrupts.o
                0x000013a8                PinChangeInterruptEventPCINT5
 .text.PinChangeInterruptEventPCINT6
                0x000013b4        0xc drivers/pinChangeInterrupts.o
                0x000013b4                PinChangeInterruptEventPCINT6
 .text.PinChangeInterruptEventPCINT7
                0x000013c0        0xc drivers/pinChangeInterrupts.o
                0x000013c0                PinChangeInterruptEventPCINT7
 .text.__vector_9
                0x000013cc       0x90 drivers/pinChangeInterrupts.o
                0x000013cc                __vector_9
 .text.PinChangeInterruptEventPCINT8
                0x0000145c        0xc drivers/pinChangeInterrupts.o
                0x0000145c                PinChangeInterruptEventPCINT8
 .text.PinChangeInterruptEventPCINT9
                0x00001468        0xc drivers/pinChangeInterrupts.o
                0x00001468                PinChangeInterruptEventPCINT9
 .text.PinChangeInterruptEventPCINT10
                0x00001474        0xc drivers/pinChangeInterrupts.o
                0x00001474                PinChangeInterruptEventPCINT10
 .text.PinChangeInterruptEventPCINT11
                0x00001480        0xc drivers/pinChangeInterrupts.o
                0x00001480                PinChangeInterruptEventPCINT11
 .text.PinChangeInterruptEventPCINT12
                0x0000148c        0xc drivers/pinChangeInterrupts.o
                0x0000148c                PinChangeInterruptEventPCINT12
 .text.PinChangeInterruptEventPCINT13
                0x00001498        0xc drivers/pinChangeInterrupts.o
                0x00001498                PinChangeInterruptEventPCINT13
 .text.PinChangeInterruptEventPCINT14
                0x000014a4        0xc drivers/pinChangeInterrupts.o
                0x000014a4                PinChangeInterruptEventPCINT14
 .text.PinChangeInterruptEventPCINT15
                0x000014b0        0xc drivers/pinChangeInterrupts.o
                0x000014b0                PinChangeInterruptEventPCINT15
 .text.__vector_10
                0x000014bc       0x9a drivers/pinChangeInterrupts.o
                0x000014bc                __vector_10
 .text.PinChangeInterruptEventPCINT16
                0x00001556        0xc drivers/pinChangeInterrupts.o
                0x00001556                PinChangeInterruptEventPCINT16
 .text.PinChangeInterruptEventPCINT17
                0x00001562        0xc drivers/pinChangeInterrupts.o
                0x00001562                PinChangeInterruptEventPCINT17
 .text.PinChangeInterruptEventPCINT18
                0x0000156e        0xc drivers/pinChangeInterrupts.o
                0x0000156e                PinChangeInterruptEventPCINT18
 .text.PinChangeInterruptEventPCINT19
                0x0000157a        0xc drivers/pinChangeInterrupts.o
                0x0000157a                PinChangeInterruptEventPCINT19
 .text.PinChangeInterruptEventPCINT20
                0x00001586        0xc drivers/pinChangeInterrupts.o
                0x00001586                PinChangeInterruptEventPCINT20
 .text.PinChangeInterruptEventPCINT21
                0x00001592        0xc drivers/pinChangeInterrupts.o
                0x00001592                PinChangeInterruptEventPCINT21
 .text.PinChangeInterruptEventPCINT22
                0x0000159e        0xc drivers/pinChangeInterrupts.o
                0x0000159e                PinChangeInterruptEventPCINT22
 .text.PinChangeInterruptEventPCINT23
                0x000015aa        0xc drivers/pinChangeInterrupts.o
                0x000015aa                PinChangeInterruptEventPCINT23
 .text.__vector_11
                0x000015b6       0x92 drivers/pinChangeInterrupts.o
                0x000015b6                __vector_11
 .text.pwm_init
                0x00001648       0x80 drivers/pwm.o
                0x00001648                pwm_init
 .text.analogWrite
                0x000016c8      0x18e drivers/pwm.o
                0x000016c8                analogWrite
 .text._tx2_udr_empty_irq
                0x00001856       0x50 drivers/hardwareSerial2.o
                0x00001856                _tx2_udr_empty_irq
 .text._rx2_complete_irq
                0x000018a6       0x34 drivers/hardwareSerial2.o
                0x000018a6                _rx2_complete_irq
 .text.__vector_51
                0x000018da       0x4e drivers/hardwareSerial2.o
                0x000018da                __vector_51
 .text.__vector_52
                0x00001928       0x4e drivers/hardwareSerial2.o
                0x00001928                __vector_52
 .text.__vector_24
                0x00001976       0xbe drivers/spi.o
                0x00001976                __vector_24
 .text.millis_init
                0x00001a34       0x26 drivers/timer0_millis.o
                0x00001a34                millis_init
 .text.millis   0x00001a5a       0x18 drivers/timer0_millis.o
                0x00001a5a                millis
 .text.micros   0x00001a72       0x4c drivers/timer0_millis.o
                0x00001a72                micros
 .text.delay_ms
                0x00001abe       0x7a drivers/timer0_millis.o
                0x00001abe                delay_ms
 .text.__vector_23
                0x00001b38       0x94 drivers/timer0_millis.o
                0x00001b38                __vector_23
 .text.tone     0x00001bcc      0x6e4 drivers/timers.o
                0x00001bcc                tone
 .text.disableTimer
                0x000022b0       0x74 drivers/timers.o
                0x000022b0                disableTimer
 .text.noTone   0x00002324       0x2a drivers/timers.o
                0x00002324                noTone
 .text.__vector_32
                0x0000234e       0xd0 drivers/timers.o
                0x0000234e                __vector_32
 .text.twi_init
                0x0000241e       0x26 drivers/twi.o
                0x0000241e                twi_init
 .text.twi_disable
                0x00002444       0x1c drivers/twi.o
                0x00002444                twi_disable
 .text.twi_releaseBus
                0x00002460        0xc drivers/twi.o
                0x00002460                twi_releaseBus
 .text.twi_handleTimeout
                0x0000246c       0x3c drivers/twi.o
                0x0000246c                twi_handleTimeout
 .text.twi_readFrom
                0x000024a8      0x1d8 drivers/twi.o
                0x000024a8                twi_readFrom
 .text.twi_writeTo
                0x00002680      0x226 drivers/twi.o
                0x00002680                twi_writeTo
 .text.twi_stop
                0x000028a6       0x7c drivers/twi.o
                0x000028a6                twi_stop
 .text.__vector_39
                0x00002922      0x238 drivers/twi.o
                0x00002922                __vector_39
 .text.sdDetected
                0x00002b5a        0xe main.o
                0x00002b5a                sdDetected
 .text.Button1  0x00002b68       0x10 main.o
                0x00002b68                Button1
 .text.Button2  0x00002b78        0x8 main.o
                0x00002b78                Button2
 .text.Button3  0x00002b80        0x8 main.o
                0x00002b80                Button3
 .text.birthday
                0x00002b88      0x21c main.o
                0x00002b88                birthday
 .text.main     0x00002da4       0xfa main.o
                0x00002da4                main
 .text.libgcc.div
                0x00002e9e       0x44 c:/program files (x86)/atmel/studio/7.0/toolchain/avr8/avr8-gnu-toolchain/bin/../lib/gcc/avr/5.4.0/avr6\libgcc.a(_udivmodsi4.o)
                0x00002e9e                __udivmodsi4
 .text.libgcc   0x00002ee2       0x10 c:/program files (x86)/atmel/studio/7.0/toolchain/avr8/avr8-gnu-toolchain/bin/../lib/gcc/avr/5.4.0/avr6\libgcc.a(_tablejump2.o)
                0x00002ee2                __tablejump2__
 .text.libgcc.mul
                0x00002ef2       0x14 c:/program files (x86)/atmel/studio/7.0/toolchain/avr8/avr8-gnu-toolchain/bin/../lib/gcc/avr/5.4.0/avr6\libgcc.a(_muluhisi3.o)
                0x00002ef2                __muluhisi3
 .text.libgcc.mul
                0x00002f06       0x1e c:/program files (x86)/atmel/studio/7.0/toolchain/avr8/avr8-gnu-toolchain/bin/../lib/gcc/avr/5.4.0/avr6\libgcc.a(_umulhisi3.o)
                0x00002f06                __umulhisi3
                0x00002f24                . = ALIGN (0x2)
 *(.fini9)
 .fini9         0x00002f24        0x0 c:/program files (x86)/atmel/studio/7.0/toolchain/avr8/avr8-gnu-toolchain/bin/../lib/gcc/avr/5.4.0/avr6\libgcc.a(_exit.o)
                0x00002f24                _exit
                0x00002f24                exit
 *(.fini9)
 *(.fini8)
 *(.fini8)
 *(.fini7)
 *(.fini7)
 *(.fini6)
 *(.fini6)
 *(.fini5)
 *(.fini5)
 *(.fini4)
 *(.fini4)
 *(.fini3)
 *(.fini3)
 *(.fini2)
 *(.fini2)
 *(.fini1)
 *(.fini1)
 *(.fini0)
 .fini0         0x00002f24        0x4 c:/program files (x86)/atmel/studio/7.0/toolchain/avr8/avr8-gnu-toolchain/bin/../lib/gcc/avr/5.4.0/avr6\libgcc.a(_exit.o)
 *(.fini0)
                0x00002f28                _etext = .

.data           0x00800200       0x46 load address 0x00002f28
                0x00800200                PROVIDE (__data_start, .)
 *(.data)
 *(.data*)
 .data.intFunc  0x00800200       0x10 drivers/interrupts.o
 .data.tone_pins
                0x00800210        0x1 drivers/timers.o
 *(.gnu.linkonce.d*)
 *(.rodata)
 *(.rodata*)
 .rodata.str1.1
                0x00800211        0xc bsp/rtc/ds1307.o
 .rodata.str1.1
                0x0080021d       0x28 main.o
 *(.gnu.linkonce.r*)
                0x00800246                . = ALIGN (0x2)
 *fill*         0x00800245        0x1 
                0x00800246                _edata = .
                0x00800246                PROVIDE (__data_end, .)

.bss            0x00800246      0x297
                0x00800246                PROVIDE (__bss_start, .)
 *(.bss)
 *(.bss*)
 .bss.risingPorts
                0x00800246        0x3 drivers/pinChangeInterrupts.o
                0x00800246                risingPorts
 .bss.fallingPorts
                0x00800249        0x3 drivers/pinChangeInterrupts.o
                0x00800249                fallingPorts
 .bss.oldPorts  0x0080024c        0x3 drivers/pinChangeInterrupts.o
                0x0080024c                oldPorts
 .bss.SPI_bytesRequest
                0x0080024f        0x1 drivers/spi.o
 .bss.SPI_CTS   0x00800250        0x1 drivers/spi.o
 .bss.SPI_RxTail
                0x00800251        0x1 drivers/spi.o
 .bss.SPI_RxHead
                0x00800252        0x1 drivers/spi.o
 .bss.SPI_TxTail
                0x00800253        0x1 drivers/spi.o
 .bss.SPI_TxHead
                0x00800254        0x1 drivers/spi.o
 .bss.SPI_RxBuf
                0x00800255       0x40 drivers/spi.o
 .bss.SPI_TxBuf
                0x00800295       0x40 drivers/spi.o
 .bss.timer0_fract
                0x008002d5        0x1 drivers/timer0_millis.o
 .bss.timer0_millis
                0x008002d6        0x4 drivers/timer0_millis.o
                0x008002d6                timer0_millis
 .bss.timer0_overflow_count
                0x008002da        0x4 drivers/timer0_millis.o
                0x008002da                timer0_overflow_count
 .bss.twi_error
                0x008002de        0x1 drivers/twi.o
 .bss.twi_rxBufferIndex
                0x008002df        0x1 drivers/twi.o
 .bss.twi_rxBuffer
                0x008002e0       0x20 drivers/twi.o
 .bss.twi_txBufferLength
                0x00800300        0x1 drivers/twi.o
 .bss.twi_txBufferIndex
                0x00800301        0x1 drivers/twi.o
 .bss.twi_txBuffer
                0x00800302       0x20 drivers/twi.o
 .bss.twi_masterBufferLength
                0x00800322        0x1 drivers/twi.o
 .bss.twi_masterBufferIndex
                0x00800323        0x1 drivers/twi.o
 .bss.twi_masterBuffer
                0x00800324       0x20 drivers/twi.o
 .bss.twi_onSlaveReceive
                0x00800344        0x2 drivers/twi.o
 .bss.twi_onSlaveTransmit
                0x00800346        0x2 drivers/twi.o
 .bss.twi_do_reset_on_timeout
                0x00800348        0x1 drivers/twi.o
 .bss.twi_timed_out_flag
                0x00800349        0x1 drivers/twi.o
 .bss.twi_timeout_us
                0x0080034a        0x4 drivers/twi.o
 .bss.twi_inRepStart
                0x0080034e        0x1 drivers/twi.o
 .bss.twi_sendStop
                0x0080034f        0x1 drivers/twi.o
 .bss.twi_slarw
                0x00800350        0x1 drivers/twi.o
 .bss.twi_state
                0x00800351        0x1 drivers/twi.o
 *(COMMON)
 COMMON         0x00800352       0x11 bsp/lcd/lcd.o
                0x00800352                _row_offsets
                0x00800356                _displaycontrol
                0x00800357                _numlines
                0x00800358                _data_pins
                0x00800360                _displaymode
                0x00800361                _displayfunction
                0x00800362                _initialized
 COMMON         0x00800363      0x120 bsp/rtc/ds1307.o
                0x00800363                _tx_buffer0_head
                0x00800364                _startMillis1
                0x00800368                _startMillis0
                0x0080036c                _rx_buffer0_tail
                0x0080036d                _tx_buffer_tail
                0x0080036e                _tx_buffer
                0x008003ae                _tx_buffer0_tail
                0x008003af                _rx_buffer
                0x008003ef                _rx_buffer0_head
                0x008003f0                _tx_buffer0
                0x00800430                _tx_buffer_head
                0x00800431                _startMillis
                0x00800435                _rx_buffer0
                0x00800475                _rx_buffer_tail
                0x00800476                _ttimeout
                0x0080047a                _timeout1
                0x0080047e                _rx_buffer_head
                0x0080047f                _timeout0
 COMMON         0x00800483       0x30 drivers/pinChangeInterrupts.o
                0x00800483                callbackPCINT0
                0x00800485                callbackPCINT18
                0x00800487                callbackPCINT21
                0x00800489                callbackPCINT1
                0x0080048b                callbackPCINT7
                0x0080048d                callbackPCINT16
                0x0080048f                callbackPCINT19
                0x00800491                callbackPCINT9
                0x00800493                callbackPCINT23
                0x00800495                callbackPCINT11
                0x00800497                callbackPCINT6
                0x00800499                callbackPCINT8
                0x0080049b                callbackPCINT2
                0x0080049d                callbackPCINT4
                0x0080049f                callbackPCINT14
                0x008004a1                callbackPCINT13
                0x008004a3                callbackPCINT10
                0x008004a5                callbackPCINT17
                0x008004a7                callbackPCINT5
                0x008004a9                callbackPCINT22
                0x008004ab                callbackPCINT15
                0x008004ad                callbackPCINT3
                0x008004af                callbackPCINT12
                0x008004b1                callbackPCINT20
 COMMON         0x008004b3       0x2a drivers/timers.o
                0x008004b3                timer0_pin_mask
                0x008004b4                timer3_pin_mask
                0x008004b5                timer5_toggle_count
                0x008004b9                timer2_pin_port
                0x008004bb                timer4_pin_mask
                0x008004bc                timer3_pin_port
                0x008004be                timer4_toggle_count
                0x008004c2                timer3_toggle_count
                0x008004c6                timer2_pin_mask
                0x008004c7                timer5_pin_port
                0x008004c9                timer4_pin_port
                0x008004cb                timer0_pin_port
                0x008004cd                timer1_toggle_count
                0x008004d1                timer1_pin_mask
                0x008004d2                timer1_pin_port
                0x008004d4                timer0_toggle_count
                0x008004d8                timer5_pin_mask
                0x008004d9                timer2_toggle_count
                0x008004dd                PROVIDE (__bss_end, .)
                0x00002f28                __data_load_start = LOADADDR (.data)
                0x00002f6e                __data_load_end = (__data_load_start + SIZEOF (.data))

.noinit         0x008004dd        0x0
                [!provide]                PROVIDE (__noinit_start, .)
 *(.noinit*)
                [!provide]                PROVIDE (__noinit_end, .)
                0x008004dd                _end = .
                [!provide]                PROVIDE (__heap_start, .)

.eeprom         0x00810000        0x0
 *(.eeprom*)
                0x00810000                __eeprom_end = .

.fuse
 *(.fuse)
 *(.lfuse)
 *(.hfuse)
 *(.efuse)

.lock
 *(.lock*)

.signature
 *(.signature*)

.user_signatures
 *(.user_signatures*)

.stab
 *(.stab)

.stabstr
 *(.stabstr)

.stab.excl
 *(.stab.excl)

.stab.exclstr
 *(.stab.exclstr)

.stab.index
 *(.stab.index)

.stab.indexstr
 *(.stab.indexstr)

.comment        0x00000000       0x30
 *(.comment)
 .comment       0x00000000       0x30 bsp/lcd/lcd.o
                                 0x31 (size before relaxing)
 .comment       0x00000030       0x31 bsp/rtc/ds1307.o
 .comment       0x00000030       0x31 drivers/adc.o
 .comment       0x00000030       0x31 drivers/gpio.o
 .comment       0x00000030       0x31 drivers/hardwareSerial0.o
 .comment       0x00000030       0x31 drivers/interrupts.o
 .comment       0x00000030       0x31 drivers/pinChangeInterrupts.o
 .comment       0x00000030       0x31 drivers/pwm.o
 .comment       0x00000030       0x31 drivers/hardwareSerial2.o
 .comment       0x00000030       0x31 drivers/spi.o
 .comment       0x00000030       0x31 drivers/timer0_millis.o
 .comment       0x00000030       0x31 drivers/pins_2560.o
 .comment       0x00000030       0x31 drivers/timers.o
 .comment       0x00000030       0x31 drivers/twi.o
 .comment       0x00000030       0x31 main.o

.note.gnu.avr.deviceinfo
                0x00000000       0x40
 .note.gnu.avr.deviceinfo
                0x00000000       0x40 C:/Program Files (x86)/Atmel/Studio/7.0/Packs/atmel/ATmega_DFP/1.3.300/gcc/dev/atmega2560/avr6/crtatmega2560.o

.note.gnu.build-id
 *(.note.gnu.build-id)

.debug
 *(.debug)

.line
 *(.line)

.debug_srcinfo
 *(.debug_srcinfo)

.debug_sfnames
 *(.debug_sfnames)

.debug_aranges  0x00000000      0x6d8
 *(.debug_aranges)
 .debug_aranges
                0x00000000       0xe8 bsp/lcd/lcd.o
 .debug_aranges
                0x000000e8       0xb0 bsp/rtc/ds1307.o
 .debug_aranges
                0x00000198       0x30 drivers/adc.o
 .debug_aranges
                0x000001c8       0x38 drivers/gpio.o
 .debug_aranges
                0x00000200       0x98 drivers/hardwareSerial0.o
 .debug_aranges
                0x00000298       0x70 drivers/interrupts.o
 .debug_aranges
                0x00000308      0x118 drivers/pinChangeInterrupts.o
 .debug_aranges
                0x00000420       0x28 drivers/pwm.o
 .debug_aranges
                0x00000448       0x98 drivers/hardwareSerial2.o
 .debug_aranges
                0x000004e0       0x68 drivers/spi.o
 .debug_aranges
                0x00000548       0x48 drivers/timer0_millis.o
 .debug_aranges
                0x00000590       0x18 drivers/pins_2560.o
 .debug_aranges
                0x000005a8       0x38 drivers/timers.o
 .debug_aranges
                0x000005e0       0x98 drivers/twi.o
 .debug_aranges
                0x00000678       0x60 main.o

.debug_pubnames
 *(.debug_pubnames)

.debug_info     0x00000000     0x814d
 *(.debug_info .gnu.linkonce.wi.*)
 .debug_info    0x00000000      0xbbc C:/Program Files (x86)/Atmel/Studio/7.0/Packs/atmel/ATmega_DFP/1.3.300/gcc/dev/atmega2560/avr6/crtatmega2560.o
 .debug_info    0x00000bbc      0xb05 bsp/lcd/lcd.o
 .debug_info    0x000016c1      0xadf bsp/rtc/ds1307.o
 .debug_info    0x000021a0      0x30a drivers/adc.o
 .debug_info    0x000024aa      0x70c drivers/gpio.o
 .debug_info    0x00002bb6      0x763 drivers/hardwareSerial0.o
 .debug_info    0x00003319      0x3ea drivers/interrupts.o
 .debug_info    0x00003703      0xafe drivers/pinChangeInterrupts.o
 .debug_info    0x00004201      0x3a4 drivers/pwm.o
 .debug_info    0x000045a5      0x763 drivers/hardwareSerial2.o
 .debug_info    0x00004d08      0x5f9 drivers/spi.o
 .debug_info    0x00005301      0x3fb drivers/timer0_millis.o
 .debug_info    0x000056fc      0x321 drivers/pins_2560.o
 .debug_info    0x00005a1d      0xb5c drivers/timers.o
 .debug_info    0x00006579      0xad9 drivers/twi.o
 .debug_info    0x00007052     0x10fb main.o

.debug_abbrev   0x00000000     0x2676
 *(.debug_abbrev)
 .debug_abbrev  0x00000000      0xb1a C:/Program Files (x86)/Atmel/Studio/7.0/Packs/atmel/ATmega_DFP/1.3.300/gcc/dev/atmega2560/avr6/crtatmega2560.o
 .debug_abbrev  0x00000b1a      0x27f bsp/lcd/lcd.o
 .debug_abbrev  0x00000d99      0x20e bsp/rtc/ds1307.o
 .debug_abbrev  0x00000fa7      0x114 drivers/adc.o
 .debug_abbrev  0x000010bb      0x174 drivers/gpio.o
 .debug_abbrev  0x0000122f      0x22a drivers/hardwareSerial0.o
 .debug_abbrev  0x00001459      0x11e drivers/interrupts.o
 .debug_abbrev  0x00001577      0x1bf drivers/pinChangeInterrupts.o
 .debug_abbrev  0x00001736      0x13c drivers/pwm.o
 .debug_abbrev  0x00001872      0x22a drivers/hardwareSerial2.o
 .debug_abbrev  0x00001a9c      0x202 drivers/spi.o
 .debug_abbrev  0x00001c9e      0x157 drivers/timer0_millis.o
 .debug_abbrev  0x00001df5       0xa4 drivers/pins_2560.o
 .debug_abbrev  0x00001e99      0x240 drivers/timers.o
 .debug_abbrev  0x000020d9      0x305 drivers/twi.o
 .debug_abbrev  0x000023de      0x298 main.o

.debug_line     0x00000000     0x41a6
 *(.debug_line .debug_line.* .debug_line_end)
 .debug_line    0x00000000      0x1f9 C:/Program Files (x86)/Atmel/Studio/7.0/Packs/atmel/ATmega_DFP/1.3.300/gcc/dev/atmega2560/avr6/crtatmega2560.o
 .debug_line    0x000001f9      0x689 bsp/lcd/lcd.o
 .debug_line    0x00000882      0x4b0 bsp/rtc/ds1307.o
 .debug_line    0x00000d32      0x177 drivers/adc.o
 .debug_line    0x00000ea9      0x22c drivers/gpio.o
 .debug_line    0x000010d5      0x5d9 drivers/hardwareSerial0.o
 .debug_line    0x000016ae      0x2c1 drivers/interrupts.o
 .debug_line    0x0000196f      0x91a drivers/pinChangeInterrupts.o
 .debug_line    0x00002289      0x2ab drivers/pwm.o
 .debug_line    0x00002534      0x5d9 drivers/hardwareSerial2.o
 .debug_line    0x00002b0d      0x2ee drivers/spi.o
 .debug_line    0x00002dfb      0x24b drivers/timer0_millis.o
 .debug_line    0x00003046       0xcf drivers/pins_2560.o
 .debug_line    0x00003115      0x53c drivers/timers.o
 .debug_line    0x00003651      0x788 drivers/twi.o
 .debug_line    0x00003dd9      0x3cd main.o

.debug_frame    0x00000000     0x1648
 *(.debug_frame)
 .debug_frame   0x00000000      0x1fc bsp/lcd/lcd.o
 .debug_frame   0x000001fc      0x254 bsp/rtc/ds1307.o
 .debug_frame   0x00000450       0x44 drivers/adc.o
 .debug_frame   0x00000494       0x60 drivers/gpio.o
 .debug_frame   0x000004f4      0x270 drivers/hardwareSerial0.o
 .debug_frame   0x00000764      0x304 drivers/interrupts.o
 .debug_frame   0x00000a68      0x2f8 drivers/pinChangeInterrupts.o
 .debug_frame   0x00000d60       0x44 drivers/pwm.o
 .debug_frame   0x00000da4      0x270 drivers/hardwareSerial2.o
 .debug_frame   0x00001014      0x124 drivers/spi.o
 .debug_frame   0x00001138       0xc4 drivers/timer0_millis.o
 .debug_frame   0x000011fc       0xdc drivers/timers.o
 .debug_frame   0x000012d8      0x214 drivers/twi.o
 .debug_frame   0x000014ec      0x15c main.o

.debug_str      0x00000000     0x1ad2
 *(.debug_str)
 .debug_str     0x00000000      0x3e6 C:/Program Files (x86)/Atmel/Studio/7.0/Packs/atmel/ATmega_DFP/1.3.300/gcc/dev/atmega2560/avr6/crtatmega2560.o
 .debug_str     0x000003e6      0x385 bsp/lcd/lcd.o
                                0x3d0 (size before relaxing)
 .debug_str     0x0000076b      0x25e bsp/rtc/ds1307.o
                                0x3e7 (size before relaxing)
 .debug_str     0x000009c9       0x57 drivers/adc.o
                                0x30d (size before relaxing)
 .debug_str     0x00000a20       0xb0 drivers/gpio.o
                                0x374 (size before relaxing)
 .debug_str     0x00000ad0      0x17a drivers/hardwareSerial0.o
                                0x45e (size before relaxing)
 .debug_str     0x00000c4a       0xc6 drivers/interrupts.o
                                0x37c (size before relaxing)
 .debug_str     0x00000d10      0x5af drivers/pinChangeInterrupts.o
                                0x876 (size before relaxing)
 .debug_str     0x000012bf       0x26 drivers/pwm.o
                                0x318 (size before relaxing)
 .debug_str     0x000012e5      0x120 drivers/hardwareSerial2.o
                                0x45e (size before relaxing)
 .debug_str     0x00001405      0x117 drivers/spi.o
                                0x3f0 (size before relaxing)
 .debug_str     0x0000151c       0x71 drivers/timer0_millis.o
                                0x34c (size before relaxing)
 .debug_str     0x0000158d       0x17 drivers/pins_2560.o
                                0x33b (size before relaxing)
 .debug_str     0x000015a4      0x1bf drivers/timers.o
                                0x4fd (size before relaxing)
 .debug_str     0x00001763      0x274 drivers/twi.o
                                0x5e9 (size before relaxing)
 .debug_str     0x000019d7       0xfb main.o
                                0x4e4 (size before relaxing)

.debug_loc      0x00000000     0x597e
 *(.debug_loc)
 .debug_loc     0x00000000      0x81b bsp/lcd/lcd.o
 .debug_loc     0x0000081b      0xa96 bsp/rtc/ds1307.o
 .debug_loc     0x000012b1       0x66 drivers/adc.o
 .debug_loc     0x00001317      0x355 drivers/gpio.o
 .debug_loc     0x0000166c      0x9ed drivers/hardwareSerial0.o
 .debug_loc     0x00002059      0x79a drivers/interrupts.o
 .debug_loc     0x000027f3      0x835 drivers/pinChangeInterrupts.o
 .debug_loc     0x00003028       0xbc drivers/pwm.o
 .debug_loc     0x000030e4      0x9ed drivers/hardwareSerial2.o
 .debug_loc     0x00003ad1      0x34c drivers/spi.o
 .debug_loc     0x00003e1d      0x24a drivers/timer0_millis.o
 .debug_loc     0x00004067      0xb79 drivers/timers.o
 .debug_loc     0x00004be0      0x969 drivers/twi.o
 .debug_loc     0x00005549      0x435 main.o

.debug_macinfo
 *(.debug_macinfo)

.debug_weaknames
 *(.debug_weaknames)

.debug_funcnames
 *(.debug_funcnames)

.debug_typenames
 *(.debug_typenames)

.debug_varnames
 *(.debug_varnames)

.debug_pubtypes
 *(.debug_pubtypes)

.debug_ranges   0x00000000      0x668
 *(.debug_ranges)
 .debug_ranges  0x00000000       0xd8 bsp/lcd/lcd.o
 .debug_ranges  0x000000d8       0xa0 bsp/rtc/ds1307.o
 .debug_ranges  0x00000178       0x20 drivers/adc.o
 .debug_ranges  0x00000198       0x28 drivers/gpio.o
 .debug_ranges  0x000001c0       0xa0 drivers/hardwareSerial0.o
 .debug_ranges  0x00000260       0x60 drivers/interrupts.o
 .debug_ranges  0x000002c0      0x108 drivers/pinChangeInterrupts.o
 .debug_ranges  0x000003c8       0x18 drivers/pwm.o
 .debug_ranges  0x000003e0       0xa0 drivers/hardwareSerial2.o
 .debug_ranges  0x00000480       0x58 drivers/spi.o
 .debug_ranges  0x000004d8       0x38 drivers/timer0_millis.o
 .debug_ranges  0x00000510       0x68 drivers/timers.o
 .debug_ranges  0x00000578       0x88 drivers/twi.o
 .debug_ranges  0x00000600       0x68 main.o

.debug_macro
 *(.debug_macro)
OUTPUT(TK2560.elf elf32-avr)
LOAD linker stubs
