Archive member included to satisfy reference by file (symbol)

c:/program files (x86)/atmel/studio/7.0/toolchain/avr8/avr8-gnu-toolchain/bin/../lib/gcc/avr/5.4.0/avr6\libgcc.a(_udivmodsi4.o)
                              drivers/timers.o (__udivmodsi4)
c:/program files (x86)/atmel/studio/7.0/toolchain/avr8/avr8-gnu-toolchain/bin/../lib/gcc/avr/5.4.0/avr6\libgcc.a(_exit.o)
                              C:/Program Files (x86)/Atmel/Studio/7.0/Packs/atmel/ATmega_DFP/1.3.300/gcc/dev/atmega2560/avr6/crtatmega2560.o (exit)
c:/program files (x86)/atmel/studio/7.0/toolchain/avr8/avr8-gnu-toolchain/bin/../lib/gcc/avr/5.4.0/avr6\libgcc.a(_tablejump2.o)
                              drivers/interrupts.o (__tablejump2__)
c:/program files (x86)/atmel/studio/7.0/toolchain/avr8/avr8-gnu-toolchain/bin/../lib/gcc/avr/5.4.0/avr6\libgcc.a(_copy_data.o)
                              drivers/interrupts.o (__do_copy_data)
c:/program files (x86)/atmel/studio/7.0/toolchain/avr8/avr8-gnu-toolchain/bin/../lib/gcc/avr/5.4.0/avr6\libgcc.a(_clear_bss.o)
                              bsp/lcd/lcd.o (__do_clear_bss)
c:/program files (x86)/atmel/studio/7.0/toolchain/avr8/avr8-gnu-toolchain/bin/../lib/gcc/avr/5.4.0/avr6\libgcc.a(_muluhisi3.o)
                              drivers/timers.o (__muluhisi3)
c:/program files (x86)/atmel/studio/7.0/toolchain/avr8/avr8-gnu-toolchain/bin/../lib/gcc/avr/5.4.0/avr6\libgcc.a(_umulhisi3.o)
                              c:/program files (x86)/atmel/studio/7.0/toolchain/avr8/avr8-gnu-toolchain/bin/../lib/gcc/avr/5.4.0/avr6\libgcc.a(_muluhisi3.o) (__umulhisi3)

Allocating common symbols
Common symbol       size              file

_row_offsets        0x4               bsp/lcd/lcd.o
callbackPCINT0      0x2               drivers/pinChangeInterrupts.o
callbackPCINT18     0x2               drivers/pinChangeInterrupts.o
timer0_pin_mask     0x1               drivers/timers.o
timer3_pin_mask     0x1               drivers/timers.o
timer5_toggle_count
                    0x4               drivers/timers.o
callbackPCINT21     0x2               drivers/pinChangeInterrupts.o
callbackPCINT1      0x2               drivers/pinChangeInterrupts.o
callbackPCINT7      0x2               drivers/pinChangeInterrupts.o
timer2_pin_port     0x2               drivers/timers.o
timer4_pin_mask     0x1               drivers/timers.o
callbackPCINT16     0x2               drivers/pinChangeInterrupts.o
callbackPCINT19     0x2               drivers/pinChangeInterrupts.o
_displaycontrol     0x1               bsp/lcd/lcd.o
_numlines           0x1               bsp/lcd/lcd.o
callbackPCINT9      0x2               drivers/pinChangeInterrupts.o
callbackPCINT23     0x2               drivers/pinChangeInterrupts.o
_data_pins          0x8               bsp/lcd/lcd.o
_displaymode        0x1               bsp/lcd/lcd.o
_displayfunction    0x1               bsp/lcd/lcd.o
callbackPCINT11     0x2               drivers/pinChangeInterrupts.o
callbackPCINT6      0x2               drivers/pinChangeInterrupts.o
timer3_pin_port     0x2               drivers/timers.o
callbackPCINT8      0x2               drivers/pinChangeInterrupts.o
callbackPCINT2      0x2               drivers/pinChangeInterrupts.o
timer4_toggle_count
                    0x4               drivers/timers.o
callbackPCINT4      0x2               drivers/pinChangeInterrupts.o
callbackPCINT14     0x2               drivers/pinChangeInterrupts.o
timer3_toggle_count
                    0x4               drivers/timers.o
callbackPCINT13     0x2               drivers/pinChangeInterrupts.o
timer2_pin_mask     0x1               drivers/timers.o
timer5_pin_port     0x2               drivers/timers.o
callbackPCINT10     0x2               drivers/pinChangeInterrupts.o
timer4_pin_port     0x2               drivers/timers.o
timer0_pin_port     0x2               drivers/timers.o
callbackPCINT17     0x2               drivers/pinChangeInterrupts.o
timer1_toggle_count
                    0x4               drivers/timers.o
callbackPCINT5      0x2               drivers/pinChangeInterrupts.o
timer1_pin_mask     0x1               drivers/timers.o
callbackPCINT22     0x2               drivers/pinChangeInterrupts.o
timer1_pin_port     0x2               drivers/timers.o
timer0_toggle_count
                    0x4               drivers/timers.o
timer5_pin_mask     0x1               drivers/timers.o
callbackPCINT15     0x2               drivers/pinChangeInterrupts.o
callbackPCINT3      0x2               drivers/pinChangeInterrupts.o
timer2_toggle_count
                    0x4               drivers/timers.o
_initialized        0x1               bsp/lcd/lcd.o
callbackPCINT12     0x2               drivers/pinChangeInterrupts.o
callbackPCINT20     0x2               drivers/pinChangeInterrupts.o

Discarded input sections

 .data          0x00000000        0x0 C:/Program Files (x86)/Atmel/Studio/7.0/Packs/atmel/ATmega_DFP/1.3.300/gcc/dev/atmega2560/avr6/crtatmega2560.o
 .bss           0x00000000        0x0 C:/Program Files (x86)/Atmel/Studio/7.0/Packs/atmel/ATmega_DFP/1.3.300/gcc/dev/atmega2560/avr6/crtatmega2560.o
 .text          0x00000000        0x0 bsp/lcd/lcd.o
 .data          0x00000000        0x0 bsp/lcd/lcd.o
 .bss           0x00000000        0x0 bsp/lcd/lcd.o
 .text.lcd_setRowOffsets
                0x00000000        0xe bsp/lcd/lcd.o
 .text.lcd_home
                0x00000000       0x14 bsp/lcd/lcd.o
 .text.lcd_display_off
                0x00000000       0x12 bsp/lcd/lcd.o
 .text.lcd_noCursor
                0x00000000       0x12 bsp/lcd/lcd.o
 .text.lcd_cursor
                0x00000000       0x14 bsp/lcd/lcd.o
 .text.lcd_noBlink
                0x00000000       0x12 bsp/lcd/lcd.o
 .text.lcd_blink
                0x00000000       0x14 bsp/lcd/lcd.o
 .text.lcd_scrollDisplayLeft
                0x00000000        0x8 bsp/lcd/lcd.o
 .text.lcd_scrollDisplayRight
                0x00000000        0x8 bsp/lcd/lcd.o
 .text.lcd_leftToRight
                0x00000000       0x14 bsp/lcd/lcd.o
 .text.lcd_rightToLeft
                0x00000000       0x12 bsp/lcd/lcd.o
 .text.lcd_autoscroll
                0x00000000       0x14 bsp/lcd/lcd.o
 .text.lcd_noAutoscroll
                0x00000000       0x12 bsp/lcd/lcd.o
 .text.lcd_createChar
                0x00000000       0x34 bsp/lcd/lcd.o
 .text          0x00000000        0x0 drivers/gpio.o
 .data          0x00000000        0x0 drivers/gpio.o
 .bss           0x00000000        0x0 drivers/gpio.o
 .text.digitalRead
                0x00000000       0x3a drivers/gpio.o
 .text          0x00000000        0x0 drivers/interrupts.o
 .data          0x00000000        0x0 drivers/interrupts.o
 .bss           0x00000000        0x0 drivers/interrupts.o
 .text.detachInterrupt
                0x00000000       0x52 drivers/interrupts.o
 .progmem.gcc_sw_table.detachInterrupt
                0x00000000       0x10 drivers/interrupts.o
 .text          0x00000000        0x0 drivers/pinChangeInterrupts.o
 .data          0x00000000        0x0 drivers/pinChangeInterrupts.o
 .bss           0x00000000        0x0 drivers/pinChangeInterrupts.o
 .text.pcint_null_callback
                0x00000000        0x2 drivers/pinChangeInterrupts.o
 .text.disablePinChangeInterruptHelper
                0x00000000       0x7a drivers/pinChangeInterrupts.o
 .text.detachPinChangeInterrupt
                0x00000000      0x202 drivers/pinChangeInterrupts.o
 .text          0x00000000        0x0 drivers/pwm.o
 .data          0x00000000        0x0 drivers/pwm.o
 .bss           0x00000000        0x0 drivers/pwm.o
 .text          0x00000000        0x0 drivers/timer0_millis.o
 .data          0x00000000        0x0 drivers/timer0_millis.o
 .bss           0x00000000        0x0 drivers/timer0_millis.o
 .text.millis   0x00000000       0x18 drivers/timer0_millis.o
 .text.micros   0x00000000       0x4c drivers/timer0_millis.o
 .text.delay_ms
                0x00000000       0x7e drivers/timer0_millis.o
 .text.delay_us
                0x00000000       0x16 drivers/timer0_millis.o
 .text          0x00000000        0x0 drivers/pins_2560.o
 .data          0x00000000        0x0 drivers/pins_2560.o
 .bss           0x00000000        0x0 drivers/pins_2560.o
 .progmem.data.port_to_input_PGM
                0x00000000       0x1a drivers/pins_2560.o
 .text          0x00000000        0x0 drivers/timers.o
 .data          0x00000000        0x0 drivers/timers.o
 .bss           0x00000000        0x0 drivers/timers.o
 .text.tone     0x00000000      0x6fc drivers/timers.o
 .text.noTone   0x00000000       0x2c drivers/timers.o
 .data.tone_pins
                0x00000000        0x1 drivers/timers.o
 .progmem.data.tone_pin_to_timer_PGM
                0x00000000        0x1 drivers/timers.o
 .text          0x00000000        0x0 main.o
 .data          0x00000000        0x0 main.o
 .bss           0x00000000        0x0 main.o
 .data.noteDurations
                0x00000000       0x10 main.o
 .data.melody   0x00000000       0x10 main.o
 .bss.time_now  0x00000000        0x4 main.o
 .data.period   0x00000000        0x4 main.o
 .text          0x00000000        0x0 c:/program files (x86)/atmel/studio/7.0/toolchain/avr8/avr8-gnu-toolchain/bin/../lib/gcc/avr/5.4.0/avr6\libgcc.a(_udivmodsi4.o)
 .data          0x00000000        0x0 c:/program files (x86)/atmel/studio/7.0/toolchain/avr8/avr8-gnu-toolchain/bin/../lib/gcc/avr/5.4.0/avr6\libgcc.a(_udivmodsi4.o)
 .bss           0x00000000        0x0 c:/program files (x86)/atmel/studio/7.0/toolchain/avr8/avr8-gnu-toolchain/bin/../lib/gcc/avr/5.4.0/avr6\libgcc.a(_udivmodsi4.o)
 .text.libgcc.mul
                0x00000000        0x0 c:/program files (x86)/atmel/studio/7.0/toolchain/avr8/avr8-gnu-toolchain/bin/../lib/gcc/avr/5.4.0/avr6\libgcc.a(_udivmodsi4.o)
 .text.libgcc.div
                0x00000000       0x44 c:/program files (x86)/atmel/studio/7.0/toolchain/avr8/avr8-gnu-toolchain/bin/../lib/gcc/avr/5.4.0/avr6\libgcc.a(_udivmodsi4.o)
 .text.libgcc   0x00000000        0x0 c:/program files (x86)/atmel/studio/7.0/toolchain/avr8/avr8-gnu-toolchain/bin/../lib/gcc/avr/5.4.0/avr6\libgcc.a(_udivmodsi4.o)
 .text.libgcc.prologue
                0x00000000        0x0 c:/program files (x86)/atmel/studio/7.0/toolchain/avr8/avr8-gnu-toolchain/bin/../lib/gcc/avr/5.4.0/avr6\libgcc.a(_udivmodsi4.o)
 .text.libgcc.builtins
                0x00000000        0x0 c:/program files (x86)/atmel/studio/7.0/toolchain/avr8/avr8-gnu-toolchain/bin/../lib/gcc/avr/5.4.0/avr6\libgcc.a(_udivmodsi4.o)
 .text.libgcc.fmul
                0x00000000        0x0 c:/program files (x86)/atmel/studio/7.0/toolchain/avr8/avr8-gnu-toolchain/bin/../lib/gcc/avr/5.4.0/avr6\libgcc.a(_udivmodsi4.o)
 .text.libgcc.fixed
                0x00000000        0x0 c:/program files (x86)/atmel/studio/7.0/toolchain/avr8/avr8-gnu-toolchain/bin/../lib/gcc/avr/5.4.0/avr6\libgcc.a(_udivmodsi4.o)
 .text          0x00000000        0x0 c:/program files (x86)/atmel/studio/7.0/toolchain/avr8/avr8-gnu-toolchain/bin/../lib/gcc/avr/5.4.0/avr6\libgcc.a(_exit.o)
 .data          0x00000000        0x0 c:/program files (x86)/atmel/studio/7.0/toolchain/avr8/avr8-gnu-toolchain/bin/../lib/gcc/avr/5.4.0/avr6\libgcc.a(_exit.o)
 .bss           0x00000000        0x0 c:/program files (x86)/atmel/studio/7.0/toolchain/avr8/avr8-gnu-toolchain/bin/../lib/gcc/avr/5.4.0/avr6\libgcc.a(_exit.o)
 .text.libgcc.mul
                0x00000000        0x0 c:/program files (x86)/atmel/studio/7.0/toolchain/avr8/avr8-gnu-toolchain/bin/../lib/gcc/avr/5.4.0/avr6\libgcc.a(_exit.o)
 .text.libgcc.div
                0x00000000        0x0 c:/program files (x86)/atmel/studio/7.0/toolchain/avr8/avr8-gnu-toolchain/bin/../lib/gcc/avr/5.4.0/avr6\libgcc.a(_exit.o)
 .text.libgcc   0x00000000        0x0 c:/program files (x86)/atmel/studio/7.0/toolchain/avr8/avr8-gnu-toolchain/bin/../lib/gcc/avr/5.4.0/avr6\libgcc.a(_exit.o)
 .text.libgcc.prologue
                0x00000000        0x0 c:/program files (x86)/atmel/studio/7.0/toolchain/avr8/avr8-gnu-toolchain/bin/../lib/gcc/avr/5.4.0/avr6\libgcc.a(_exit.o)
 .text.libgcc.builtins
                0x00000000        0x0 c:/program files (x86)/atmel/studio/7.0/toolchain/avr8/avr8-gnu-toolchain/bin/../lib/gcc/avr/5.4.0/avr6\libgcc.a(_exit.o)
 .text.libgcc.fmul
                0x00000000        0x0 c:/program files (x86)/atmel/studio/7.0/toolchain/avr8/avr8-gnu-toolchain/bin/../lib/gcc/avr/5.4.0/avr6\libgcc.a(_exit.o)
 .text.libgcc.fixed
                0x00000000        0x0 c:/program files (x86)/atmel/studio/7.0/toolchain/avr8/avr8-gnu-toolchain/bin/../lib/gcc/avr/5.4.0/avr6\libgcc.a(_exit.o)
 .text          0x00000000        0x0 c:/program files (x86)/atmel/studio/7.0/toolchain/avr8/avr8-gnu-toolchain/bin/../lib/gcc/avr/5.4.0/avr6\libgcc.a(_tablejump2.o)
 .data          0x00000000        0x0 c:/program files (x86)/atmel/studio/7.0/toolchain/avr8/avr8-gnu-toolchain/bin/../lib/gcc/avr/5.4.0/avr6\libgcc.a(_tablejump2.o)
 .bss           0x00000000        0x0 c:/program files (x86)/atmel/studio/7.0/toolchain/avr8/avr8-gnu-toolchain/bin/../lib/gcc/avr/5.4.0/avr6\libgcc.a(_tablejump2.o)
 .text.libgcc.mul
                0x00000000        0x0 c:/program files (x86)/atmel/studio/7.0/toolchain/avr8/avr8-gnu-toolchain/bin/../lib/gcc/avr/5.4.0/avr6\libgcc.a(_tablejump2.o)
 .text.libgcc.div
                0x00000000        0x0 c:/program files (x86)/atmel/studio/7.0/toolchain/avr8/avr8-gnu-toolchain/bin/../lib/gcc/avr/5.4.0/avr6\libgcc.a(_tablejump2.o)
 .text.libgcc.prologue
                0x00000000        0x0 c:/program files (x86)/atmel/studio/7.0/toolchain/avr8/avr8-gnu-toolchain/bin/../lib/gcc/avr/5.4.0/avr6\libgcc.a(_tablejump2.o)
 .text.libgcc.builtins
                0x00000000        0x0 c:/program files (x86)/atmel/studio/7.0/toolchain/avr8/avr8-gnu-toolchain/bin/../lib/gcc/avr/5.4.0/avr6\libgcc.a(_tablejump2.o)
 .text.libgcc.fmul
                0x00000000        0x0 c:/program files (x86)/atmel/studio/7.0/toolchain/avr8/avr8-gnu-toolchain/bin/../lib/gcc/avr/5.4.0/avr6\libgcc.a(_tablejump2.o)
 .text.libgcc.fixed
                0x00000000        0x0 c:/program files (x86)/atmel/studio/7.0/toolchain/avr8/avr8-gnu-toolchain/bin/../lib/gcc/avr/5.4.0/avr6\libgcc.a(_tablejump2.o)
 .text          0x00000000        0x0 c:/program files (x86)/atmel/studio/7.0/toolchain/avr8/avr8-gnu-toolchain/bin/../lib/gcc/avr/5.4.0/avr6\libgcc.a(_copy_data.o)
 .data          0x00000000        0x0 c:/program files (x86)/atmel/studio/7.0/toolchain/avr8/avr8-gnu-toolchain/bin/../lib/gcc/avr/5.4.0/avr6\libgcc.a(_copy_data.o)
 .bss           0x00000000        0x0 c:/program files (x86)/atmel/studio/7.0/toolchain/avr8/avr8-gnu-toolchain/bin/../lib/gcc/avr/5.4.0/avr6\libgcc.a(_copy_data.o)
 .text.libgcc.mul
                0x00000000        0x0 c:/program files (x86)/atmel/studio/7.0/toolchain/avr8/avr8-gnu-toolchain/bin/../lib/gcc/avr/5.4.0/avr6\libgcc.a(_copy_data.o)
 .text.libgcc.div
                0x00000000        0x0 c:/program files (x86)/atmel/studio/7.0/toolchain/avr8/avr8-gnu-toolchain/bin/../lib/gcc/avr/5.4.0/avr6\libgcc.a(_copy_data.o)
 .text.libgcc   0x00000000        0x0 c:/program files (x86)/atmel/studio/7.0/toolchain/avr8/avr8-gnu-toolchain/bin/../lib/gcc/avr/5.4.0/avr6\libgcc.a(_copy_data.o)
 .text.libgcc.prologue
                0x00000000        0x0 c:/program files (x86)/atmel/studio/7.0/toolchain/avr8/avr8-gnu-toolchain/bin/../lib/gcc/avr/5.4.0/avr6\libgcc.a(_copy_data.o)
 .text.libgcc.builtins
                0x00000000        0x0 c:/program files (x86)/atmel/studio/7.0/toolchain/avr8/avr8-gnu-toolchain/bin/../lib/gcc/avr/5.4.0/avr6\libgcc.a(_copy_data.o)
 .text.libgcc.fmul
                0x00000000        0x0 c:/program files (x86)/atmel/studio/7.0/toolchain/avr8/avr8-gnu-toolchain/bin/../lib/gcc/avr/5.4.0/avr6\libgcc.a(_copy_data.o)
 .text.libgcc.fixed
                0x00000000        0x0 c:/program files (x86)/atmel/studio/7.0/toolchain/avr8/avr8-gnu-toolchain/bin/../lib/gcc/avr/5.4.0/avr6\libgcc.a(_copy_data.o)
 .text          0x00000000        0x0 c:/program files (x86)/atmel/studio/7.0/toolchain/avr8/avr8-gnu-toolchain/bin/../lib/gcc/avr/5.4.0/avr6\libgcc.a(_clear_bss.o)
 .data          0x00000000        0x0 c:/program files (x86)/atmel/studio/7.0/toolchain/avr8/avr8-gnu-toolchain/bin/../lib/gcc/avr/5.4.0/avr6\libgcc.a(_clear_bss.o)
 .bss           0x00000000        0x0 c:/program files (x86)/atmel/studio/7.0/toolchain/avr8/avr8-gnu-toolchain/bin/../lib/gcc/avr/5.4.0/avr6\libgcc.a(_clear_bss.o)
 .text.libgcc.mul
                0x00000000        0x0 c:/program files (x86)/atmel/studio/7.0/toolchain/avr8/avr8-gnu-toolchain/bin/../lib/gcc/avr/5.4.0/avr6\libgcc.a(_clear_bss.o)
 .text.libgcc.div
                0x00000000        0x0 c:/program files (x86)/atmel/studio/7.0/toolchain/avr8/avr8-gnu-toolchain/bin/../lib/gcc/avr/5.4.0/avr6\libgcc.a(_clear_bss.o)
 .text.libgcc   0x00000000        0x0 c:/program files (x86)/atmel/studio/7.0/toolchain/avr8/avr8-gnu-toolchain/bin/../lib/gcc/avr/5.4.0/avr6\libgcc.a(_clear_bss.o)
 .text.libgcc.prologue
                0x00000000        0x0 c:/program files (x86)/atmel/studio/7.0/toolchain/avr8/avr8-gnu-toolchain/bin/../lib/gcc/avr/5.4.0/avr6\libgcc.a(_clear_bss.o)
 .text.libgcc.builtins
                0x00000000        0x0 c:/program files (x86)/atmel/studio/7.0/toolchain/avr8/avr8-gnu-toolchain/bin/../lib/gcc/avr/5.4.0/avr6\libgcc.a(_clear_bss.o)
 .text.libgcc.fmul
                0x00000000        0x0 c:/program files (x86)/atmel/studio/7.0/toolchain/avr8/avr8-gnu-toolchain/bin/../lib/gcc/avr/5.4.0/avr6\libgcc.a(_clear_bss.o)
 .text.libgcc.fixed
                0x00000000        0x0 c:/program files (x86)/atmel/studio/7.0/toolchain/avr8/avr8-gnu-toolchain/bin/../lib/gcc/avr/5.4.0/avr6\libgcc.a(_clear_bss.o)
 .text          0x00000000        0x0 c:/program files (x86)/atmel/studio/7.0/toolchain/avr8/avr8-gnu-toolchain/bin/../lib/gcc/avr/5.4.0/avr6\libgcc.a(_muluhisi3.o)
 .data          0x00000000        0x0 c:/program files (x86)/atmel/studio/7.0/toolchain/avr8/avr8-gnu-toolchain/bin/../lib/gcc/avr/5.4.0/avr6\libgcc.a(_muluhisi3.o)
 .bss           0x00000000        0x0 c:/program files (x86)/atmel/studio/7.0/toolchain/avr8/avr8-gnu-toolchain/bin/../lib/gcc/avr/5.4.0/avr6\libgcc.a(_muluhisi3.o)
 .text.libgcc.mul
                0x00000000       0x16 c:/program files (x86)/atmel/studio/7.0/toolchain/avr8/avr8-gnu-toolchain/bin/../lib/gcc/avr/5.4.0/avr6\libgcc.a(_muluhisi3.o)
 .text.libgcc.div
                0x00000000        0x0 c:/program files (x86)/atmel/studio/7.0/toolchain/avr8/avr8-gnu-toolchain/bin/../lib/gcc/avr/5.4.0/avr6\libgcc.a(_muluhisi3.o)
 .text.libgcc   0x00000000        0x0 c:/program files (x86)/atmel/studio/7.0/toolchain/avr8/avr8-gnu-toolchain/bin/../lib/gcc/avr/5.4.0/avr6\libgcc.a(_muluhisi3.o)
 .text.libgcc.prologue
                0x00000000        0x0 c:/program files (x86)/atmel/studio/7.0/toolchain/avr8/avr8-gnu-toolchain/bin/../lib/gcc/avr/5.4.0/avr6\libgcc.a(_muluhisi3.o)
 .text.libgcc.builtins
                0x00000000        0x0 c:/program files (x86)/atmel/studio/7.0/toolchain/avr8/avr8-gnu-toolchain/bin/../lib/gcc/avr/5.4.0/avr6\libgcc.a(_muluhisi3.o)
 .text.libgcc.fmul
                0x00000000        0x0 c:/program files (x86)/atmel/studio/7.0/toolchain/avr8/avr8-gnu-toolchain/bin/../lib/gcc/avr/5.4.0/avr6\libgcc.a(_muluhisi3.o)
 .text.libgcc.fixed
                0x00000000        0x0 c:/program files (x86)/atmel/studio/7.0/toolchain/avr8/avr8-gnu-toolchain/bin/../lib/gcc/avr/5.4.0/avr6\libgcc.a(_muluhisi3.o)
 .text          0x00000000        0x0 c:/program files (x86)/atmel/studio/7.0/toolchain/avr8/avr8-gnu-toolchain/bin/../lib/gcc/avr/5.4.0/avr6\libgcc.a(_umulhisi3.o)
 .data          0x00000000        0x0 c:/program files (x86)/atmel/studio/7.0/toolchain/avr8/avr8-gnu-toolchain/bin/../lib/gcc/avr/5.4.0/avr6\libgcc.a(_umulhisi3.o)
 .bss           0x00000000        0x0 c:/program files (x86)/atmel/studio/7.0/toolchain/avr8/avr8-gnu-toolchain/bin/../lib/gcc/avr/5.4.0/avr6\libgcc.a(_umulhisi3.o)
 .text.libgcc.mul
                0x00000000       0x1e c:/program files (x86)/atmel/studio/7.0/toolchain/avr8/avr8-gnu-toolchain/bin/../lib/gcc/avr/5.4.0/avr6\libgcc.a(_umulhisi3.o)
 .text.libgcc.div
                0x00000000        0x0 c:/program files (x86)/atmel/studio/7.0/toolchain/avr8/avr8-gnu-toolchain/bin/../lib/gcc/avr/5.4.0/avr6\libgcc.a(_umulhisi3.o)
 .text.libgcc   0x00000000        0x0 c:/program files (x86)/atmel/studio/7.0/toolchain/avr8/avr8-gnu-toolchain/bin/../lib/gcc/avr/5.4.0/avr6\libgcc.a(_umulhisi3.o)
 .text.libgcc.prologue
                0x00000000        0x0 c:/program files (x86)/atmel/studio/7.0/toolchain/avr8/avr8-gnu-toolchain/bin/../lib/gcc/avr/5.4.0/avr6\libgcc.a(_umulhisi3.o)
 .text.libgcc.builtins
                0x00000000        0x0 c:/program files (x86)/atmel/studio/7.0/toolchain/avr8/avr8-gnu-toolchain/bin/../lib/gcc/avr/5.4.0/avr6\libgcc.a(_umulhisi3.o)
 .text.libgcc.fmul
                0x00000000        0x0 c:/program files (x86)/atmel/studio/7.0/toolchain/avr8/avr8-gnu-toolchain/bin/../lib/gcc/avr/5.4.0/avr6\libgcc.a(_umulhisi3.o)
 .text.libgcc.fixed
                0x00000000        0x0 c:/program files (x86)/atmel/studio/7.0/toolchain/avr8/avr8-gnu-toolchain/bin/../lib/gcc/avr/5.4.0/avr6\libgcc.a(_umulhisi3.o)

Memory Configuration

Name             Origin             Length             Attributes
text             0x00000000         0x00100000         xr
data             0x00800200         0x0000fe00         rw !x
eeprom           0x00810000         0x00010000         rw !x
fuse             0x00820000         0x00000003         rw !x
lock             0x00830000         0x00000400         rw !x
signature        0x00840000         0x00000400         rw !x
user_signatures  0x00850000         0x00000400         rw !x
*default*        0x00000000         0xffffffff

Linker script and memory map

Address of section .data set to 0x800200
LOAD C:/Program Files (x86)/Atmel/Studio/7.0/Packs/atmel/ATmega_DFP/1.3.300/gcc/dev/atmega2560/avr6/crtatmega2560.o
LOAD bsp/lcd/lcd.o
LOAD drivers/gpio.o
LOAD drivers/interrupts.o
LOAD drivers/pinChangeInterrupts.o
LOAD drivers/pwm.o
LOAD drivers/timer0_millis.o
LOAD drivers/pins_2560.o
LOAD drivers/timers.o
LOAD main.o
START GROUP
LOAD c:/program files (x86)/atmel/studio/7.0/toolchain/avr8/avr8-gnu-toolchain/bin/../lib/gcc/avr/5.4.0/../../../../avr/lib/avr6\libm.a
END GROUP
START GROUP
LOAD c:/program files (x86)/atmel/studio/7.0/toolchain/avr8/avr8-gnu-toolchain/bin/../lib/gcc/avr/5.4.0/avr6\libgcc.a
LOAD c:/program files (x86)/atmel/studio/7.0/toolchain/avr8/avr8-gnu-toolchain/bin/../lib/gcc/avr/5.4.0/../../../../avr/lib/avr6\libm.a
LOAD c:/program files (x86)/atmel/studio/7.0/toolchain/avr8/avr8-gnu-toolchain/bin/../lib/gcc/avr/5.4.0/../../../../avr/lib/avr6\libc.a
LOAD C:/Program Files (x86)/Atmel/Studio/7.0/Packs/atmel/ATmega_DFP/1.3.300/gcc/dev/atmega2560/avr6\libatmega2560.a
END GROUP
                0x00000000                __TEXT_REGION_ORIGIN__ = DEFINED (__TEXT_REGION_ORIGIN__)?__TEXT_REGION_ORIGIN__:0x0
                0x00800200                __DATA_REGION_ORIGIN__ = DEFINED (__DATA_REGION_ORIGIN__)?__DATA_REGION_ORIGIN__:0x800200
                0x00100000                __TEXT_REGION_LENGTH__ = DEFINED (__TEXT_REGION_LENGTH__)?__TEXT_REGION_LENGTH__:0x100000
                0x0000fe00                __DATA_REGION_LENGTH__ = DEFINED (__DATA_REGION_LENGTH__)?__DATA_REGION_LENGTH__:0xfe00
                0x00010000                __EEPROM_REGION_LENGTH__ = DEFINED (__EEPROM_REGION_LENGTH__)?__EEPROM_REGION_LENGTH__:0x10000
                [0x00000003]                __FUSE_REGION_LENGTH__ = DEFINED (__FUSE_REGION_LENGTH__)?__FUSE_REGION_LENGTH__:0x400
                0x00000400                __LOCK_REGION_LENGTH__ = DEFINED (__LOCK_REGION_LENGTH__)?__LOCK_REGION_LENGTH__:0x400
                0x00000400                __SIGNATURE_REGION_LENGTH__ = DEFINED (__SIGNATURE_REGION_LENGTH__)?__SIGNATURE_REGION_LENGTH__:0x400
                0x00000400                __USER_SIGNATURE_REGION_LENGTH__ = DEFINED (__USER_SIGNATURE_REGION_LENGTH__)?__USER_SIGNATURE_REGION_LENGTH__:0x400

.hash
 *(.hash)

.dynsym
 *(.dynsym)

.dynstr
 *(.dynstr)

.gnu.version
 *(.gnu.version)

.gnu.version_d
 *(.gnu.version_d)

.gnu.version_r
 *(.gnu.version_r)

.rel.init
 *(.rel.init)

.rela.init
 *(.rela.init)

.rel.text
 *(.rel.text)
 *(.rel.text.*)
 *(.rel.gnu.linkonce.t*)

.rela.text
 *(.rela.text)
 *(.rela.text.*)
 *(.rela.gnu.linkonce.t*)

.rel.fini
 *(.rel.fini)

.rela.fini
 *(.rela.fini)

.rel.rodata
 *(.rel.rodata)
 *(.rel.rodata.*)
 *(.rel.gnu.linkonce.r*)

.rela.rodata
 *(.rela.rodata)
 *(.rela.rodata.*)
 *(.rela.gnu.linkonce.r*)

.rel.data
 *(.rel.data)
 *(.rel.data.*)
 *(.rel.gnu.linkonce.d*)

.rela.data
 *(.rela.data)
 *(.rela.data.*)
 *(.rela.gnu.linkonce.d*)

.rel.ctors
 *(.rel.ctors)

.rela.ctors
 *(.rela.ctors)

.rel.dtors
 *(.rel.dtors)

.rela.dtors
 *(.rela.dtors)

.rel.got
 *(.rel.got)

.rela.got
 *(.rela.got)

.rel.bss
 *(.rel.bss)

.rela.bss
 *(.rela.bss)

.rel.plt
 *(.rel.plt)

.rela.plt
 *(.rela.plt)

.text           0x00000000     0x13d6
 *(.vectors)
 .vectors       0x00000000       0xe4 C:/Program Files (x86)/Atmel/Studio/7.0/Packs/atmel/ATmega_DFP/1.3.300/gcc/dev/atmega2560/avr6/crtatmega2560.o
                0x00000000                __vector_default
                0x00000000                __vectors
 *(.vectors)
 *(.progmem.gcc*)
 .progmem.gcc_sw_table.attachInterrupt
                0x000000e4       0x10 drivers/interrupts.o
 .progmem.gcc_sw_table.analogWrite
                0x000000f4       0x24 drivers/pwm.o
                0x00000118                . = ALIGN (0x2)
                0x00000118                __trampolines_start = .
 *(.trampolines)
 .trampolines   0x00000118        0x0 linker stubs
 *(.trampolines*)
                0x00000118                __trampolines_end = .
 *libprintf_flt.a:*(.progmem.data)
 *libc.a:*(.progmem.data)
 *(.progmem*)
 .progmem.data.pin_to_timer_PGM
                0x00000118       0x65 drivers/pins_2560.o
                0x00000118                pin_to_timer_PGM
 .progmem.data.pin_to_bit_mask_PGM
                0x0000017d       0x65 drivers/pins_2560.o
                0x0000017d                pin_to_bit_mask_PGM
 .progmem.data.pin_to_port_PGM
                0x000001e2       0x65 drivers/pins_2560.o
                0x000001e2                pin_to_port_PGM
 .progmem.data.port_to_output_PGM
                0x00000247       0x1a drivers/pins_2560.o
                0x00000247                port_to_output_PGM
 .progmem.data.port_to_ddr_PGM
                0x00000261       0x1a drivers/pins_2560.o
                0x00000261                port_to_ddr_PGM
                0x0000027c                . = ALIGN (0x2)
 *fill*         0x0000027b        0x1 
 *(.jumptables)
 *(.jumptables*)
 *(.lowtext)
 *(.lowtext*)
                0x0000027c                __ctors_start = .
 *(.ctors)
                0x0000027c                __ctors_end = .
                0x0000027c                __dtors_start = .
 *(.dtors)
                0x0000027c                __dtors_end = .
 SORT(*)(.ctors)
 SORT(*)(.dtors)
 *(.init0)
 .init0         0x0000027c        0x0 C:/Program Files (x86)/Atmel/Studio/7.0/Packs/atmel/ATmega_DFP/1.3.300/gcc/dev/atmega2560/avr6/crtatmega2560.o
                0x0000027c                __init
 *(.init0)
 *(.init1)
 *(.init1)
 *(.init2)
 .init2         0x0000027c       0x10 C:/Program Files (x86)/Atmel/Studio/7.0/Packs/atmel/ATmega_DFP/1.3.300/gcc/dev/atmega2560/avr6/crtatmega2560.o
 *(.init2)
 *(.init3)
 *(.init3)
 *(.init4)
 .init4         0x0000028c       0x1a c:/program files (x86)/atmel/studio/7.0/toolchain/avr8/avr8-gnu-toolchain/bin/../lib/gcc/avr/5.4.0/avr6\libgcc.a(_copy_data.o)
                0x0000028c                __do_copy_data
 .init4         0x000002a6       0x10 c:/program files (x86)/atmel/studio/7.0/toolchain/avr8/avr8-gnu-toolchain/bin/../lib/gcc/avr/5.4.0/avr6\libgcc.a(_clear_bss.o)
                0x000002a6                __do_clear_bss
 *(.init4)
 *(.init5)
 *(.init5)
 *(.init6)
 *(.init6)
 *(.init7)
 *(.init7)
 *(.init8)
 *(.init8)
 *(.init9)
 .init9         0x000002b6        0x8 C:/Program Files (x86)/Atmel/Studio/7.0/Packs/atmel/ATmega_DFP/1.3.300/gcc/dev/atmega2560/avr6/crtatmega2560.o
 *(.init9)
 *(.text)
 .text          0x000002be        0x2 C:/Program Files (x86)/Atmel/Studio/7.0/Packs/atmel/ATmega_DFP/1.3.300/gcc/dev/atmega2560/avr6/crtatmega2560.o
                0x000002be                __vector_38
                0x000002be                __vector_22
                0x000002be                __vector_28
                0x000002be                __vector_34
                0x000002be                __vector_24
                0x000002be                __vector_12
                0x000002be                __vector_55
                0x000002be                __vector_46
                0x000002be                __bad_interrupt
                0x000002be                __vector_31
                0x000002be                __vector_35
                0x000002be                __vector_39
                0x000002be                __vector_30
                0x000002be                __vector_45
                0x000002be                __vector_25
                0x000002be                __vector_54
                0x000002be                __vector_13
                0x000002be                __vector_17
                0x000002be                __vector_19
                0x000002be                __vector_56
                0x000002be                __vector_49
                0x000002be                __vector_41
                0x000002be                __vector_43
                0x000002be                __vector_27
                0x000002be                __vector_33
                0x000002be                __vector_47
                0x000002be                __vector_52
                0x000002be                __vector_37
                0x000002be                __vector_44
                0x000002be                __vector_51
                0x000002be                __vector_21
                0x000002be                __vector_15
                0x000002be                __vector_36
                0x000002be                __vector_29
                0x000002be                __vector_40
                0x000002be                __vector_26
                0x000002be                __vector_48
                0x000002be                __vector_14
                0x000002be                __vector_53
                0x000002be                __vector_50
                0x000002be                __vector_16
                0x000002be                __vector_18
                0x000002be                __vector_20
                0x000002be                __vector_42
                0x000002c0                . = ALIGN (0x2)
 *(.text.*)
 .text.pulseEnable
                0x000002c0       0x24 bsp/lcd/lcd.o
                0x000002c0                pulseEnable
 .text.write4bits
                0x000002e4       0x68 bsp/lcd/lcd.o
                0x000002e4                write4bits
 .text.write8bits
                0x0000034c       0x4e bsp/lcd/lcd.o
                0x0000034c                write8bits
 .text.send     0x0000039a       0x2e bsp/lcd/lcd.o
                0x0000039a                send
 .text.command  0x000003c8        0x6 bsp/lcd/lcd.o
                0x000003c8                command
 .text.lcd_clear
                0x000003ce       0x12 bsp/lcd/lcd.o
                0x000003ce                lcd_clear
 .text.lcd_setCursor
                0x000003e0       0x36 bsp/lcd/lcd.o
                0x000003e0                lcd_setCursor
 .text.lcd_display_on
                0x00000416       0x12 bsp/lcd/lcd.o
                0x00000416                lcd_display_on
 .text.lcd_init
                0x00000428      0x114 bsp/lcd/lcd.o
                0x00000428                lcd_init
 .text.write    0x0000053c        0x8 bsp/lcd/lcd.o
                0x0000053c                write
 .text.lcd_puts
                0x00000544       0x1c bsp/lcd/lcd.o
                0x00000544                lcd_puts
 .text.LCD_PrintString
                0x00000560       0x16 bsp/lcd/lcd.o
                0x00000560                LCD_PrintString
 .text.pinMode  0x00000576       0x7e drivers/gpio.o
                0x00000576                pinMode
 .text.digitalWrite
                0x000005f4       0x44 drivers/gpio.o
                0x000005f4                digitalWrite
 .text.togglePin
                0x00000638       0x34 drivers/gpio.o
                0x00000638                togglePin
 .text.nothing  0x0000066c        0x2 drivers/interrupts.o
 .text.attachInterrupt
                0x0000066e       0xf8 drivers/interrupts.o
                0x0000066e                attachInterrupt
 .text.__vector_1
                0x00000766       0x56 drivers/interrupts.o
                0x00000766                __vector_1
 .text.__vector_2
                0x000007bc       0x56 drivers/interrupts.o
                0x000007bc                __vector_2
 .text.__vector_3
                0x00000812       0x56 drivers/interrupts.o
                0x00000812                __vector_3
 .text.__vector_4
                0x00000868       0x56 drivers/interrupts.o
                0x00000868                __vector_4
 .text.__vector_5
                0x000008be       0x56 drivers/interrupts.o
                0x000008be                __vector_5
 .text.__vector_6
                0x00000914       0x56 drivers/interrupts.o
                0x00000914                __vector_6
 .text.__vector_7
                0x0000096a       0x56 drivers/interrupts.o
                0x0000096a                __vector_7
 .text.__vector_8
                0x000009c0       0x56 drivers/interrupts.o
                0x000009c0                __vector_8
 .text.enablePinChangeInterruptHelper
                0x00000a16       0x90 drivers/pinChangeInterrupts.o
                0x00000a16                enablePinChangeInterruptHelper
 .text.attachPinChangeInterrupt
                0x00000aa6      0x1ae drivers/pinChangeInterrupts.o
                0x00000aa6                attachPinChangeInterrupt
 .text.PinChangeInterruptEventPCINT0
                0x00000c54        0xc drivers/pinChangeInterrupts.o
                0x00000c54                PinChangeInterruptEventPCINT0
 .text.PinChangeInterruptEventPCINT1
                0x00000c60        0xc drivers/pinChangeInterrupts.o
                0x00000c60                PinChangeInterruptEventPCINT1
 .text.PinChangeInterruptEventPCINT2
                0x00000c6c        0xc drivers/pinChangeInterrupts.o
                0x00000c6c                PinChangeInterruptEventPCINT2
 .text.PinChangeInterruptEventPCINT3
                0x00000c78        0xc drivers/pinChangeInterrupts.o
                0x00000c78                PinChangeInterruptEventPCINT3
 .text.PinChangeInterruptEventPCINT4
                0x00000c84        0xc drivers/pinChangeInterrupts.o
                0x00000c84                PinChangeInterruptEventPCINT4
 .text.PinChangeInterruptEventPCINT5
                0x00000c90        0xc drivers/pinChangeInterrupts.o
                0x00000c90                PinChangeInterruptEventPCINT5
 .text.PinChangeInterruptEventPCINT6
                0x00000c9c        0xc drivers/pinChangeInterrupts.o
                0x00000c9c                PinChangeInterruptEventPCINT6
 .text.PinChangeInterruptEventPCINT7
                0x00000ca8        0xc drivers/pinChangeInterrupts.o
                0x00000ca8                PinChangeInterruptEventPCINT7
 .text.__vector_9
                0x00000cb4       0x90 drivers/pinChangeInterrupts.o
                0x00000cb4                __vector_9
 .text.PinChangeInterruptEventPCINT8
                0x00000d44        0xc drivers/pinChangeInterrupts.o
                0x00000d44                PinChangeInterruptEventPCINT8
 .text.PinChangeInterruptEventPCINT9
                0x00000d50        0xc drivers/pinChangeInterrupts.o
                0x00000d50                PinChangeInterruptEventPCINT9
 .text.PinChangeInterruptEventPCINT10
                0x00000d5c        0xc drivers/pinChangeInterrupts.o
                0x00000d5c                PinChangeInterruptEventPCINT10
 .text.PinChangeInterruptEventPCINT11
                0x00000d68        0xc drivers/pinChangeInterrupts.o
                0x00000d68                PinChangeInterruptEventPCINT11
 .text.PinChangeInterruptEventPCINT12
                0x00000d74        0xc drivers/pinChangeInterrupts.o
                0x00000d74                PinChangeInterruptEventPCINT12
 .text.PinChangeInterruptEventPCINT13
                0x00000d80        0xc drivers/pinChangeInterrupts.o
                0x00000d80                PinChangeInterruptEventPCINT13
 .text.PinChangeInterruptEventPCINT14
                0x00000d8c        0xc drivers/pinChangeInterrupts.o
                0x00000d8c                PinChangeInterruptEventPCINT14
 .text.PinChangeInterruptEventPCINT15
                0x00000d98        0xc drivers/pinChangeInterrupts.o
                0x00000d98                PinChangeInterruptEventPCINT15
 .text.__vector_10
                0x00000da4       0x9a drivers/pinChangeInterrupts.o
                0x00000da4                __vector_10
 .text.PinChangeInterruptEventPCINT16
                0x00000e3e        0xc drivers/pinChangeInterrupts.o
                0x00000e3e                PinChangeInterruptEventPCINT16
 .text.PinChangeInterruptEventPCINT17
                0x00000e4a        0xc drivers/pinChangeInterrupts.o
                0x00000e4a                PinChangeInterruptEventPCINT17
 .text.PinChangeInterruptEventPCINT18
                0x00000e56        0xc drivers/pinChangeInterrupts.o
                0x00000e56                PinChangeInterruptEventPCINT18
 .text.PinChangeInterruptEventPCINT19
                0x00000e62        0xc drivers/pinChangeInterrupts.o
                0x00000e62                PinChangeInterruptEventPCINT19
 .text.PinChangeInterruptEventPCINT20
                0x00000e6e        0xc drivers/pinChangeInterrupts.o
                0x00000e6e                PinChangeInterruptEventPCINT20
 .text.PinChangeInterruptEventPCINT21
                0x00000e7a        0xc drivers/pinChangeInterrupts.o
                0x00000e7a                PinChangeInterruptEventPCINT21
 .text.PinChangeInterruptEventPCINT22
                0x00000e86        0xc drivers/pinChangeInterrupts.o
                0x00000e86                PinChangeInterruptEventPCINT22
 .text.PinChangeInterruptEventPCINT23
                0x00000e92        0xc drivers/pinChangeInterrupts.o
                0x00000e92                PinChangeInterruptEventPCINT23
 .text.__vector_11
                0x00000e9e       0x92 drivers/pinChangeInterrupts.o
                0x00000e9e                __vector_11
 .text.pwm_init
                0x00000f30       0x80 drivers/pwm.o
                0x00000f30                pwm_init
 .text.analogWrite
                0x00000fb0      0x18c drivers/pwm.o
                0x00000fb0                analogWrite
 .text.millis_init
                0x0000113c       0x26 drivers/timer0_millis.o
                0x0000113c                millis_init
 .text.__vector_23
                0x00001162       0x94 drivers/timer0_millis.o
                0x00001162                __vector_23
 .text.disableTimer
                0x000011f6       0x74 drivers/timers.o
                0x000011f6                disableTimer
 .text.__vector_32
                0x0000126a       0xd0 drivers/timers.o
                0x0000126a                __vector_32
 .text.sdDetected
                0x0000133a        0xc main.o
                0x0000133a                sdDetected
 .text.Button1  0x00001346        0x6 main.o
                0x00001346                Button1
 .text.Button2  0x0000134c        0x6 main.o
                0x0000134c                Button2
 .text.Button3  0x00001352        0x6 main.o
                0x00001352                Button3
 .text.main     0x00001358       0x6a main.o
                0x00001358                main
 .text.libgcc   0x000013c2       0x10 c:/program files (x86)/atmel/studio/7.0/toolchain/avr8/avr8-gnu-toolchain/bin/../lib/gcc/avr/5.4.0/avr6\libgcc.a(_tablejump2.o)
                0x000013c2                __tablejump2__
                0x000013d2                . = ALIGN (0x2)
 *(.fini9)
 .fini9         0x000013d2        0x0 c:/program files (x86)/atmel/studio/7.0/toolchain/avr8/avr8-gnu-toolchain/bin/../lib/gcc/avr/5.4.0/avr6\libgcc.a(_exit.o)
                0x000013d2                _exit
                0x000013d2                exit
 *(.fini9)
 *(.fini8)
 *(.fini8)
 *(.fini7)
 *(.fini7)
 *(.fini6)
 *(.fini6)
 *(.fini5)
 *(.fini5)
 *(.fini4)
 *(.fini4)
 *(.fini3)
 *(.fini3)
 *(.fini2)
 *(.fini2)
 *(.fini1)
 *(.fini1)
 *(.fini0)
 .fini0         0x000013d2        0x4 c:/program files (x86)/atmel/studio/7.0/toolchain/avr8/avr8-gnu-toolchain/bin/../lib/gcc/avr/5.4.0/avr6\libgcc.a(_exit.o)
 *(.fini0)
                0x000013d6                _etext = .

.data           0x00800200       0x2e load address 0x000013d6
                0x00800200                PROVIDE (__data_start, .)
 *(.data)
 *(.data*)
 .data.intFunc  0x00800200       0x10 drivers/interrupts.o
 *(.gnu.linkonce.d*)
 *(.rodata)
 *(.rodata*)
 .rodata.str1.1
                0x00800210       0x1d main.o
 *(.gnu.linkonce.r*)
                0x0080022e                . = ALIGN (0x2)
 *fill*         0x0080022d        0x1 
                0x0080022e                _edata = .
                0x0080022e                PROVIDE (__data_end, .)

.bss            0x0080022e       0x7d
                0x0080022e                PROVIDE (__bss_start, .)
 *(.bss)
 *(.bss*)
 .bss.risingPorts
                0x0080022e        0x3 drivers/pinChangeInterrupts.o
                0x0080022e                risingPorts
 .bss.fallingPorts
                0x00800231        0x3 drivers/pinChangeInterrupts.o
                0x00800231                fallingPorts
 .bss.oldPorts  0x00800234        0x3 drivers/pinChangeInterrupts.o
                0x00800234                oldPorts
 .bss.timer0_fract
                0x00800237        0x1 drivers/timer0_millis.o
 .bss.timer0_millis
                0x00800238        0x4 drivers/timer0_millis.o
                0x00800238                timer0_millis
 .bss.timer0_overflow_count
                0x0080023c        0x4 drivers/timer0_millis.o
                0x0080023c                timer0_overflow_count
 *(COMMON)
 COMMON         0x00800240       0x11 bsp/lcd/lcd.o
                0x00800240                _row_offsets
                0x00800244                _displaycontrol
                0x00800245                _numlines
                0x00800246                _data_pins
                0x0080024e                _displaymode
                0x0080024f                _displayfunction
                0x00800250                _initialized
 COMMON         0x00800251       0x30 drivers/pinChangeInterrupts.o
                0x00800251                callbackPCINT0
                0x00800253                callbackPCINT18
                0x00800255                callbackPCINT21
                0x00800257                callbackPCINT1
                0x00800259                callbackPCINT7
                0x0080025b                callbackPCINT16
                0x0080025d                callbackPCINT19
                0x0080025f                callbackPCINT9
                0x00800261                callbackPCINT23
                0x00800263                callbackPCINT11
                0x00800265                callbackPCINT6
                0x00800267                callbackPCINT8
                0x00800269                callbackPCINT2
                0x0080026b                callbackPCINT4
                0x0080026d                callbackPCINT14
                0x0080026f                callbackPCINT13
                0x00800271                callbackPCINT10
                0x00800273                callbackPCINT17
                0x00800275                callbackPCINT5
                0x00800277                callbackPCINT22
                0x00800279                callbackPCINT15
                0x0080027b                callbackPCINT3
                0x0080027d                callbackPCINT12
                0x0080027f                callbackPCINT20
 COMMON         0x00800281       0x2a drivers/timers.o
                0x00800281                timer0_pin_mask
                0x00800282                timer3_pin_mask
                0x00800283                timer5_toggle_count
                0x00800287                timer2_pin_port
                0x00800289                timer4_pin_mask
                0x0080028a                timer3_pin_port
                0x0080028c                timer4_toggle_count
                0x00800290                timer3_toggle_count
                0x00800294                timer2_pin_mask
                0x00800295                timer5_pin_port
                0x00800297                timer4_pin_port
                0x00800299                timer0_pin_port
                0x0080029b                timer1_toggle_count
                0x0080029f                timer1_pin_mask
                0x008002a0                timer1_pin_port
                0x008002a2                timer0_toggle_count
                0x008002a6                timer5_pin_mask
                0x008002a7                timer2_toggle_count
                0x008002ab                PROVIDE (__bss_end, .)
                0x000013d6                __data_load_start = LOADADDR (.data)
                0x00001404                __data_load_end = (__data_load_start + SIZEOF (.data))

.noinit         0x008002ab        0x0
                [!provide]                PROVIDE (__noinit_start, .)
 *(.noinit*)
                [!provide]                PROVIDE (__noinit_end, .)
                0x008002ab                _end = .
                [!provide]                PROVIDE (__heap_start, .)

.eeprom         0x00810000        0x0
 *(.eeprom*)
                0x00810000                __eeprom_end = .

.fuse
 *(.fuse)
 *(.lfuse)
 *(.hfuse)
 *(.efuse)

.lock
 *(.lock*)

.signature
 *(.signature*)

.user_signatures
 *(.user_signatures*)

.stab
 *(.stab)

.stabstr
 *(.stabstr)

.stab.excl
 *(.stab.excl)

.stab.exclstr
 *(.stab.exclstr)

.stab.index
 *(.stab.index)

.stab.indexstr
 *(.stab.indexstr)

.comment        0x00000000       0x30
 *(.comment)
 .comment       0x00000000       0x30 bsp/lcd/lcd.o
                                 0x31 (size before relaxing)
 .comment       0x00000030       0x31 drivers/gpio.o
 .comment       0x00000030       0x31 drivers/interrupts.o
 .comment       0x00000030       0x31 drivers/pinChangeInterrupts.o
 .comment       0x00000030       0x31 drivers/pwm.o
 .comment       0x00000030       0x31 drivers/timer0_millis.o
 .comment       0x00000030       0x31 drivers/pins_2560.o
 .comment       0x00000030       0x31 drivers/timers.o
 .comment       0x00000030       0x31 main.o

.note.gnu.avr.deviceinfo
                0x00000000       0x40
 .note.gnu.avr.deviceinfo
                0x00000000       0x40 C:/Program Files (x86)/Atmel/Studio/7.0/Packs/atmel/ATmega_DFP/1.3.300/gcc/dev/atmega2560/avr6/crtatmega2560.o

.note.gnu.build-id
 *(.note.gnu.build-id)

.debug
 *(.debug)

.line
 *(.line)

.debug_srcinfo
 *(.debug_srcinfo)

.debug_sfnames
 *(.debug_sfnames)

.debug_aranges  0x00000000      0x3a8
 *(.debug_aranges)
 .debug_aranges
                0x00000000       0xe8 bsp/lcd/lcd.o
 .debug_aranges
                0x000000e8       0x38 drivers/gpio.o
 .debug_aranges
                0x00000120       0x70 drivers/interrupts.o
 .debug_aranges
                0x00000190      0x118 drivers/pinChangeInterrupts.o
 .debug_aranges
                0x000002a8       0x28 drivers/pwm.o
 .debug_aranges
                0x000002d0       0x48 drivers/timer0_millis.o
 .debug_aranges
                0x00000318       0x18 drivers/pins_2560.o
 .debug_aranges
                0x00000330       0x38 drivers/timers.o
 .debug_aranges
                0x00000368       0x40 main.o

.debug_pubnames
 *(.debug_pubnames)

.debug_info     0x00000000     0x3bb5
 *(.debug_info .gnu.linkonce.wi.*)
 .debug_info    0x00000000      0xbbc C:/Program Files (x86)/Atmel/Studio/7.0/Packs/atmel/ATmega_DFP/1.3.300/gcc/dev/atmega2560/avr6/crtatmega2560.o
 .debug_info    0x00000bbc      0xb05 bsp/lcd/lcd.o
 .debug_info    0x000016c1      0x573 drivers/gpio.o
 .debug_info    0x00001c34      0x24c drivers/interrupts.o
 .debug_info    0x00001e80      0x960 drivers/pinChangeInterrupts.o
 .debug_info    0x000027e0      0x209 drivers/pwm.o
 .debug_info    0x000029e9      0x25d drivers/timer0_millis.o
 .debug_info    0x00002c46      0x183 drivers/pins_2560.o
 .debug_info    0x00002dc9      0x9c3 drivers/timers.o
 .debug_info    0x0000378c      0x429 main.o

.debug_abbrev   0x00000000     0x1871
 *(.debug_abbrev)
 .debug_abbrev  0x00000000      0xb1a C:/Program Files (x86)/Atmel/Studio/7.0/Packs/atmel/ATmega_DFP/1.3.300/gcc/dev/atmega2560/avr6/crtatmega2560.o
 .debug_abbrev  0x00000b1a      0x27f bsp/lcd/lcd.o
 .debug_abbrev  0x00000d99      0x174 drivers/gpio.o
 .debug_abbrev  0x00000f0d      0x10d drivers/interrupts.o
 .debug_abbrev  0x0000101a      0x1bf drivers/pinChangeInterrupts.o
 .debug_abbrev  0x000011d9      0x135 drivers/pwm.o
 .debug_abbrev  0x0000130e      0x157 drivers/timer0_millis.o
 .debug_abbrev  0x00001465       0x9d drivers/pins_2560.o
 .debug_abbrev  0x00001502      0x251 drivers/timers.o
 .debug_abbrev  0x00001753      0x11e main.o

.debug_line     0x00000000     0x2277
 *(.debug_line .debug_line.* .debug_line_end)
 .debug_line    0x00000000      0x1f9 C:/Program Files (x86)/Atmel/Studio/7.0/Packs/atmel/ATmega_DFP/1.3.300/gcc/dev/atmega2560/avr6/crtatmega2560.o
 .debug_line    0x000001f9      0x689 bsp/lcd/lcd.o
 .debug_line    0x00000882      0x20c drivers/gpio.o
 .debug_line    0x00000a8e      0x2ad drivers/interrupts.o
 .debug_line    0x00000d3b      0x906 drivers/pinChangeInterrupts.o
 .debug_line    0x00001641      0x28b drivers/pwm.o
 .debug_line    0x000018cc      0x237 drivers/timer0_millis.o
 .debug_line    0x00001b03       0xbb drivers/pins_2560.o
 .debug_line    0x00001bbe      0x51c drivers/timers.o
 .debug_line    0x000020da      0x19d main.o

.debug_frame    0x00000000      0xaa0
 *(.debug_frame)
 .debug_frame   0x00000000      0x1fc bsp/lcd/lcd.o
 .debug_frame   0x000001fc       0x60 drivers/gpio.o
 .debug_frame   0x0000025c      0x304 drivers/interrupts.o
 .debug_frame   0x00000560      0x2f8 drivers/pinChangeInterrupts.o
 .debug_frame   0x00000858       0x44 drivers/pwm.o
 .debug_frame   0x0000089c       0xc4 drivers/timer0_millis.o
 .debug_frame   0x00000960       0xdc drivers/timers.o
 .debug_frame   0x00000a3c       0x64 main.o

.debug_str      0x00000000     0x11a9
 *(.debug_str)
 .debug_str     0x00000000      0x3e6 C:/Program Files (x86)/Atmel/Studio/7.0/Packs/atmel/ATmega_DFP/1.3.300/gcc/dev/atmega2560/avr6/crtatmega2560.o
 .debug_str     0x000003e6      0x392 bsp/lcd/lcd.o
                                0x3d0 (size before relaxing)
 .debug_str     0x00000778       0xe5 drivers/gpio.o
                                0x252 (size before relaxing)
 .debug_str     0x0000085d       0xc6 drivers/interrupts.o
                                0x25a (size before relaxing)
 .debug_str     0x00000923      0x5b7 drivers/pinChangeInterrupts.o
                                0x754 (size before relaxing)
 .debug_str     0x00000eda       0x26 drivers/pwm.o
                                0x1f6 (size before relaxing)
 .debug_str     0x00000f00       0x71 drivers/timer0_millis.o
                                0x22a (size before relaxing)
 .debug_str     0x00000f71       0x17 drivers/pins_2560.o
                                0x219 (size before relaxing)
 .debug_str     0x00000f88      0x1c8 drivers/timers.o
                                0x3db (size before relaxing)
 .debug_str     0x00001150       0x59 main.o
                                0x267 (size before relaxing)

.debug_loc      0x00000000     0x29be
 *(.debug_loc)
 .debug_loc     0x00000000      0x81b bsp/lcd/lcd.o
 .debug_loc     0x0000081b      0x355 drivers/gpio.o
 .debug_loc     0x00000b70      0x79a drivers/interrupts.o
 .debug_loc     0x0000130a      0x835 drivers/pinChangeInterrupts.o
 .debug_loc     0x00001b3f       0xbc drivers/pwm.o
 .debug_loc     0x00001bfb      0x24a drivers/timer0_millis.o
 .debug_loc     0x00001e45      0xb79 drivers/timers.o

.debug_macinfo
 *(.debug_macinfo)

.debug_weaknames
 *(.debug_weaknames)

.debug_funcnames
 *(.debug_funcnames)

.debug_typenames
 *(.debug_typenames)

.debug_varnames
 *(.debug_varnames)

.debug_pubtypes
 *(.debug_pubtypes)

.debug_ranges   0x00000000      0x350
 *(.debug_ranges)
 .debug_ranges  0x00000000       0xd8 bsp/lcd/lcd.o
 .debug_ranges  0x000000d8       0x28 drivers/gpio.o
 .debug_ranges  0x00000100       0x60 drivers/interrupts.o
 .debug_ranges  0x00000160      0x108 drivers/pinChangeInterrupts.o
 .debug_ranges  0x00000268       0x18 drivers/pwm.o
 .debug_ranges  0x00000280       0x38 drivers/timer0_millis.o
 .debug_ranges  0x000002b8       0x68 drivers/timers.o
 .debug_ranges  0x00000320       0x30 main.o

.debug_macro
 *(.debug_macro)
OUTPUT(TK2560.elf elf32-avr)
LOAD linker stubs
